
Allocating common symbols
Common symbol       size              file

__gnu_lto_v1        0x1               build/sensorplatform/receiver/release/sys/init.o

Discarded input sections

 .group         0x00000000        0x8 build/sensorplatform/receiver/release/sys/init.o
 .group         0x00000000        0x8 build/sensorplatform/receiver/release/sys/init.o
 .group         0x00000000        0x8 build/sensorplatform/receiver/release/sys/init.o
 .group         0x00000000        0x8 build/sensorplatform/receiver/release/sys/init.o
 .group         0x00000000        0x8 build/sensorplatform/receiver/release/sys/init.o
 .group         0x00000000        0x8 build/sensorplatform/receiver/release/sys/init.o
 .group         0x00000000        0x8 build/sensorplatform/receiver/release/sys/init.o
 .group         0x00000000        0x8 build/sensorplatform/receiver/release/sys/init.o
 .group         0x00000000        0x8 build/sensorplatform/receiver/release/sys/init.o
 .group         0x00000000        0x8 build/sensorplatform/receiver/release/sys/init.o
 .group         0x00000000        0x8 build/sensorplatform/receiver/release/sys/init.o
 .group         0x00000000        0x8 build/sensorplatform/receiver/release/sys/init.o
 .group         0x00000000        0x8 build/sensorplatform/receiver/release/sys/init.o
 .group         0x00000000        0x8 build/sensorplatform/receiver/release/sys/init.o
 .text          0x00000000        0x0 build/sensorplatform/receiver/release/sys/init.o
 .data          0x00000000        0x0 build/sensorplatform/receiver/release/sys/init.o
 .bss           0x00000000        0x0 build/sensorplatform/receiver/release/sys/init.o
 .gnu.lto_.jmpfuncs.38bb45ee
                0x00000000       0x15 build/sensorplatform/receiver/release/sys/init.o
 .gnu.lto_.inline.38bb45ee
                0x00000000       0x2c build/sensorplatform/receiver/release/sys/init.o
 .gnu.lto_.pureconst.38bb45ee
                0x00000000       0x12 build/sensorplatform/receiver/release/sys/init.o
 .gnu.lto_sys_init.38bb45ee
                0x00000000      0x166 build/sensorplatform/receiver/release/sys/init.o
 .gnu.lto_.symbol_nodes.38bb45ee
                0x00000000       0x41 build/sensorplatform/receiver/release/sys/init.o
 .gnu.lto_.refs.38bb45ee
                0x00000000       0x16 build/sensorplatform/receiver/release/sys/init.o
 .gnu.lto_.decls.38bb45ee
                0x00000000      0x18e build/sensorplatform/receiver/release/sys/init.o
 .gnu.lto_.symtab.38bb45ee
                0x00000000       0x66 build/sensorplatform/receiver/release/sys/init.o
 .gnu.lto_.opts
                0x00000000       0xe1 build/sensorplatform/receiver/release/sys/init.o
 COMMON         0x00000000        0x1 build/sensorplatform/receiver/release/sys/init.o
 .group         0x00000000        0x8 build/sensorplatform/receiver/release/sys/util.o
 .group         0x00000000        0x8 build/sensorplatform/receiver/release/sys/util.o
 .group         0x00000000        0x8 build/sensorplatform/receiver/release/sys/util.o
 .group         0x00000000        0x8 build/sensorplatform/receiver/release/sys/util.o
 .group         0x00000000        0x8 build/sensorplatform/receiver/release/sys/util.o
 .group         0x00000000        0x8 build/sensorplatform/receiver/release/sys/util.o
 .group         0x00000000        0x8 build/sensorplatform/receiver/release/sys/util.o
 .group         0x00000000        0x8 build/sensorplatform/receiver/release/sys/util.o
 .group         0x00000000        0x8 build/sensorplatform/receiver/release/sys/util.o
 .group         0x00000000        0x8 build/sensorplatform/receiver/release/sys/util.o
 .group         0x00000000        0x8 build/sensorplatform/receiver/release/sys/util.o
 .group         0x00000000        0x8 build/sensorplatform/receiver/release/sys/util.o
 .group         0x00000000        0x8 build/sensorplatform/receiver/release/sys/util.o
 .group         0x00000000        0x8 build/sensorplatform/receiver/release/sys/util.o
 .group         0x00000000        0x8 build/sensorplatform/receiver/release/sys/util.o
 .text          0x00000000        0x0 build/sensorplatform/receiver/release/sys/util.o
 .data          0x00000000        0x0 build/sensorplatform/receiver/release/sys/util.o
 .bss           0x00000000        0x0 build/sensorplatform/receiver/release/sys/util.o
 .gnu.lto_.jmpfuncs.38bb5eca
                0x00000000       0x4c build/sensorplatform/receiver/release/sys/util.o
 .gnu.lto_.inline.38bb5eca
                0x00000000      0x13c build/sensorplatform/receiver/release/sys/util.o
 .gnu.lto_.pureconst.38bb5eca
                0x00000000       0x3c build/sensorplatform/receiver/release/sys/util.o
 .gnu.lto_idle.38bb5eca
                0x00000000       0x76 build/sensorplatform/receiver/release/sys/util.o
 .gnu.lto_breakpoint.38bb5eca
                0x00000000       0x77 build/sensorplatform/receiver/release/sys/util.o
 .gnu.lto___aeabi_ldiv0.38bb5eca
[...]
Memory Configuration

Name             Origin             Length             Attributes
FLASH            0x08000000         0x00020000         xr
SRAM             0x20000000         0x00010000         xrw
*default*        0x00000000         0xffffffff

Linker script and memory map

                0x1fff7a10                _ZN5STM325CPUIDE = 0x1fff7a10
                0x00001000                _stack_size = 0x1000

.text           0x08000000     0x3278
                0x08000000                _text = .
 *(.vectors)
 .vectors       0x08000000      0x184 build/sensorplatform/receiver/release/cpu/arm/cortexm/vectors.o
                0x08000000                _irqvectors
 *(.text)
 *(.text.*)
 .text.sys_init
                0x08000184       0x24 build/sensorplatform/receiver/release/sys/init.o
                0x08000184                sys_init
 .text.hang     0x080001a8       0x10 build/sensorplatform/receiver/release/sys/util.o
                0x080001a8                __cxa_pure_virtual
                0x080001a8                powerdown
                0x080001a8                hang
 .text.clean_dcache
                0x080001b8        0x2 build/sensorplatform/receiver/release/sys/util.o
                0x080001b8                clean_dcache
 .text.invalidate_dcache
                0x080001ba        0x2 build/sensorplatform/receiver/release/sys/util.o
                0x080001ba                invalidate_dcache
 .text.udelay   0x080001bc       0x18 build/sensorplatform/receiver/release/sys/time.o
                0x080001bc                udelay
 .text._ZN3DMAL10onWithLockEv
                0x080001d4       0x2c build/sensorplatform/receiver/release/target/sensorplatform/receiver/driver/dma.o
 .text._ZN3DMAL11offWithLockEv
                0x08000200       0x2c build/sensorplatform/receiver/release/target/sensorplatform/receiver/driver/dma.o
 .text._ZN3DMA4initEv
                0x0800022c        0x2 build/sensorplatform/receiver/release/target/sensorplatform/receiver/driver/dma.o
                0x0800022c                DMA::init()
 .text._ZN3DMA17setPeripheralAddrEPV25STM32_DMA_STREAM_REG_TYPEPVv
                0x0800022e       0x16 build/sensorplatform/receiver/release/target/sensorplatform/receiver/driver/dma.o
                0x0800022e                DMA::setPeripheralAddr(STM32_DMA_STREAM_REG_TYPE volatile*, void volatile*)
 .text._ZN3DMA13setFIFOConfigEPV25STM32_DMA_STREAM_REG_TYPEbi
                0x08000244       0x22 build/sensorplatform/receiver/release/target/sensorplatform/receiver/driver/dma.o
                0x08000244                DMA::setFIFOConfig(STM32_DMA_STREAM_REG_TYPE volatile*, bool, int)
 *fill*         0x08000266        0x2 
 .text._ZN3DMA21startTransferFromPri0EPV25STM32_DMA_STREAM_REG_TYPENS_6ConfigEPvj
                0x08000268       0x34 build/sensorplatform/receiver/release/target/sensorplatform/receiver/driver/dma.o
                0x08000268                DMA::startTransferFromPri0(STM32_DMA_STREAM_REG_TYPE volatile*, DMA::Config, void*, unsigned int)
 .text._ZN3DMA16clearIRQFromPri0Eii
                0x0800029c       0x50 build/sensorplatform/receiver/release/target/sensorplatform/receiver/driver/dma.o
                0x0800029c                DMA::clearIRQFromPri0(int, int)
 .text._ZN3DMA22cancelTransferFromPri0EPV25STM32_DMA_STREAM_REG_TYPEii
                0x080002ec        0xe build/sensorplatform/receiver/release/target/sensorplatform/receiver/driver/dma.o
                0x080002ec                DMA::cancelTransferFromPri0(STM32_DMA_STREAM_REG_TYPE volatile*, int, int)
 .text._ZN3SPI4initEPV18STM32_SPI_REG_TYPE
                0x080002fa       0x14 build/sensorplatform/receiver/release/target/sensorplatform/receiver/driver/spi.o
                0x080002fa                SPI::init(STM32_SPI_REG_TYPE volatile*)
 .text._ZN3SPI12setFrequencyEPV18STM32_SPI_REG_TYPEh
                0x0800030e        0xe build/sensorplatform/receiver/release/target/sensorplatform/receiver/driver/spi.o
                0x0800030e                SPI::setFrequency(STM32_SPI_REG_TYPE volatile*, unsigned char)
 .text._ZN3SPI8pushByteEPV18STM32_SPI_REG_TYPEh
                0x0800031c        0xa build/sensorplatform/receiver/release/target/sensorplatform/receiver/driver/spi.o
                0x0800031c                SPI::pushByte(STM32_SPI_REG_TYPE volatile*, unsigned char)
 .text._ZN3SPI8pullByteEPV18STM32_SPI_REG_TYPE
                0x08000326        0xa build/sensorplatform/receiver/release/target/sensorplatform/receiver/driver/spi.o
                0x08000326                SPI::pullByte(STM32_SPI_REG_TYPE volatile*)
 .text._ZN3SPI8xferByteEPV18STM32_SPI_REG_TYPEh
                0x08000330       0x12 build/sensorplatform/receiver/release/target/sensorplatform/receiver/driver/spi.o
                0x08000330                SPI::xferByte(STM32_SPI_REG_TYPE volatile*, unsigned char)
 .text._ZN3SPI8waitDoneEPV18STM32_SPI_REG_TYPE
                0x08000342        0xa build/sensorplatform/receiver/release/target/sensorplatform/receiver/driver/spi.o
                0x08000342                SPI::waitDone(STM32_SPI_REG_TYPE volatile*)
 .text._ZN6Random4initEv
                0x0800034c       0x18 build/sensorplatform/receiver/release/target/sensorplatform/receiver/driver/random.o
                0x0800034c                Random::init()
 .text.startup.main
                0x08000364       0x44 build/sensorplatform/receiver/release/target/sensorplatform/receiver/main.o
                0x08000364                main
 .text._ZN3IRQ4initEv
                0x080003a8       0x46 build/sensorplatform/receiver/release/target/sensorplatform/receiver/irq.o
                0x080003a8                IRQ::init()
 .text._ZN3IRQ14enableRadioIRQEb
                0x080003ee        0x8 build/sensorplatform/receiver/release/target/sensorplatform/receiver/irq.o
                0x080003ee                IRQ::enableRadioIRQ(bool)
 .text._ZN3IRQ19enableRadioTimerIRQEb
                0x080003f6        0x8 build/sensorplatform/receiver/release/target/sensorplatform/receiver/irq.o
                0x080003f6                IRQ::enableRadioTimerIRQ(bool)
 .text._ZN3IRQ18enableRadioDMAIRQsEb
                0x080003fe       0x18 build/sensorplatform/receiver/release/target/sensorplatform/receiver/irq.o
                0x080003fe                IRQ::enableRadioDMAIRQs(bool)
 .text._ZN3IRQ18clearRadioTimerIRQEv
                0x08000416        0x6 build/sensorplatform/receiver/release/target/sensorplatform/receiver/irq.o
                0x08000416                IRQ::clearRadioTimerIRQ()
 .text._ZN3IRQ10setPendingENS_9DPCNumberE
                0x0800041c       0x18 build/sensorplatform/receiver/release/target/sensorplatform/receiver/irq.o
                0x0800041c                IRQ::setPending(IRQ::DPCNumber)
 .text.dma1_stream3_irqhandler
                0x08000434       0x12 build/sensorplatform/receiver/release/target/sensorplatform/receiver/irq.o
                0x08000434                dma1_stream3_irqhandler
 .text.dma1_stream4_irqhandler
                0x08000446       0x12 build/sensorplatform/receiver/release/target/sensorplatform/receiver/irq.o
                0x08000446                dma1_stream4_irqhandler
 .text.exti4_irqhandler
                0x08000458        0x4 build/sensorplatform/receiver/release/target/sensorplatform/receiver/irq.o
                0x08000458                exti4_irqhandler
 .text.tim7_irqhandler
                0x0800045c        0x4 build/sensorplatform/receiver/release/target/sensorplatform/receiver/irq.o
                0x0800045c                tim7_irqhandler
 .text.PendSV_faulthandler
                0x08000460       0x14 build/sensorplatform/receiver/release/target/sensorplatform/receiver/irq.o
                0x08000460                PendSV_faulthandler
 .text._ZN3Hub16dpcHandlePacketsEv
                0x08000474      0x1cc build/sensorplatform/receiver/release/target/sensorplatform/receiver/hub.o
                0x08000474                Hub::dpcHandlePackets()
 .text._ZN5RadioL15setNodePriorityEiNS_12NodePriorityE
                0x08000640       0x90 build/sensorplatform/receiver/release/target/sensorplatform/receiver/radio.o
 .text._ZN5RadioL22prepareNextDummyPacketEv
                0x080006d0       0x68 build/sensorplatform/receiver/release/target/sensorplatform/receiver/radio.o
 .text._ZN5RadioL8writeRegEhh
                0x08000738       0x44 build/sensorplatform/receiver/release/target/sensorplatform/receiver/radio.o
 .text._ZN5RadioL17startPacketUploadEPvj
                0x0800077c       0x50 build/sensorplatform/receiver/release/target/sensorplatform/receiver/radio.o
 .text._ZN5RadioL7sendCmdEh
                0x080007cc       0x28 build/sensorplatform/receiver/release/target/sensorplatform/receiver/radio.o
 .text._ZN5RadioL14trySendCommandEv
                0x080007f4       0x68 build/sensorplatform/receiver/release/target/sensorplatform/receiver/radio.o
 .text._ZN5RadioL13checkReceivedENS_5StateEi
                0x0800085c      0x30c build/sensorplatform/receiver/release/target/sensorplatform/receiver/radio.o
 .text._ZN5RadioL11switchToPTXEv
                0x08000b68       0x64 build/sensorplatform/receiver/release/target/sensorplatform/receiver/radio.o
 .text._ZN5Radio9timerTickEv
                0x08000bcc       0x4c build/sensorplatform/receiver/release/target/sensorplatform/receiver/radio.o
                0x08000bcc                Radio::timerTick()
 .text._ZN5Radio21handleRXDMACompletionEv
                0x08000c18      0x14c build/sensorplatform/receiver/release/target/sensorplatform/receiver/radio.o
                0x08000c18                Radio::handleRXDMACompletion()
 .text._ZN5Radio21handleTXDMACompletionEv
                0x08000d64       0xd8 build/sensorplatform/receiver/release/target/sensorplatform/receiver/radio.o
                0x08000d64                Radio::handleTXDMACompletion()
 .text._ZN5Radio9handleIRQEv
                0x08000e3c      0x24c build/sensorplatform/receiver/release/target/sensorplatform/receiver/radio.o
                0x08000e3c                Radio::handleIRQ()
 .text._ZN5Radio4initEv
                0x08001088       0x6c build/sensorplatform/receiver/release/target/sensorplatform/receiver/radio.o
                0x08001088                Radio::init()
 .text._ZN5Radio8shutdownEv
                0x080010f4       0x60 build/sensorplatform/receiver/release/target/sensorplatform/receiver/radio.o
                0x080010f4                Radio::shutdown()
 .text._ZN5Radio9configureEPN2RF25ExtendedChannelAttributesE
                0x08001154      0x2a4 build/sensorplatform/receiver/release/target/sensorplatform/receiver/radio.o
                0x08001154                Radio::configure(RF::ExtendedChannelAttributes*)
 .text._ZN5Radio16getCommandBufferEv
                0x080013f8       0x28 build/sensorplatform/receiver/release/target/sensorplatform/receiver/radio.o
                0x080013f8                Radio::getCommandBuffer()
 .text._ZN5Radio14enqueueCommandEh
                0x08001420       0x1c build/sensorplatform/receiver/release/target/sensorplatform/receiver/radio.o
                0x08001420                Radio::enqueueCommand(unsigned char)
 .text._ZN5Radio15getNextRxPacketEv
                0x0800143c       0x24 build/sensorplatform/receiver/release/target/sensorplatform/receiver/radio.o
                0x0800143c                Radio::getNextRxPacket()
 .text._ZN5Radio15releaseRxPacketEv
                0x08001460       0x10 build/sensorplatform/receiver/release/target/sensorplatform/receiver/radio.o
                0x08001460                Radio::releaseRxPacket()
 .text._ZN3USB17ReceiverInterface18ReceiverAltsetting15DataOutEndpoint11ctrlRequestEPNS_3USBEPNS_11SetupPacketEPPKv
                0x08001470        0x6 build/sensorplatform/receiver/release/target/sensorplatform/receiver/usb.o
                0x08001470                USB::ReceiverInterface::ReceiverAltsetting::DataOutEndpoint::ctrlRequest(USB::USB*, USB::SetupPacket*, void const**)
 .text._ZN3USB17ReceiverInterface18ReceiverAltsetting15DataOutEndpoint13setupReceivedEPNS_3USBEm
                0x08001476        0x2 build/sensorplatform/receiver/release/target/sensorplatform/receiver/usb.o
                0x08001476                USB::ReceiverInterface::ReceiverAltsetting::DataOutEndpoint::setupReceived(USB::USB*, unsigned long)
 .text._ZN3USB17ReceiverInterface18ReceiverAltsetting14DataInEndpoint11ctrlRequestEPNS_3USBEPNS_11SetupPacketEPPKv
                0x08001478        0x6 build/sensorplatform/receiver/release/target/sensorplatform/receiver/usb.o
                0x08001478                USB::ReceiverInterface::ReceiverAltsetting::DataInEndpoint::ctrlRequest(USB::USB*, USB::SetupPacket*, void const**)
 .text._ZN3USB17ReceiverInterface18ReceiverAltsetting14DataInEndpoint13setupReceivedEPNS_3USBEm
                0x0800147e        0x2 build/sensorplatform/receiver/release/target/sensorplatform/receiver/usb.o
                0x0800147e                USB::ReceiverInterface::ReceiverAltsetting::DataInEndpoint::setupReceived(USB::USB*, unsigned long)
 .text._ZN3USB17ReceiverInterface18ReceiverAltsetting11ctrlRequestEPNS_3USBEPNS_11SetupPacketEPPKv
                0x08001480        0x6 build/sensorplatform/receiver/release/target/sensorplatform/receiver/usb.o
                0x08001480                USB::ReceiverInterface::ReceiverAltsetting::ctrlRequest(USB::USB*, USB::SetupPacket*, void const**)
 .text._ZN3USB17ReceiverInterface18ReceiverAltsetting5unsetEPNS_3USBE
                0x08001486       0x2a build/sensorplatform/receiver/release/target/sensorplatform/receiver/usb.o
                0x08001486                USB::ReceiverInterface::ReceiverAltsetting::unset(USB::USB*)
 .text._ZN3USB17MainConfiguration8busResetEPNS_3USBE
                0x080014b0        0x2 build/sensorplatform/receiver/release/target/sensorplatform/receiver/usb.o
                0x080014b0                USB::MainConfiguration::busReset(USB::USB*)
 .text._ZN3USB17MainConfiguration3setEPNS_3USBE
                0x080014b2        0x2 build/sensorplatform/receiver/release/target/sensorplatform/receiver/usb.o
                0x080014b2                USB::MainConfiguration::set(USB::USB*)
 .text._ZN3USB17MainConfiguration5unsetEPNS_3USBE
                0x080014b4        0x2 build/sensorplatform/receiver/release/target/sensorplatform/receiver/usb.o
                0x080014b4                USB::MainConfiguration::unset(USB::USB*)
 *fill*         0x080014b6        0x2 
 .text._ZN3USB8WCIDHook15ctrlRequestHookEPNS_3USBEPNS_11SetupPacketEPPKv
                0x080014b8       0x38 build/sensorplatform/receiver/release/target/sensorplatform/receiver/usb.o
                0x080014b8                USB::WCIDHook::ctrlRequestHook(USB::USB*, USB::SetupPacket*, void const**)
 .text._ZN3USB17ReceiverInterface18ReceiverAltsetting15DataOutEndpoint12xferCompleteEPNS_3USBEi
                0x080014f0       0x16 build/sensorplatform/receiver/release/target/sensorplatform/receiver/usb.o
                0x080014f0                USB::ReceiverInterface::ReceiverAltsetting::DataOutEndpoint::xferComplete(USB::USB*, int)
 .text._ZN3USB17ReceiverInterface18ReceiverAltsetting15DataOutEndpoint10tryStartRxEPNS_3USBE.part.0
                0x08001506       0x2c build/sensorplatform/receiver/release/target/sensorplatform/receiver/usb.o
 .text._ZN3USB17ReceiverInterface18ReceiverAltsetting14DataInEndpoint10tryStartTxEPNS_3USBE
                0x08001532       0x6c build/sensorplatform/receiver/release/target/sensorplatform/receiver/usb.o
                0x08001532                USB::ReceiverInterface::ReceiverAltsetting::DataInEndpoint::tryStartTx(USB::USB*)
 .text._ZN3USB17ReceiverInterface18ReceiverAltsetting14DataInEndpoint12xferCompleteEPNS_3USBEi
                0x0800159e       0x4a build/sensorplatform/receiver/release/target/sensorplatform/receiver/usb.o
                0x0800159e                USB::ReceiverInterface::ReceiverAltsetting::DataInEndpoint::xferComplete(USB::USB*, int)
 .text._ZN3USB17ReceiverInterface18ReceiverAltsetting3setEPNS_3USBE
                0x080015e8       0x50 build/sensorplatform/receiver/release/target/sensorplatform/receiver/usb.o
                0x080015e8                USB::ReceiverInterface::ReceiverAltsetting::set(USB::USB*)
 .text._ZN3USB17ReceiverInterfaceC2Eii
                0x08001638       0xa4 build/sensorplatform/receiver/release/target/sensorplatform/receiver/usb.o
                0x08001638                USB::ReceiverInterface::ReceiverInterface(int, int)
                0x08001638                USB::ReceiverInterface::ReceiverInterface(int, int)
 .text._ZN3USB5startEv
                0x080016dc        0xc build/sensorplatform/receiver/release/target/sensorplatform/receiver/usb.o
                0x080016dc                USB::start()
 .text._ZN3USB9getPacketEv
                0x080016e8       0x1c build/sensorplatform/receiver/release/target/sensorplatform/receiver/usb.o
                0x080016e8                USB::getPacket()
 .text._ZN3USB13markProcessedEv
                0x08001704       0x38 build/sensorplatform/receiver/release/target/sensorplatform/receiver/usb.o
                0x08001704                USB::markProcessed()
 .text._ZN3USB12getPacketBufEv
                0x0800173c       0x28 build/sensorplatform/receiver/release/target/sensorplatform/receiver/usb.o
                0x0800173c                USB::getPacketBuf()
 .text._ZN3USB12submitPacketEv
                0x08001764       0x14 build/sensorplatform/receiver/release/target/sensorplatform/receiver/usb.o
                0x08001764                USB::submitPacket()
 .text._ZN3USB10tryStartTxEv
                0x08001778       0x14 build/sensorplatform/receiver/release/target/sensorplatform/receiver/usb.o
                0x08001778                USB::tryStartTx()
 .text.startup._GLOBAL__sub_I__ZN3USB17MainConfiguration10descriptorE
                0x0800178c      0x124 build/sensorplatform/receiver/release/target/sensorplatform/receiver/usb.o
 .text._ZN5Timer5startEPV18STM32_TIM_REG_TYPEiii
                0x080018b0       0x2e build/sensorplatform/receiver/release/target/sensorplatform/common/driver/timer.o
                0x080018b0                Timer::start(STM32_TIM_REG_TYPE volatile*, int, int, int)
 .text._ZN5Timer4stopEPV18STM32_TIM_REG_TYPEi
                0x080018de       0x12 build/sensorplatform/receiver/release/target/sensorplatform/common/driver/timer.o
                0x080018de                Timer::stop(STM32_TIM_REG_TYPE volatile*, int)
 .text._ZN5Timer5resetEPV18STM32_TIM_REG_TYPE
                0x080018f0        0xe build/sensorplatform/receiver/release/target/sensorplatform/common/driver/timer.o
                0x080018f0                Timer::reset(STM32_TIM_REG_TYPE volatile*)
 .text._ZN5Timer14acknowledgeIRQEPV18STM32_TIM_REG_TYPE
                0x080018fe        0x8 build/sensorplatform/receiver/release/target/sensorplatform/common/driver/timer.o
                0x080018fe                Timer::acknowledgeIRQ(STM32_TIM_REG_TYPE volatile*)
 .text.time_init
                0x08001906       0x20 build/sensorplatform/receiver/release/target/sensorplatform/common/driver/timer.o
                0x08001906                time_init
 .text.read_usec_timer
                0x08001926        0x8 build/sensorplatform/receiver/release/target/sensorplatform/common/driver/timer.o
                0x08001926                read_usec_timer
 *fill*         0x0800192e        0x2 
 .text._ZN5STM323RCC4initEv
                0x08001930       0xd0 build/sensorplatform/receiver/release/soc/stm32/f2/rcc.o
                0x08001930                STM32::RCC::init()
 .text.clockgate_enable
                0x08001a00        0xc build/sensorplatform/receiver/release/soc/stm32/f2/rcc.o
                0x08001a00                clockgate_enable
 .text.clockgate_enable_getold
                0x08001a0c       0x30 build/sensorplatform/receiver/release/soc/stm32/f2/rcc.o
                0x08001a0c                clockgate_enable_getold
 .text._ZN5STM323USB15socEnableClocksEv
                0x08001a3c       0x18 build/sensorplatform/receiver/release/soc/stm32/f2/usb.o
                0x08001a3c                STM32::USB::socEnableClocks()
 .text._ZN5STM323USB16socDisableClocksEv
                0x08001a54       0x18 build/sensorplatform/receiver/release/soc/stm32/f2/usb.o
                0x08001a54                STM32::USB::socDisableClocks()
 .text._ZN5STM323USB12socEnableIrqEv
                0x08001a6c       0x20 build/sensorplatform/receiver/release/soc/stm32/f2/usb.o
                0x08001a6c                STM32::USB::socEnableIrq()
 .text._ZN5STM323USB13socDisableIrqEv
                0x08001a8c       0x14 build/sensorplatform/receiver/release/soc/stm32/f2/usb.o
                0x08001a8c                STM32::USB::socDisableIrq()
 .text._ZN5STM323USB11socClearIrqEv
                0x08001aa0       0x14 build/sensorplatform/receiver/release/soc/stm32/f2/usb.o
                0x08001aa0                STM32::USB::socClearIrq()
 .text._ZN5STM323USB9handleIrqENS_7UsbCoreE
                0x08001ab4       0x20 build/sensorplatform/receiver/release/soc/stm32/f2/usb.o
                0x08001ab4                STM32::USB::handleIrq(STM32::UsbCore)
 .text.otg_fs_irqhandler
                0x08001ad4        0x6 build/sensorplatform/receiver/release/soc/stm32/f2/usb.o
                0x08001ad4                otg_fs_irqhandler
 .text.otg_hs_irqhandler
                0x08001ada        0x6 build/sensorplatform/receiver/release/soc/stm32/f2/usb.o
                0x08001ada                otg_hs_irqhandler
 .text._Z11init_stage2v
                0x08001ae0       0x68 build/sensorplatform/receiver/release/soc/stm32/init.o
                0x08001ae0                init_stage2()
 .text.init     0x08001b48       0x24 build/sensorplatform/receiver/release/soc/stm32/init.o
                0x08001b48                init
 .text._ZN5STM323PWR4initEv
                0x08001b6c       0x28 build/sensorplatform/receiver/release/soc/stm32/pwr.o
                0x08001b6c                STM32::PWR::init()
 .text._ZN5STM325FLASH4initEv
                0x08001b94       0x14 build/sensorplatform/receiver/release/soc/stm32/flash.o
                0x08001b94                STM32::FLASH::init()
 .text._ZN5STM326SYSCFG4initEv
                0x08001ba8       0x20 build/sensorplatform/receiver/release/soc/stm32/syscfg.o
                0x08001ba8                STM32::SYSCFG::init()
 .text._ZNK5STM324GPIO13PinController12getLevelFastEj
                0x08001bc8       0x18 build/sensorplatform/receiver/release/soc/stm32/gpio.o
                0x08001bc8                STM32::GPIO::PinController::getLevelFast(unsigned int) const
 .text._ZNK5STM324GPIO13PinController12setLevelFastEjb
                0x08001be0       0x1a build/sensorplatform/receiver/release/soc/stm32/gpio.o
                0x08001be0                STM32::GPIO::PinController::setLevelFast(unsigned int, bool) const
 .text._ZNK5STM324GPIO13PinController8getLevelEj
                0x08001bfa       0x2e build/sensorplatform/receiver/release/soc/stm32/gpio.o
                0x08001bfa                STM32::GPIO::PinController::getLevel(unsigned int) const
 .text._ZNK5STM324GPIO13PinController8setLevelEjb
                0x08001c28       0x32 build/sensorplatform/receiver/release/soc/stm32/gpio.o
                0x08001c28                STM32::GPIO::PinController::setLevel(unsigned int, bool) const
 .text._ZN5STM32L13gpio_set_bitsEPVmjmj
                0x08001c5a       0x48 build/sensorplatform/receiver/release/soc/stm32/gpio.o
 *fill*         0x08001ca2        0x2 
 .text._ZNK5STM324GPIO13PinController7setModeEjN4GPIO4modeE
                0x08001ca4        0xc build/sensorplatform/receiver/release/soc/stm32/gpio.o
                0x08001ca4                STM32::GPIO::PinController::setMode(unsigned int, GPIO::mode) const
 .text._ZNK5STM324GPIO13PinController7setTypeEjN4GPIO4typeE
                0x08001cb0        0xc build/sensorplatform/receiver/release/soc/stm32/gpio.o
                0x08001cb0                STM32::GPIO::PinController::setType(unsigned int, GPIO::type) const
 .text._ZNK5STM324GPIO13PinController7setPullEjN4GPIO4pullE
                0x08001cbc        0xc build/sensorplatform/receiver/release/soc/stm32/gpio.o
                0x08001cbc                STM32::GPIO::PinController::setPull(unsigned int, GPIO::pull) const
 .text._ZNK5STM324GPIO13PinController10enableFastEjb
                0x08001cc8        0x8 build/sensorplatform/receiver/release/soc/stm32/gpio.o
                0x08001cc8                STM32::GPIO::PinController::enableFast(unsigned int, bool) const
 .text._ZN5STM324GPIO4initEv
                0x08001cd0       0x64 build/sensorplatform/receiver/release/soc/stm32/gpio.o
                0x08001cd0                STM32::GPIO::init()
 .text._ZNK5STM324GPIO13PinController10setSpecialEjNS0_7SpecialE
                0x08001d34       0x18 build/sensorplatform/receiver/release/soc/stm32/gpio.o
                0x08001d34                STM32::GPIO::PinController::setSpecial(unsigned int, STM32::GPIO::Special) const
 .text._ZNK5STM324GPIO13PinController10setSpecialEji
                0x08001d4c        0x8 build/sensorplatform/receiver/release/soc/stm32/gpio.o
                0x08001d4c                STM32::GPIO::PinController::setSpecial(unsigned int, int) const
 .text._ZN5STM324EXTI9configureENS0_6SourceENS0_6ConfigE
                0x08001d54       0x4c build/sensorplatform/receiver/release/soc/stm32/exti.o
                0x08001d54                STM32::EXTI::configure(STM32::EXTI::Source, STM32::EXTI::Config)
 .text._ZN5STM324EXTI9configureEN4GPIO3PinENS0_6ConfigE
                0x08001da0       0x4c build/sensorplatform/receiver/release/soc/stm32/exti.o
                0x08001da0                STM32::EXTI::configure(GPIO::Pin, STM32::EXTI::Config)
 .text._ZN5STM324EXTI12clearPendingEN4GPIO3PinE
                0x08001dec       0x14 build/sensorplatform/receiver/release/soc/stm32/exti.o
                0x08001dec                STM32::EXTI::clearPending(GPIO::Pin)
 .text._ZN4GPIO10enableFastENS_3PinEb
                0x08001e00       0x10 build/sensorplatform/receiver/release/interface/gpio/gpio.o
                0x08001e00                GPIO::enableFast(GPIO::Pin, bool)
 .text._ZN4GPIO12getLevelFastENS_3PinE
                0x08001e10        0xc build/sensorplatform/receiver/release/interface/gpio/gpio.o
                0x08001e10                GPIO::getLevelFast(GPIO::Pin)
 .text._ZN4GPIO12setLevelFastENS_3PinEb
                0x08001e1c       0x10 build/sensorplatform/receiver/release/interface/gpio/gpio.o
                0x08001e1c                GPIO::setLevelFast(GPIO::Pin, bool)
 .text.idle     0x08001e2c        0x4 build/sensorplatform/receiver/release/cpu/arm/cortexm/cortexutil.o
                0x08001e2c                idle
 .text.breakpoint
                0x08001e30        0x4 build/sensorplatform/receiver/release/cpu/arm/cortexm/cortexutil.o
                0x08001e30                breakpoint
 .text.enter_critical_section
                0x08001e34        0x4 build/sensorplatform/receiver/release/cpu/arm/cortexm/cortexutil.o
                0x08001e34                enter_critical_section
 .text.leave_critical_section
                0x08001e38        0x4 build/sensorplatform/receiver/release/cpu/arm/cortexm/cortexutil.o
                0x08001e38                leave_critical_section
 .text.get_critsec_state
                0x08001e3c        0x6 build/sensorplatform/receiver/release/cpu/arm/cortexm/cortexutil.o
                0x08001e3c                get_critsec_state
 *fill*         0x08001e42        0x2 
 .text.irq_enable
                0x08001e44       0x28 build/sensorplatform/receiver/release/cpu/arm/cortexm/irq.o
                0x08001e44                irq_enable
 .text.irq_clear_pending
                0x08001e6c       0x1c build/sensorplatform/receiver/release/cpu/arm/cortexm/irq.o
                0x08001e6c                irq_clear_pending
 .text.irq_set_priority
                0x08001e88       0x2c build/sensorplatform/receiver/release/cpu/arm/cortexm/irq.o
                0x08001e88                irq_set_priority
 .text.irq_set_priority_grouping
                0x08001eb4       0x24 build/sensorplatform/receiver/release/cpu/arm/cortexm/irq.o
                0x08001eb4                irq_set_priority_grouping
 .text.fault_handler
                0x08001ed8        0x6 build/sensorplatform/receiver/release/cpu/arm/cortexm/vectors.o
                0x08001ed8                unknown5_faulthandler
                0x08001ed8                HardFault_faulthandler
                0x08001ed8                fault_handler
                0x08001ed8                unknown1_faulthandler
                0x08001ed8                unknown2_faulthandler
                0x08001ed8                BusFault_faulthandler
                0x08001ed8                unknown3_faulthandler
                0x08001ed8                SysTick_faulthandler
                0x08001ed8                SVCall_faulthandler
                0x08001ed8                MemoryManagement_faulthandler
                0x08001ed8                NonMaskableInt_faulthandler
                0x08001ed8                DebugMonitor_faulthandler
                0x08001ed8                unknown4_faulthandler
                0x08001ed8                UsageFault_faulthandler
 .text.unhandled_irq_handler
                0x08001ede        0x8 build/sensorplatform/receiver/release/cpu/arm/cortexm/vectors.o
                0x08001ede                eth_wkup_irqhandler
                0x08001ede                dma1_stream0_irqhandler
                0x08001ede                can2_tx_irqhandler
                0x08001ede                otg_hs_ep1_in_irqhandler
                0x08001ede                adc_irqhandler
                0x08001ede                tim1_trg_com_tim11_irqhandler
                0x08001ede                flash_irqhandler
                0x08001ede                tim1_brk_tim9_irqhandler
                0x08001ede                cryp_irqhandler
                0x08001ede                dma2_stream1_irqhandler
                0x08001ede                otg_fs_wkup_irqhandler
                0x08001ede                dma2_stream7_irqhandler
                0x08001ede                tim8_brk_tim12_irqhandler
                0x08001ede                can1_rx0_irqhandler
                0x08001ede                usart6_irqhandler
                0x08001ede                exti15_10_irqhandler
                0x08001ede                can1_sce_irqhandler
                0x08001ede                hash_rng_irqhandler
                0x08001ede                exti9_5_irqhandler
                0x08001ede                exti1_irqhandler
                0x08001ede                uart5_irqhandler
                0x08001ede                can2_sce_irqhandler
                0x08001ede                i2c1_er_irqhandler
                0x08001ede                usart3_irqhandler
                0x08001ede                dma1_stream1_irqhandler
                0x08001ede                dma2_stream3_irqhandler
                0x08001ede                dma2_stream2_irqhandler
                0x08001ede                wwdg_irqhandler
                0x08001ede                sdio_irqhandler
                0x08001ede                otg_hs_ep1_out_irqhandler
                0x08001ede                i2c1_ev_irqhandler
                0x08001ede                spi3_irqhandler
                0x08001ede                otg_hs_wkup_irqhandler
                0x08001ede                can1_tx_irqhandler
                0x08001ede                spi1_irqhandler
                0x08001ede                tim8_up_tim13_irqhandler
                0x08001ede                tim1_cc_irqhandler
                0x08001ede                dma1_stream2_irqhandler
                0x08001ede                dma1_stream7_irqhandler
                0x08001ede                dcmi_irqhandler
                0x08001ede                dma1_stream5_irqhandler
                0x08001ede                i2c3_ev_irqhandler
                0x08001ede                tim5_irqhandler
                0x08001ede                exti0_irqhandler
                0x08001ede                i2c3_er_irqhandler
                0x08001ede                i2c2_ev_irqhandler
                0x08001ede                can2_rx1_irqhandler
                0x08001ede                i2c2_er_irqhandler
                0x08001ede                fsmc_irqhandler
                0x08001ede                usart2_irqhandler
                0x08001ede                rtc_alarm_irqhandler
                0x08001ede                pvd_irqhandler
                0x08001ede                exti3_irqhandler
                0x08001ede                tim8_trg_com_tim14_irqhandler
                0x08001ede                dma2_stream6_irqhandler
                0x08001ede                can1_rx1_irqhandler
                0x08001ede                tim6_dac_irqhandler
                0x08001ede                dma2_stream4_irqhandler
                0x08001ede                uart4_irqhandler
                0x08001ede                tim3_irqhandler
                0x08001ede                usart1_irqhandler
                0x08001ede                rcc_irqhandler
                0x08001ede                rtc_wkup_irqhandler
                0x08001ede                dma2_stream0_irqhandler
                0x08001ede                eth_irqhandler
                0x08001ede                dma2_stream5_irqhandler
                0x08001ede                exti2_irqhandler
                0x08001ede                dma1_stream6_irqhandler
                0x08001ede                tamp_stamp_irqhandler
                0x08001ede                spi2_irqhandler
                0x08001ede                tim4_irqhandler
                0x08001ede                tim1_up_tim10_irqhandler
                0x08001ede                tim2_irqhandler
                0x08001ede                tim8_cc_irqhandler
                0x08001ede                can2_rx0_irqhandler
                0x08001ede                unhandled_irq_handler
 .text.memset   0x08001ee6       0x5c build/sensorplatform/receiver/release/cpu/arm/util.o
                0x08001ee6                memset
 .text.memmove  0x08001f42      0x1bc build/sensorplatform/receiver/release/cpu/arm/util.o
                0x08001f42                memcpy
                0x08001f42                memmove
 .text._ZN5DWOTG11drvGetStallEN3USB14EndpointNumberE
                0x080020fe       0x1a build/sensorplatform/receiver/release/core/dwotg/dwotg.o
                0x080020fe                DWOTG::drvGetStall(USB::EndpointNumber)
 .text._ZN5DWOTG8setStallEN3USB14EndpointNumberEb
                0x08002118       0x2c build/sensorplatform/receiver/release/core/dwotg/dwotg.o
                0x08002118                DWOTG::setStall(USB::EndpointNumber, bool)
 .text._ZN5DWOTG13drvSetAddressEh
                0x08002144       0x10 build/sensorplatform/receiver/release/core/dwotg/dwotg.o
                0x08002144                DWOTG::drvSetAddress(unsigned char)
 .text._ZN5DWOTG11configureEpEN3USB14EndpointNumberENS0_12EndpointTypeEi
                0x08002154       0x80 build/sensorplatform/receiver/release/core/dwotg/dwotg.o
                0x08002154                DWOTG::configureEp(USB::EndpointNumber, USB::EndpointType, int)
 .text._ZN5DWOTG7drvStopEv
                0x080021d4       0x1c build/sensorplatform/receiver/release/core/dwotg/dwotg.o
                0x080021d4                DWOTG::drvStop()
 .text._ZN5DWOTG18getMaxTransferSizeEN3USB14EndpointNumberE
                0x080021f0        0x6 build/sensorplatform/receiver/release/core/dwotg/dwotg.o
                0x080021f0                DWOTG::getMaxTransferSize(USB::EndpointNumber)
 .text._ZN5DWOTG7startRxEN3USB14EndpointNumberEPvi
                0x080021f6       0x64 build/sensorplatform/receiver/release/core/dwotg/dwotg.o
                0x080021f6                DWOTG::startRx(USB::EndpointNumber, void*, int)
 .text._ZN5DWOTG13drvEp0StartRxEbi
                0x0800225a       0x6c build/sensorplatform/receiver/release/core/dwotg/dwotg.o
                0x0800225a                DWOTG::drvEp0StartRx(bool, int)
 .text._ZN5DWOTG16flushOutEndpointEi
                0x080022c6       0x84 build/sensorplatform/receiver/release/core/dwotg/dwotg.o
                0x080022c6                DWOTG::flushOutEndpoint(int)
 .text._ZN5DWOTG15flushInEndpointEi
                0x0800234a       0x92 build/sensorplatform/receiver/release/core/dwotg/dwotg.o
                0x0800234a                DWOTG::flushInEndpoint(int)
 .text._ZN5DWOTG13unconfigureEpEN3USB14EndpointNumberE
                0x080023dc       0x46 build/sensorplatform/receiver/release/core/dwotg/dwotg.o
                0x080023dc                DWOTG::unconfigureEp(USB::EndpointNumber)
 .text._ZN5DWOTG9flushIrqsEv
                0x08002422       0x2c build/sensorplatform/receiver/release/core/dwotg/dwotg.o
                0x08002422                DWOTG::flushIrqs()
 *fill*         0x0800244e        0x2 
 .text._ZN5DWOTG8drvStartEv
                0x08002450      0x180 build/sensorplatform/receiver/release/core/dwotg/dwotg.o
                0x08002450                DWOTG::drvStart()
 .text._ZN5DWOTG7tryPushEi
                0x080025d0       0x7c build/sensorplatform/receiver/release/core/dwotg/dwotg.o
                0x080025d0                DWOTG::tryPush(int)
 .text._ZN5DWOTG7startTxEN3USB14EndpointNumberEPKvi
                0x0800264c       0x9e build/sensorplatform/receiver/release/core/dwotg/dwotg.o
                0x0800264c                DWOTG::startTx(USB::EndpointNumber, void const*, int)
 .text._ZN5DWOTG13drvEp0StartTxEPKvi
                0x080026ea       0xa6 build/sensorplatform/receiver/release/core/dwotg/dwotg.o
                0x080026ea                DWOTG::drvEp0StartTx(void const*, int)
 .text._ZN5DWOTG7ep0InitEv
                0x08002790       0x1e build/sensorplatform/receiver/release/core/dwotg/dwotg.o
                0x08002790                DWOTG::ep0Init()
 .text._ZN5DWOTG17handleIrqInternalEv
                0x080027ae      0x214 build/sensorplatform/receiver/release/core/dwotg/dwotg.o
                0x080027ae                DWOTG::handleIrqInternal()
 .text._ZN3USB3USB11unconfigureEv
                0x080029c2       0x4a build/sensorplatform/receiver/release/interface/usb/usb.o
                0x080029c2                USB::USB::unconfigure()
 .text._ZN3USB3USB12findEndpointENS_14EndpointNumberEPiS2_
                0x08002a0c       0x5c build/sensorplatform/receiver/release/interface/usb/usb.o
                0x08002a0c                USB::USB::findEndpoint(USB::EndpointNumber, int*, int*)
 .text._ZN3USB3USB18handleXferCompleteENS_14EndpointNumberEi
                0x08002a68       0x50 build/sensorplatform/receiver/release/interface/usb/usb.o
                0x08002a68                USB::USB::handleXferComplete(USB::EndpointNumber, int)
 .text._ZN3USB3USB5startEv
                0x08002ab8       0x14 build/sensorplatform/receiver/release/interface/usb/usb.o
                0x08002ab8                USB::USB::start()
 .text._ZN3USB3USB10ep0StartRxEbiPFbPS0_NS_14EndpointNumberEiE
                0x08002acc        0xc build/sensorplatform/receiver/release/interface/usb/usb.o
                0x08002acc                USB::USB::ep0StartRx(bool, int, bool (*)(USB::USB*, USB::EndpointNumber, int))
 .text._ZN3USB3USB14handleBusResetEi
                0x08002ad8       0x4e build/sensorplatform/receiver/release/interface/usb/usb.o
                0x08002ad8                USB::USB::handleBusReset(int)
 .text._ZN3USB3USB10ep0StartTxEPKviPFbPS0_NS_14EndpointNumberEiE
                0x08002b26       0x2c build/sensorplatform/receiver/release/interface/usb/usb.o
                0x08002b26                USB::USB::ep0StartTx(void const*, int, bool (*)(USB::USB*, USB::EndpointNumber, int))
 *fill*         0x08002b52        0x2 
 .text._ZN3USB3USB17ep0FullTxCallbackENS_14EndpointNumberEi
                0x08002b54       0x5c build/sensorplatform/receiver/release/interface/usb/usb.o
                0x08002b54                USB::USB::ep0FullTxCallback(USB::EndpointNumber, int)
 .text._ZN3USB3USB17ep0FullTxCallbackEPS0_NS_14EndpointNumberEi
                0x08002bb0        0x4 build/sensorplatform/receiver/release/interface/usb/usb.o
                0x08002bb0                USB::USB::ep0FullTxCallback(USB::USB*, USB::EndpointNumber, int)
 .text._ZN3USB3USB14handleEp0SetupEPNS_11SetupPacketE
                0x08002bb4      0x3a0 build/sensorplatform/receiver/release/interface/usb/usb.o
                0x08002bb4                USB::USB::handleEp0Setup(USB::SetupPacket*)
 .text._ZN3USB3USB19handleSetupReceivedENS_14EndpointNumberEm
                0x08002f54       0x4a build/sensorplatform/receiver/release/interface/usb/usb.o
                0x08002f54                USB::USB::handleSetupReceived(USB::EndpointNumber, unsigned long)
 *fill*         0x08002f9e        0x2 
 .text._ZN3USB3USB18ep0ShortTxCallbackENS_14EndpointNumberEi
                0x08002fa0       0x28 build/sensorplatform/receiver/release/interface/usb/usb.o
                0x08002fa0                USB::USB::ep0ShortTxCallback(USB::EndpointNumber, int)
 .text._ZN3USB3USB18ep0ShortTxCallbackEPS0_NS_14EndpointNumberEi
                0x08002fc8        0x4 build/sensorplatform/receiver/release/interface/usb/usb.o
                0x08002fc8                USB::USB::ep0ShortTxCallback(USB::USB*, USB::EndpointNumber, int)
 .text._ZN3USB3USB14ep0AckCallbackENS_14EndpointNumberEi
                0x08002fcc       0x34 build/sensorplatform/receiver/release/interface/usb/usb.o
                0x08002fcc                USB::USB::ep0AckCallback(USB::EndpointNumber, int)
 .text._ZN3USB3USB14ep0AckCallbackEPS0_NS_14EndpointNumberEi
                0x08003000        0x4 build/sensorplatform/receiver/release/interface/usb/usb.o
                0x08003000                USB::USB::ep0AckCallback(USB::USB*, USB::EndpointNumber, int)
                0x08003004                . = ALIGN (0x4)
                0x08003004                _init_array = .
 *(.init_array)
 .init_array    0x08003004        0x4 build/sensorplatform/receiver/release/target/sensorplatform/receiver/usb.o
 *(.init_array.*)
                0x08003008                _init_array_end = .
                0x08003008                . = ALIGN (0x4)
 *(.rodata)
 *(.rodata.*)
 .rodata.hextab
                0x08003008       0x10 build/sensorplatform/receiver/release/sys/util.o
                0x08003008                hextab
 .rodata._ZN5RadioL10dummyTxCfgE
                0x08003018        0x4 build/sensorplatform/receiver/release/target/sensorplatform/receiver/radio.o
 .rodata._ZN2RFL15BEACON_RF_SETUPE
                0x0800301c        0x1 build/sensorplatform/receiver/release/target/sensorplatform/receiver/radio.o
 .rodata._ZN5RadioL15dataRateMappingE
                0x0800301d        0x4 build/sensorplatform/receiver/release/target/sensorplatform/receiver/radio.o
 *fill*         0x08003021        0x3 
 .rodata._ZN5RadioL8dmaRxCfgE
                0x08003024        0x4 build/sensorplatform/receiver/release/target/sensorplatform/receiver/radio.o
 .rodata._ZN5RadioL8dmaTxCfgE
                0x08003028        0x4 build/sensorplatform/receiver/release/target/sensorplatform/receiver/radio.o
 *fill*         0x0800302c        0x4 
 .rodata._ZTVN3USB17ReceiverInterface18ReceiverAltsetting15DataOutEndpointE
                0x08003030       0x18 build/sensorplatform/receiver/release/target/sensorplatform/receiver/usb.o
                0x08003030                vtable for USB::ReceiverInterface::ReceiverAltsetting::DataOutEndpoint
 .rodata._ZTVN3USB17ReceiverInterface18ReceiverAltsetting14DataInEndpointE
                0x08003048       0x18 build/sensorplatform/receiver/release/target/sensorplatform/receiver/usb.o
                0x08003048                vtable for USB::ReceiverInterface::ReceiverAltsetting::DataInEndpoint
 .rodata._ZTVN3USB17ReceiverInterface18ReceiverAltsettingE
                0x08003060       0x18 build/sensorplatform/receiver/release/target/sensorplatform/receiver/usb.o
                0x08003060                vtable for USB::ReceiverInterface::ReceiverAltsetting
 .rodata._ZTVN3USB17MainConfigurationE
                0x08003078       0x18 build/sensorplatform/receiver/release/target/sensorplatform/receiver/usb.o
                0x08003078                vtable for USB::MainConfiguration
 .rodata._ZN3USBL10usbDevDescE
                0x08003090       0x12 build/sensorplatform/receiver/release/target/sensorplatform/receiver/usb.o
 *fill*         0x080030a2        0x2 
 .rodata._ZN3USBL11usbStrDescsE
                0x080030a4       0x10 build/sensorplatform/receiver/release/target/sensorplatform/receiver/usb.o
 .rodata._ZN3USBL10usbBOSDescE
                0x080030b4       0x21 build/sensorplatform/receiver/release/target/sensorplatform/receiver/usb.o
 .rodata._ZN3USB17MainConfiguration10descriptorE
                0x080030d5       0x20 build/sensorplatform/receiver/release/target/sensorplatform/receiver/usb.o
                0x080030d5                USB::MainConfiguration::descriptor
 *fill*         0x080030f5        0x1 
 .rodata._ZN3USBL9fifoSizesE
                0x080030f6        0x6 build/sensorplatform/receiver/release/target/sensorplatform/receiver/usb.o
 .rodata._ZN3USBL7wcidSetE
                0x080030fc       0x1e build/sensorplatform/receiver/release/target/sensorplatform/receiver/usb.o
 *fill*         0x0800311a        0x2 
 .rodata._ZN3USBL10usbConfigsE
                0x0800311c        0x4 build/sensorplatform/receiver/release/target/sensorplatform/receiver/usb.o
 .rodata._ZN3USBL20STR_PRODUCT_RECEIVERE
                0x08003120       0x32 build/sensorplatform/receiver/release/target/sensorplatform/receiver/usb.o
 .rodata._ZN3USBL10STR_VENDORE
                0x08003152       0x24 build/sensorplatform/receiver/release/target/sensorplatform/receiver/usb.o
 .rodata._ZN3USBL12STR_LANGUAGEE
                0x08003176        0x6 build/sensorplatform/receiver/release/target/sensorplatform/receiver/usb.o
 *fill*         0x0800317c        0x4 
 .rodata._ZTVN5STM323USBE
                0x08003180       0x50 build/sensorplatform/receiver/release/soc/stm32/f2/usb.o
                0x08003180                vtable for STM32::USB
 .rodata._ZN5STM323USB17coreRuntimeParamsE
                0x080031d0        0x4 build/sensorplatform/receiver/release/soc/stm32/f2/usb.o
                0x080031d0                STM32::USB::coreRuntimeParams
 .rodata._ZN5STM324GPIO10ControllerE
                0x080031d4        0x4 build/sensorplatform/receiver/release/soc/stm32/gpio.o
                0x080031d4                STM32::GPIO::Controller
 .rodata._ZZN5STM324GPIO4initEvE9gpiotable
                0x080031d8       0x70 build/sensorplatform/receiver/release/soc/stm32/gpio.o
 .rodata._ZTVN5STM324GPIO13PinControllerE
                0x08003248       0x30 build/sensorplatform/receiver/release/soc/stm32/gpio.o
                0x08003248                vtable for STM32::GPIO::PinController
                0x08003278                . = ALIGN (0x4)
 *(.dmarodata)
 *(.dmarodata.*)
                0x08003278                . = ALIGN (0x4)
                0x08003278                _text_end = .
                0x08003278                _data_src = _text_end

.glue_7         0x08003278        0x0
 .glue_7        0x00000000        0x0 linker stubs

.glue_7t        0x08003278        0x0
 .glue_7t       0x00000000        0x0 linker stubs

.vfp11_veneer   0x08003278        0x0
 .vfp11_veneer  0x00000000        0x0 linker stubs

.v4_bx          0x08003278        0x0
 .v4_bx         0x00000000        0x0 linker stubs

.iplt           0x08003278        0x0
 .iplt          0x00000000        0x0 build/sensorplatform/receiver/release/sys/init.o

.rel.dyn        0x08003278        0x0
 .rel.iplt      0x00000000        0x0 build/sensorplatform/receiver/release/sys/init.o

.stack          0x20000000     0x1000
                0x20000000                _stack = .
                0x20001000                . = (. + _stack_size)
 *fill*         0x20000000     0x1000 
                0x20001000                . = ALIGN (0x4)
                0x20001000                _stack_end = .
 *(.stack)
 *(.stack.*)
                0x20001000                _stacks_end = .

.data           0x20001000        0x8 load address 0x08003278
                0x20001000                _data = .
 *(.data)
 *(.data.*)
 .data._ZN5RadioL9dummyDataE
                0x20001000        0x4 build/sensorplatform/receiver/release/target/sensorplatform/receiver/radio.o
 .data._ZN5RadioL8radioCfgE
                0x20001004        0x1 build/sensorplatform/receiver/release/target/sensorplatform/receiver/radio.o
                0x20001008                . = ALIGN (0x4)
 *fill*         0x20001005        0x3 
 *(.dmadata)
 *(.dmadata.*)
                0x20001008                . = ALIGN (0x4)
                0x20001008                _data_end = .

.igot.plt       0x20001008        0x0 load address 0x08003280
 .igot.plt      0x00000000        0x0 build/sensorplatform/receiver/release/sys/init.o

.bss            0x20001008     0xa684 load address 0x08003280
                0x20001008                _bss = .
 *(.bss)
 *(.bss.*)
 .bss._ZN3DMAL5usersE
                0x20001008        0x1 build/sensorplatform/receiver/release/target/sensorplatform/receiver/driver/dma.o
 .bss._ZN3IRQL10dpcPendingE
                0x20001009        0x1 build/sensorplatform/receiver/release/target/sensorplatform/receiver/irq.o
 .bss._ZN3HubL8pktIndexE
                0x2000100a        0x2 build/sensorplatform/receiver/release/target/sensorplatform/receiver/hub.o
 .bss._ZN5Radio5statsE
                0x2000100c       0x38 build/sensorplatform/receiver/release/target/sensorplatform/receiver/radio.o
                0x2000100c                Radio::stats
 .bss._ZN5RadioL9sofPacketE
                0x20001044       0x20 build/sensorplatform/receiver/release/target/sensorplatform/receiver/radio.o
 .bss._ZN5RadioL12priorityHeadE
                0x20001064        0xb build/sensorplatform/receiver/release/target/sensorplatform/receiver/radio.o
 .bss._ZN5Radio15nextPacketSlotsE
                0x2000106f       0x1c build/sensorplatform/receiver/release/target/sensorplatform/receiver/radio.o
                0x2000106f                Radio::nextPacketSlots
 .bss._ZN5RadioL10prevRxSlotE
                0x2000108b        0x1 build/sensorplatform/receiver/release/target/sensorplatform/receiver/radio.o
 .bss._ZN5Radio5slackE
                0x2000108c        0x4 build/sensorplatform/receiver/release/target/sensorplatform/receiver/radio.o
                0x2000108c                Radio::slack
 .bss._ZN5RadioL11cmdWritePtrE
                0x20001090        0x1 build/sensorplatform/receiver/release/target/sensorplatform/receiver/radio.o
 *fill*         0x20001091        0x3 
 .bss._ZN5RadioL14frameStartTimeE
                0x20001094        0x4 build/sensorplatform/receiver/release/target/sensorplatform/receiver/radio.o
 .bss._ZN5Radio12postproctimeE
                0x20001098        0x4 build/sensorplatform/receiver/release/target/sensorplatform/receiver/radio.o
                0x20001098                Radio::postproctime
 .bss._ZN5RadioL8rxPacketE
                0x2000109c     0x8000 build/sensorplatform/receiver/release/target/sensorplatform/receiver/radio.o
 .bss._ZN5RadioL9operatingE
                0x2000909c        0x1 build/sensorplatform/receiver/release/target/sensorplatform/receiver/radio.o
 .bss._ZN5RadioL12priorityTailE
                0x2000909d        0xb build/sensorplatform/receiver/release/target/sensorplatform/receiver/radio.o
 .bss._ZN5RadioL9rxReadPtrE
                0x200090a8        0x1 build/sensorplatform/receiver/release/target/sensorplatform/receiver/radio.o
 .bss._ZN5RadioL13cmdFrameCountE
                0x200090a9        0x1 build/sensorplatform/receiver/release/target/sensorplatform/receiver/radio.o
 .bss._ZN5RadioL10cmdReadPtrE
                0x200090aa        0x1 build/sensorplatform/receiver/release/target/sensorplatform/receiver/radio.o
 .bss._ZN5RadioL13priorityCountE
                0x200090ab        0xb build/sensorplatform/receiver/release/target/sensorplatform/receiver/radio.o
 *fill*         0x200090b6        0x2 
 .bss._ZN5Radio5spaceE
                0x200090b8        0x4 build/sensorplatform/receiver/release/target/sensorplatform/receiver/radio.o
                0x200090b8                Radio::space
 .bss._ZN5RadioL10lastRxTimeE
                0x200090bc        0x4 build/sensorplatform/receiver/release/target/sensorplatform/receiver/radio.o
 .bss._ZN5RadioL9cmdTargetE
                0x200090c0       0x10 build/sensorplatform/receiver/release/target/sensorplatform/receiver/radio.o
 .bss._ZN5RadioL12beaconPacketE
                0x200090d0       0x10 build/sensorplatform/receiver/release/target/sensorplatform/receiver/radio.o
 .bss._ZN5RadioL8nodeInfoE
                0x200090e0      0x1f9 build/sensorplatform/receiver/release/target/sensorplatform/receiver/radio.o
 .bss._ZN5Radio9dmaActiveE
                0x200092d9        0x1 build/sensorplatform/receiver/release/target/sensorplatform/receiver/radio.o
                0x200092d9                Radio::dmaActive
 .bss._ZN5Radio12currentStateE
                0x200092da        0x1 build/sensorplatform/receiver/release/target/sensorplatform/receiver/radio.o
                0x200092da                Radio::currentState
 *fill*         0x200092db        0x1 
 .bss._ZN5RadioL12sofTimestampE
                0x200092dc        0x4 build/sensorplatform/receiver/release/target/sensorplatform/receiver/radio.o
 .bss._ZN5RadioL12commandsSentE
                0x200092e0        0x1 build/sensorplatform/receiver/release/target/sensorplatform/receiver/radio.o
 .bss._ZN5RadioL7rfSetupE
                0x200092e1        0x1 build/sensorplatform/receiver/release/target/sensorplatform/receiver/radio.o
 .bss._ZN5RadioL10rxWritePtrE
                0x200092e2        0x1 build/sensorplatform/receiver/release/target/sensorplatform/receiver/radio.o
 *fill*         0x200092e3        0x1 
 .bss._ZN5RadioL7cmdDataE
                0x200092e4      0x200 build/sensorplatform/receiver/release/target/sensorplatform/receiver/radio.o
 .bss._ZN3USBL10mainConfigE
                0x200094e4     0x20c4 build/sensorplatform/receiver/release/target/sensorplatform/receiver/usb.o
 .bss._ZN3USBL3usbE
                0x2000b5a8       0xa8 build/sensorplatform/receiver/release/target/sensorplatform/receiver/usb.o
 .bss._ZN3USBL12usbStrSerialE
                0x2000b650       0x32 build/sensorplatform/receiver/release/target/sensorplatform/receiver/usb.o
 *fill*         0x2000b682        0x2 
 .bss._ZN5STM323USB14activeInstanceE
                0x2000b684        0x8 build/sensorplatform/receiver/release/soc/stm32/f2/usb.o
                0x2000b684                STM32::USB::activeInstance
 *(COMMON)
 *(.dmabss)
 *(.dmabss.*)
                0x2000b68c                . = ALIGN (0x4)
                0x2000b68c                _bss_end = .

DISCARD
 *(.note.*)

.stab
 *(.stab)

.stabstr
 *(.stabstr)

.stab.excl
 *(.stab.excl)

.stab.exclstr
 *(.stab.exclstr)

.stab.index
 *(.stab.index)

.stab.indexstr
 *(.stab.indexstr)

.comment        0x00000000       0x70
 *(.comment)
 .comment       0x00000000       0x70 build/sensorplatform/receiver/release/sys/init.o
                                 0x71 (size before relaxing)
 .comment       0x00000000       0x71 build/sensorplatform/receiver/release/sys/util.o
 .comment       0x00000000       0x71 build/sensorplatform/receiver/release/sys/time.o
 .comment       0x00000000       0x71 build/sensorplatform/receiver/release/target/sensorplatform/receiver/driver/dma.o
 .comment       0x00000000       0x71 build/sensorplatform/receiver/release/target/sensorplatform/receiver/driver/spi.o
 .comment       0x00000000       0x71 build/sensorplatform/receiver/release/target/sensorplatform/receiver/driver/random.o
 .comment       0x00000000       0x71 build/sensorplatform/receiver/release/target/sensorplatform/receiver/main.o
 .comment       0x00000000       0x71 build/sensorplatform/receiver/release/target/sensorplatform/receiver/irq.o
 .comment       0x00000000       0x71 build/sensorplatform/receiver/release/target/sensorplatform/receiver/hub.o
 .comment       0x00000000       0x71 build/sensorplatform/receiver/release/target/sensorplatform/receiver/radio.o
 .comment       0x00000000       0x71 build/sensorplatform/receiver/release/target/sensorplatform/receiver/usb.o
 .comment       0x00000000       0x71 build/sensorplatform/receiver/release/target/sensorplatform/common/driver/timer.o
 .comment       0x00000000       0x71 build/sensorplatform/receiver/release/soc/stm32/f2/rcc.o
 .comment       0x00000000       0x71 build/sensorplatform/receiver/release/soc/stm32/f2/usb.o
 .comment       0x00000000       0x71 build/sensorplatform/receiver/release/soc/stm32/init.o
 .comment       0x00000000       0x71 build/sensorplatform/receiver/release/soc/stm32/pwr.o
 .comment       0x00000000       0x71 build/sensorplatform/receiver/release/soc/stm32/flash.o
 .comment       0x00000000       0x71 build/sensorplatform/receiver/release/soc/stm32/syscfg.o
 .comment       0x00000000       0x71 build/sensorplatform/receiver/release/soc/stm32/gpio.o
 .comment       0x00000000       0x71 build/sensorplatform/receiver/release/soc/stm32/exti.o
 .comment       0x00000000       0x71 build/sensorplatform/receiver/release/interface/gpio/gpio.o
 .comment       0x00000000       0x71 build/sensorplatform/receiver/release/cpu/arm/cortexm/cortexutil.o
 .comment       0x00000000       0x71 build/sensorplatform/receiver/release/cpu/arm/cortexm/irq.o
 .comment       0x00000000       0x71 build/sensorplatform/receiver/release/cpu/arm/cortexm/vectors.o
 .comment       0x00000000       0x71 build/sensorplatform/receiver/release/cpu/arm/util.o
 .comment       0x00000000       0x71 build/sensorplatform/receiver/release/core/dwotg/dwotg.o
 .comment       0x00000000       0x71 build/sensorplatform/receiver/release/interface/usb/usb.o

.ARM.attributes
                0x00000000       0x31
 .ARM.attributes
                0x00000000       0x33 build/sensorplatform/receiver/release/sys/init.o
 .ARM.attributes
                0x00000033       0x33 build/sensorplatform/receiver/release/sys/util.o
 .ARM.attributes
                0x00000066       0x33 build/sensorplatform/receiver/release/sys/time.o
 .ARM.attributes
                0x00000099       0x33 build/sensorplatform/receiver/release/target/sensorplatform/receiver/driver/dma.o
 .ARM.attributes
                0x000000cc       0x33 build/sensorplatform/receiver/release/target/sensorplatform/receiver/driver/spi.o
 .ARM.attributes
                0x000000ff       0x33 build/sensorplatform/receiver/release/target/sensorplatform/receiver/driver/random.o
 .ARM.attributes
                0x00000132       0x33 build/sensorplatform/receiver/release/target/sensorplatform/receiver/main.o
 .ARM.attributes
                0x00000165       0x33 build/sensorplatform/receiver/release/target/sensorplatform/receiver/irq.o
 .ARM.attributes
                0x00000198       0x33 build/sensorplatform/receiver/release/target/sensorplatform/receiver/hub.o
 .ARM.attributes
                0x000001cb       0x33 build/sensorplatform/receiver/release/target/sensorplatform/receiver/radio.o
 .ARM.attributes
                0x000001fe       0x33 build/sensorplatform/receiver/release/target/sensorplatform/receiver/usb.o
 .ARM.attributes
                0x00000231       0x33 build/sensorplatform/receiver/release/target/sensorplatform/common/driver/timer.o
 .ARM.attributes
                0x00000264       0x33 build/sensorplatform/receiver/release/soc/stm32/f2/rcc.o
 .ARM.attributes
                0x00000297       0x33 build/sensorplatform/receiver/release/soc/stm32/f2/usb.o
 .ARM.attributes
                0x000002ca       0x33 build/sensorplatform/receiver/release/soc/stm32/init.o
 .ARM.attributes
                0x000002fd       0x33 build/sensorplatform/receiver/release/soc/stm32/pwr.o
 .ARM.attributes
                0x00000330       0x33 build/sensorplatform/receiver/release/soc/stm32/flash.o
 .ARM.attributes
                0x00000363       0x33 build/sensorplatform/receiver/release/soc/stm32/syscfg.o
 .ARM.attributes
                0x00000396       0x33 build/sensorplatform/receiver/release/soc/stm32/gpio.o
 .ARM.attributes
                0x000003c9       0x33 build/sensorplatform/receiver/release/soc/stm32/exti.o
 .ARM.attributes
                0x000003fc       0x33 build/sensorplatform/receiver/release/interface/gpio/gpio.o
 .ARM.attributes
                0x0000042f       0x33 build/sensorplatform/receiver/release/cpu/arm/cortexm/cortexutil.o
 .ARM.attributes
                0x00000462       0x33 build/sensorplatform/receiver/release/cpu/arm/cortexm/irq.o
 .ARM.attributes
                0x00000495       0x33 build/sensorplatform/receiver/release/cpu/arm/cortexm/vectors.o
 .ARM.attributes
                0x000004c8       0x33 build/sensorplatform/receiver/release/cpu/arm/util.o
 .ARM.attributes
                0x000004fb       0x33 build/sensorplatform/receiver/release/core/dwotg/dwotg.o
 .ARM.attributes
                0x0000052e       0x33 build/sensorplatform/receiver/release/interface/usb/usb.o

.debug
 *(.debug)

.line
 *(.line)

.debug_srcinfo
 *(.debug_srcinfo)

.debug_sfnames
 *(.debug_sfnames)

.debug_aranges  0x00000000      0x988
 *(.debug_aranges)
 .debug_aranges
                0x00000000       0x20 build/sensorplatform/receiver/release/sys/init.o
 .debug_aranges
                0x00000020       0xb8 build/sensorplatform/receiver/release/sys/util.o
 .debug_aranges
                0x000000d8       0x28 build/sensorplatform/receiver/release/sys/time.o
 .debug_aranges
                0x00000100       0x70 build/sensorplatform/receiver/release/target/sensorplatform/receiver/driver/dma.o
 .debug_aranges
                0x00000170       0x50 build/sensorplatform/receiver/release/target/sensorplatform/receiver/driver/spi.o
 .debug_aranges
                0x000001c0       0x28 build/sensorplatform/receiver/release/target/sensorplatform/receiver/driver/random.o
 .debug_aranges
                0x000001e8       0x20 build/sensorplatform/receiver/release/target/sensorplatform/receiver/main.o
 .debug_aranges
                0x00000208       0x70 build/sensorplatform/receiver/release/target/sensorplatform/receiver/irq.o
 .debug_aranges
                0x00000278       0x20 build/sensorplatform/receiver/release/target/sensorplatform/receiver/hub.o
 .debug_aranges
                0x00000298       0xb0 build/sensorplatform/receiver/release/target/sensorplatform/receiver/radio.o
 .debug_aranges
                0x00000348       0xe0 build/sensorplatform/receiver/release/target/sensorplatform/receiver/usb.o
 .debug_aranges
                0x00000428       0x68 build/sensorplatform/receiver/release/target/sensorplatform/common/driver/timer.o
 .debug_aranges
                0x00000490       0x70 build/sensorplatform/receiver/release/soc/stm32/f2/rcc.o
 .debug_aranges
                0x00000500       0x58 build/sensorplatform/receiver/release/soc/stm32/f2/usb.o
 .debug_aranges
                0x00000558       0x28 build/sensorplatform/receiver/release/soc/stm32/init.o
 .debug_aranges
                0x00000580       0x20 build/sensorplatform/receiver/release/soc/stm32/pwr.o
 .debug_aranges
                0x000005a0       0x20 build/sensorplatform/receiver/release/soc/stm32/flash.o
 .debug_aranges
                0x000005c0       0x20 build/sensorplatform/receiver/release/soc/stm32/syscfg.o
 .debug_aranges
                0x000005e0       0x80 build/sensorplatform/receiver/release/soc/stm32/gpio.o
 .debug_aranges
                0x00000660       0x68 build/sensorplatform/receiver/release/soc/stm32/exti.o
 .debug_aranges
                0x000006c8       0x78 build/sensorplatform/receiver/release/interface/gpio/gpio.o
 .debug_aranges
                0x00000740       0x70 build/sensorplatform/receiver/release/cpu/arm/cortexm/cortexutil.o
 .debug_aranges
                0x000007b0       0x48 build/sensorplatform/receiver/release/cpu/arm/cortexm/irq.o
 .debug_aranges
                0x000007f8       0x28 build/sensorplatform/receiver/release/cpu/arm/cortexm/vectors.o
 .debug_aranges
                0x00000820       0x28 build/sensorplatform/receiver/release/cpu/arm/util.o
 .debug_aranges
                0x00000848       0xa8 build/sensorplatform/receiver/release/core/dwotg/dwotg.o
 .debug_aranges
                0x000008f0       0x98 build/sensorplatform/receiver/release/interface/usb/usb.o

.debug_pubnames
 *(.debug_pubnames)

.debug_info     0x00000000    0x2623c
 *(.debug_info .gnu.linkonce.wi.*)
 .debug_info    0x00000000       0xf2 build/sensorplatform/receiver/release/sys/init.o
 .debug_info    0x000000f2      0x5a5 build/sensorplatform/receiver/release/sys/util.o
 .debug_info    0x00000697      0x167 build/sensorplatform/receiver/release/sys/time.o
 .debug_info    0x000007fe     0x291f build/sensorplatform/receiver/release/target/sensorplatform/receiver/driver/dma.o
 .debug_info    0x0000311d      0x8b0 build/sensorplatform/receiver/release/target/sensorplatform/receiver/driver/spi.o
 .debug_info    0x000039cd      0x21d build/sensorplatform/receiver/release/target/sensorplatform/receiver/driver/random.o
 .debug_info    0x00003bea      0x4e0 build/sensorplatform/receiver/release/target/sensorplatform/receiver/main.o
 .debug_info    0x000040ca      0x916 build/sensorplatform/receiver/release/target/sensorplatform/receiver/irq.o
 .debug_info    0x000049e0     0x1049 build/sensorplatform/receiver/release/target/sensorplatform/receiver/hub.o
 .debug_info    0x00005a29     0x6dc4 build/sensorplatform/receiver/release/target/sensorplatform/receiver/radio.o
 .debug_info    0x0000c7ed     0x66fa build/sensorplatform/receiver/release/target/sensorplatform/receiver/usb.o
 .debug_info    0x00012ee7      0xfbd build/sensorplatform/receiver/release/target/sensorplatform/common/driver/timer.o
 .debug_info    0x00013ea4     0x1fbb build/sensorplatform/receiver/release/soc/stm32/f2/rcc.o
 .debug_info    0x00015e5f     0x413d build/sensorplatform/receiver/release/soc/stm32/f2/usb.o
 .debug_info    0x00019f9c      0x91b build/sensorplatform/receiver/release/soc/stm32/init.o
 .debug_info    0x0001a8b7      0x34e build/sensorplatform/receiver/release/soc/stm32/pwr.o
 .debug_info    0x0001ac05      0x46e build/sensorplatform/receiver/release/soc/stm32/flash.o
 .debug_info    0x0001b073      0x3ba build/sensorplatform/receiver/release/soc/stm32/syscfg.o
 .debug_info    0x0001b42d     0x1e95 build/sensorplatform/receiver/release/soc/stm32/gpio.o
 .debug_info    0x0001d2c2      0xbc0 build/sensorplatform/receiver/release/soc/stm32/exti.o
 .debug_info    0x0001de82      0x920 build/sensorplatform/receiver/release/interface/gpio/gpio.o
 .debug_info    0x0001e7a2      0x3ed build/sensorplatform/receiver/release/cpu/arm/cortexm/cortexutil.o
 .debug_info    0x0001eb8f      0x8ae build/sensorplatform/receiver/release/cpu/arm/cortexm/irq.o
 .debug_info    0x0001f43d      0x100 build/sensorplatform/receiver/release/cpu/arm/cortexm/vectors.o
 .debug_info    0x0001f53d      0x114 build/sensorplatform/receiver/release/cpu/arm/util.o
 .debug_info    0x0001f651     0x4c40 build/sensorplatform/receiver/release/core/dwotg/dwotg.o
 .debug_info    0x00024291     0x1fab build/sensorplatform/receiver/release/interface/usb/usb.o

.debug_abbrev   0x00000000     0x4d1c
 *(.debug_abbrev)
 .debug_abbrev  0x00000000       0xad build/sensorplatform/receiver/release/sys/init.o
 .debug_abbrev  0x000000ad      0x1b3 build/sensorplatform/receiver/release/sys/util.o
 .debug_abbrev  0x00000260       0xc0 build/sensorplatform/receiver/release/sys/time.o
 .debug_abbrev  0x00000320      0x300 build/sensorplatform/receiver/release/target/sensorplatform/receiver/driver/dma.o
 .debug_abbrev  0x00000620      0x2d0 build/sensorplatform/receiver/release/target/sensorplatform/receiver/driver/spi.o
 .debug_abbrev  0x000008f0      0x14b build/sensorplatform/receiver/release/target/sensorplatform/receiver/driver/random.o
 .debug_abbrev  0x00000a3b      0x1ea build/sensorplatform/receiver/release/target/sensorplatform/receiver/main.o
 .debug_abbrev  0x00000c25      0x20e build/sensorplatform/receiver/release/target/sensorplatform/receiver/irq.o
 .debug_abbrev  0x00000e33      0x290 build/sensorplatform/receiver/release/target/sensorplatform/receiver/hub.o
 .debug_abbrev  0x000010c3      0x644 build/sensorplatform/receiver/release/target/sensorplatform/receiver/radio.o
 .debug_abbrev  0x00001707      0x950 build/sensorplatform/receiver/release/target/sensorplatform/receiver/usb.o
 .debug_abbrev  0x00002057      0x280 build/sensorplatform/receiver/release/target/sensorplatform/common/driver/timer.o
 .debug_abbrev  0x000022d7      0x38e build/sensorplatform/receiver/release/soc/stm32/f2/rcc.o
 .debug_abbrev  0x00002665      0x567 build/sensorplatform/receiver/release/soc/stm32/f2/usb.o
 .debug_abbrev  0x00002bcc      0x2ee build/sensorplatform/receiver/release/soc/stm32/init.o
 .debug_abbrev  0x00002eba      0x142 build/sensorplatform/receiver/release/soc/stm32/pwr.o
 .debug_abbrev  0x00002ffc      0x123 build/sensorplatform/receiver/release/soc/stm32/flash.o
 .debug_abbrev  0x0000311f      0x175 build/sensorplatform/receiver/release/soc/stm32/syscfg.o
 .debug_abbrev  0x00003294      0x48e build/sensorplatform/receiver/release/soc/stm32/gpio.o
 .debug_abbrev  0x00003722      0x35b build/sensorplatform/receiver/release/soc/stm32/exti.o
 .debug_abbrev  0x00003a7d      0x216 build/sensorplatform/receiver/release/interface/gpio/gpio.o
 .debug_abbrev  0x00003c93      0x16f build/sensorplatform/receiver/release/cpu/arm/cortexm/cortexutil.o
 .debug_abbrev  0x00003e02      0x1ab build/sensorplatform/receiver/release/cpu/arm/cortexm/irq.o
 .debug_abbrev  0x00003fad       0xa0 build/sensorplatform/receiver/release/cpu/arm/cortexm/vectors.o
 .debug_abbrev  0x0000404d       0x98 build/sensorplatform/receiver/release/cpu/arm/util.o
 .debug_abbrev  0x000040e5      0x6aa build/sensorplatform/receiver/release/core/dwotg/dwotg.o
 .debug_abbrev  0x0000478f      0x58d build/sensorplatform/receiver/release/interface/usb/usb.o

.debug_line     0x00000000     0x53c8
 *(.debug_line)
 .debug_line    0x00000000      0x1a0 build/sensorplatform/receiver/release/sys/init.o
 .debug_line    0x000001a0      0x339 build/sensorplatform/receiver/release/sys/util.o
 .debug_line    0x000004d9      0x1a2 build/sensorplatform/receiver/release/sys/time.o
 .debug_line    0x0000067b      0x325 build/sensorplatform/receiver/release/target/sensorplatform/receiver/driver/dma.o
 .debug_line    0x000009a0      0x25b build/sensorplatform/receiver/release/target/sensorplatform/receiver/driver/spi.o
 .debug_line    0x00000bfb      0x1f4 build/sensorplatform/receiver/release/target/sensorplatform/receiver/driver/random.o
 .debug_line    0x00000def      0x318 build/sensorplatform/receiver/release/target/sensorplatform/receiver/main.o
 .debug_line    0x00001107      0x402 build/sensorplatform/receiver/release/target/sensorplatform/receiver/irq.o
 .debug_line    0x00001509      0x2e9 build/sensorplatform/receiver/release/target/sensorplatform/receiver/hub.o
 .debug_line    0x000017f2      0x8f9 build/sensorplatform/receiver/release/target/sensorplatform/receiver/radio.o
 .debug_line    0x000020eb      0x67e build/sensorplatform/receiver/release/target/sensorplatform/receiver/usb.o
 .debug_line    0x00002769      0x2a1 build/sensorplatform/receiver/release/target/sensorplatform/common/driver/timer.o
 .debug_line    0x00002a0a      0x32f build/sensorplatform/receiver/release/soc/stm32/f2/rcc.o
 .debug_line    0x00002d39      0x2bd build/sensorplatform/receiver/release/soc/stm32/f2/usb.o
 .debug_line    0x00002ff6      0x2b9 build/sensorplatform/receiver/release/soc/stm32/init.o
 .debug_line    0x000032af      0x1c7 build/sensorplatform/receiver/release/soc/stm32/pwr.o
 .debug_line    0x00003476      0x1a3 build/sensorplatform/receiver/release/soc/stm32/flash.o
 .debug_line    0x00003619      0x1ce build/sensorplatform/receiver/release/soc/stm32/syscfg.o
 .debug_line    0x000037e7      0x328 build/sensorplatform/receiver/release/soc/stm32/gpio.o
 .debug_line    0x00003b0f      0x2ca build/sensorplatform/receiver/release/soc/stm32/exti.o
 .debug_line    0x00003dd9      0x286 build/sensorplatform/receiver/release/interface/gpio/gpio.o
 .debug_line    0x0000405f      0x2d8 build/sensorplatform/receiver/release/cpu/arm/cortexm/cortexutil.o
 .debug_line    0x00004337      0x2a5 build/sensorplatform/receiver/release/cpu/arm/cortexm/irq.o
 .debug_line    0x000045dc      0x1ed build/sensorplatform/receiver/release/cpu/arm/cortexm/vectors.o
 .debug_line    0x000047c9      0x197 build/sensorplatform/receiver/release/cpu/arm/util.o
 .debug_line    0x00004960      0x5d7 build/sensorplatform/receiver/release/core/dwotg/dwotg.o
 .debug_line    0x00004f37      0x491 build/sensorplatform/receiver/release/interface/usb/usb.o

.debug_frame    0x00000000     0x163c
 *(.debug_frame)
 .debug_frame   0x00000000       0x2c build/sensorplatform/receiver/release/sys/init.o
 .debug_frame   0x0000002c      0x1a8 build/sensorplatform/receiver/release/sys/util.o
 .debug_frame   0x000001d4       0x4c build/sensorplatform/receiver/release/sys/time.o
 .debug_frame   0x00000220      0x120 build/sensorplatform/receiver/release/target/sensorplatform/receiver/driver/dma.o
 .debug_frame   0x00000340       0x8c build/sensorplatform/receiver/release/target/sensorplatform/receiver/driver/spi.o
 .debug_frame   0x000003cc       0x3c build/sensorplatform/receiver/release/target/sensorplatform/receiver/driver/random.o
 .debug_frame   0x00000408       0x2c build/sensorplatform/receiver/release/target/sensorplatform/receiver/main.o
 .debug_frame   0x00000434       0xf0 build/sensorplatform/receiver/release/target/sensorplatform/receiver/irq.o
 .debug_frame   0x00000524       0x38 build/sensorplatform/receiver/release/target/sensorplatform/receiver/hub.o
 .debug_frame   0x0000055c      0x278 build/sensorplatform/receiver/release/target/sensorplatform/receiver/radio.o
 .debug_frame   0x000007d4      0x230 build/sensorplatform/receiver/release/target/sensorplatform/receiver/usb.o
 .debug_frame   0x00000a04       0xcc build/sensorplatform/receiver/release/target/sensorplatform/common/driver/timer.o
 .debug_frame   0x00000ad0       0xf0 build/sensorplatform/receiver/release/soc/stm32/f2/rcc.o
 .debug_frame   0x00000bc0       0x90 build/sensorplatform/receiver/release/soc/stm32/f2/usb.o
 .debug_frame   0x00000c50       0x48 build/sensorplatform/receiver/release/soc/stm32/init.o
 .debug_frame   0x00000c98       0x2c build/sensorplatform/receiver/release/soc/stm32/pwr.o
 .debug_frame   0x00000cc4       0x20 build/sensorplatform/receiver/release/soc/stm32/flash.o
 .debug_frame   0x00000ce4       0x2c build/sensorplatform/receiver/release/soc/stm32/syscfg.o
 .debug_frame   0x00000d10      0x12c build/sensorplatform/receiver/release/soc/stm32/gpio.o
 .debug_frame   0x00000e3c       0xf0 build/sensorplatform/receiver/release/soc/stm32/exti.o
 .debug_frame   0x00000f2c      0x10c build/sensorplatform/receiver/release/interface/gpio/gpio.o
 .debug_frame   0x00001038       0xcc build/sensorplatform/receiver/release/cpu/arm/cortexm/cortexutil.o
 .debug_frame   0x00001104       0x70 build/sensorplatform/receiver/release/cpu/arm/cortexm/irq.o
 .debug_frame   0x00001174       0x48 build/sensorplatform/receiver/release/cpu/arm/cortexm/vectors.o
 .debug_frame   0x000011bc       0x30 build/sensorplatform/receiver/release/cpu/arm/util.o
 .debug_frame   0x000011ec      0x258 build/sensorplatform/receiver/release/core/dwotg/dwotg.o
 .debug_frame   0x00001444      0x1f8 build/sensorplatform/receiver/release/interface/usb/usb.o

.debug_str      0x00000000    0x16731
 *(.debug_str)
 .debug_str     0x00000000     0x5533 build/sensorplatform/receiver/release/sys/init.o
                               0x55b7 (size before relaxing)
 .debug_str     0x00005533      0xda0 build/sensorplatform/receiver/release/sys/util.o
                               0x6350 (size before relaxing)
 .debug_str     0x000062d3      0x141 build/sensorplatform/receiver/release/sys/time.o
                               0x56d3 (size before relaxing)
 .debug_str     0x00006414     0x181a build/sensorplatform/receiver/release/target/sensorplatform/receiver/driver/dma.o
                               0x7a71 (size before relaxing)
 .debug_str     0x00007c2e      0x53c build/sensorplatform/receiver/release/target/sensorplatform/receiver/driver/spi.o
                               0x6661 (size before relaxing)
 .debug_str     0x0000816a       0xf3 build/sensorplatform/receiver/release/target/sensorplatform/receiver/driver/random.o
                               0x5688 (size before relaxing)
 .debug_str     0x0000825d     0x22f2 build/sensorplatform/receiver/release/target/sensorplatform/receiver/main.o
                               0x89b6 (size before relaxing)
 .debug_str     0x0000a54f     0x4ac4 build/sensorplatform/receiver/release/target/sensorplatform/receiver/irq.o
                               0xb424 (size before relaxing)
 .debug_str     0x0000f013      0x986 build/sensorplatform/receiver/release/target/sensorplatform/receiver/hub.o
                               0x6d67 (size before relaxing)
 .debug_str     0x0000f999     0x1433 build/sensorplatform/receiver/release/target/sensorplatform/receiver/radio.o
                               0xb958 (size before relaxing)
 .debug_str     0x00010dcc     0x2a9f build/sensorplatform/receiver/release/target/sensorplatform/receiver/usb.o
                               0xb851 (size before relaxing)
 .debug_str     0x0001386b      0x138 build/sensorplatform/receiver/release/target/sensorplatform/common/driver/timer.o
                               0x5e69 (size before relaxing)
 .debug_str     0x000139a3      0x41a build/sensorplatform/receiver/release/soc/stm32/f2/rcc.o
                               0x749d (size before relaxing)
 .debug_str     0x00013dbd      0x218 build/sensorplatform/receiver/release/soc/stm32/f2/usb.o
                               0x894f (size before relaxing)
 .debug_str     0x00013fd5      0x134 build/sensorplatform/receiver/release/soc/stm32/init.o
                               0xcbf6 (size before relaxing)
 .debug_str     0x00014109       0xd1 build/sensorplatform/receiver/release/soc/stm32/pwr.o
                               0x61ea (size before relaxing)
 .debug_str     0x000141da      0x163 build/sensorplatform/receiver/release/soc/stm32/flash.o
                               0x62b9 (size before relaxing)
 .debug_str     0x0001433d      0x19e build/sensorplatform/receiver/release/soc/stm32/syscfg.o
                               0x62cd (size before relaxing)
 .debug_str     0x000144db     0x15b2 build/sensorplatform/receiver/release/soc/stm32/gpio.o
                               0x9959 (size before relaxing)
 .debug_str     0x00015a8d       0xba build/sensorplatform/receiver/release/soc/stm32/exti.o
                               0x88ac (size before relaxing)
 .debug_str     0x00015b47      0x2d4 build/sensorplatform/receiver/release/interface/gpio/gpio.o
                               0x87d8 (size before relaxing)
 .debug_str     0x00015e1b       0x69 build/sensorplatform/receiver/release/cpu/arm/cortexm/cortexutil.o
                               0xa6fd (size before relaxing)
 .debug_str     0x00015e84       0xe0 build/sensorplatform/receiver/release/cpu/arm/cortexm/irq.o
                               0xad17 (size before relaxing)
 .debug_str     0x00015f64      0x357 build/sensorplatform/receiver/release/cpu/arm/cortexm/vectors.o
                               0x64bd (size before relaxing)
 .debug_str     0x000162bb       0x15 build/sensorplatform/receiver/release/cpu/arm/util.o
                               0x6109 (size before relaxing)
 .debug_str     0x000162d0      0x3f5 build/sensorplatform/receiver/release/core/dwotg/dwotg.o
                               0x8444 (size before relaxing)
 .debug_str     0x000166c5       0x6c build/sensorplatform/receiver/release/interface/usb/usb.o
                               0x70d9 (size before relaxing)

.debug_loc      0x00000000     0x596d
 *(.debug_loc)
 .debug_loc     0x00000000       0x4b build/sensorplatform/receiver/release/sys/init.o
 .debug_loc     0x0000004b      0x71e build/sensorplatform/receiver/release/sys/util.o
 .debug_loc     0x00000769       0x9b build/sensorplatform/receiver/release/sys/time.o
 .debug_loc     0x00000804      0x418 build/sensorplatform/receiver/release/target/sensorplatform/receiver/driver/dma.o
 .debug_loc     0x00000c1c      0x11a build/sensorplatform/receiver/release/target/sensorplatform/receiver/driver/spi.o
 .debug_loc     0x00000d36       0x33 build/sensorplatform/receiver/release/target/sensorplatform/receiver/driver/random.o
 .debug_loc     0x00000d69       0x20 build/sensorplatform/receiver/release/target/sensorplatform/receiver/main.o
 .debug_loc     0x00000d89       0xe3 build/sensorplatform/receiver/release/target/sensorplatform/receiver/irq.o
 .debug_loc     0x00000e6c      0x1a6 build/sensorplatform/receiver/release/target/sensorplatform/receiver/hub.o
 .debug_loc     0x00001012     0x11e9 build/sensorplatform/receiver/release/target/sensorplatform/receiver/radio.o
 .debug_loc     0x000021fb      0x78e build/sensorplatform/receiver/release/target/sensorplatform/receiver/usb.o
 .debug_loc     0x00002989      0x1db build/sensorplatform/receiver/release/target/sensorplatform/common/driver/timer.o
 .debug_loc     0x00002b64      0x214 build/sensorplatform/receiver/release/soc/stm32/f2/rcc.o
 .debug_loc     0x00002d78       0xf3 build/sensorplatform/receiver/release/soc/stm32/f2/usb.o
 .debug_loc     0x00002e6b       0x96 build/sensorplatform/receiver/release/soc/stm32/init.o
 .debug_loc     0x00002f01       0x46 build/sensorplatform/receiver/release/soc/stm32/pwr.o
 .debug_loc     0x00002f47       0x13 build/sensorplatform/receiver/release/soc/stm32/flash.o
 .debug_loc     0x00002f5a       0x33 build/sensorplatform/receiver/release/soc/stm32/syscfg.o
 .debug_loc     0x00002f8d      0x66c build/sensorplatform/receiver/release/soc/stm32/gpio.o
 .debug_loc     0x000035f9      0x279 build/sensorplatform/receiver/release/soc/stm32/exti.o
 .debug_loc     0x00003872      0x3a2 build/sensorplatform/receiver/release/interface/gpio/gpio.o
 .debug_loc     0x00003c14       0x7a build/sensorplatform/receiver/release/cpu/arm/cortexm/cortexutil.o
 .debug_loc     0x00003c8e      0x17d build/sensorplatform/receiver/release/cpu/arm/cortexm/irq.o
 .debug_loc     0x00003e0b       0x40 build/sensorplatform/receiver/release/cpu/arm/cortexm/vectors.o
 .debug_loc     0x00003e4b       0x42 build/sensorplatform/receiver/release/cpu/arm/util.o
 .debug_loc     0x00003e8d      0xdbe build/sensorplatform/receiver/release/core/dwotg/dwotg.o
 .debug_loc     0x00004c4b      0xd22 build/sensorplatform/receiver/release/interface/usb/usb.o

.debug_macinfo
 *(.debug_macinfo)

.debug_weaknames
 *(.debug_weaknames)

.debug_funcnames
 *(.debug_funcnames)

.debug_typenames
 *(.debug_typenames)

.debug_varnames
 *(.debug_varnames)
LOAD build/sensorplatform/receiver/release/sys/init.o
LOAD build/sensorplatform/receiver/release/sys/util.o
LOAD build/sensorplatform/receiver/release/sys/time.o
LOAD build/sensorplatform/receiver/release/sys/serialnum.o
LOAD build/sensorplatform/receiver/release/target/sensorplatform/receiver/driver/clock.o
LOAD build/sensorplatform/receiver/release/target/sensorplatform/receiver/driver/dma.o
LOAD build/sensorplatform/receiver/release/target/sensorplatform/receiver/driver/spi.o
LOAD build/sensorplatform/receiver/release/target/sensorplatform/receiver/driver/random.o
LOAD build/sensorplatform/receiver/release/target/sensorplatform/receiver/main.o
LOAD build/sensorplatform/receiver/release/target/sensorplatform/receiver/irq.o
LOAD build/sensorplatform/receiver/release/target/sensorplatform/receiver/hub.o
LOAD build/sensorplatform/receiver/release/target/sensorplatform/receiver/radio.o
LOAD build/sensorplatform/receiver/release/target/sensorplatform/receiver/usb.o
LOAD build/sensorplatform/receiver/release/target/sensorplatform/common/driver/timer.o
LOAD build/sensorplatform/receiver/release/soc/stm32/f2/rcc.o
LOAD build/sensorplatform/receiver/release/soc/stm32/f2/serialnum.o
LOAD build/sensorplatform/receiver/release/soc/stm32/f2/usb.o
LOAD build/sensorplatform/receiver/release/soc/stm32/init.o
LOAD build/sensorplatform/receiver/release/soc/stm32/pwr.o
LOAD build/sensorplatform/receiver/release/soc/stm32/flash.o
LOAD build/sensorplatform/receiver/release/soc/stm32/syscfg.o
LOAD build/sensorplatform/receiver/release/soc/stm32/gpio.o
LOAD build/sensorplatform/receiver/release/soc/stm32/exti.o
LOAD build/sensorplatform/receiver/release/interface/gpio/gpio.o
LOAD build/sensorplatform/receiver/release/cpu/arm/cortexm/util_asm.o
LOAD build/sensorplatform/receiver/release/cpu/arm/cortexm/cortexutil.o
LOAD build/sensorplatform/receiver/release/cpu/arm/cortexm/irq.o
LOAD build/sensorplatform/receiver/release/cpu/arm/cortexm/vectors.o
LOAD build/sensorplatform/receiver/release/cpu/arm/util.o
LOAD build/sensorplatform/receiver/release/core/dwotg/dwotg.o
LOAD build/sensorplatform/receiver/release/interface/usb/usb.o
OUTPUT(build/sensorplatform/receiver/release/receiver.elf elf32-littlearm)

.debug_ranges   0x00000000     0x1008
 .debug_ranges  0x00000000       0x10 build/sensorplatform/receiver/release/sys/init.o
 .debug_ranges  0x00000010       0xf0 build/sensorplatform/receiver/release/sys/util.o
 .debug_ranges  0x00000100       0x18 build/sensorplatform/receiver/release/sys/time.o
 .debug_ranges  0x00000118       0x98 build/sensorplatform/receiver/release/target/sensorplatform/receiver/driver/dma.o
 .debug_ranges  0x000001b0       0x58 build/sensorplatform/receiver/release/target/sensorplatform/receiver/driver/spi.o
 .debug_ranges  0x00000208       0x18 build/sensorplatform/receiver/release/target/sensorplatform/receiver/driver/random.o
 .debug_ranges  0x00000220       0x10 build/sensorplatform/receiver/release/target/sensorplatform/receiver/main.o
 .debug_ranges  0x00000230       0x60 build/sensorplatform/receiver/release/target/sensorplatform/receiver/irq.o
 .debug_ranges  0x00000290       0x88 build/sensorplatform/receiver/release/target/sensorplatform/receiver/hub.o
 .debug_ranges  0x00000318      0x320 build/sensorplatform/receiver/release/target/sensorplatform/receiver/radio.o
 .debug_ranges  0x00000638      0x280 build/sensorplatform/receiver/release/target/sensorplatform/receiver/usb.o
 .debug_ranges  0x000008b8       0x58 build/sensorplatform/receiver/release/target/sensorplatform/common/driver/timer.o
 .debug_ranges  0x00000910       0x60 build/sensorplatform/receiver/release/soc/stm32/f2/rcc.o
 .debug_ranges  0x00000970       0x48 build/sensorplatform/receiver/release/soc/stm32/f2/usb.o
 .debug_ranges  0x000009b8       0x18 build/sensorplatform/receiver/release/soc/stm32/init.o
 .debug_ranges  0x000009d0       0x28 build/sensorplatform/receiver/release/soc/stm32/pwr.o
 .debug_ranges  0x000009f8       0x10 build/sensorplatform/receiver/release/soc/stm32/flash.o
 .debug_ranges  0x00000a08       0x28 build/sensorplatform/receiver/release/soc/stm32/syscfg.o
 .debug_ranges  0x00000a30       0xc8 build/sensorplatform/receiver/release/soc/stm32/gpio.o
 .debug_ranges  0x00000af8       0x70 build/sensorplatform/receiver/release/soc/stm32/exti.o
 .debug_ranges  0x00000b68       0x68 build/sensorplatform/receiver/release/interface/gpio/gpio.o
 .debug_ranges  0x00000bd0       0x60 build/sensorplatform/receiver/release/cpu/arm/cortexm/cortexutil.o
 .debug_ranges  0x00000c30       0x50 build/sensorplatform/receiver/release/cpu/arm/cortexm/irq.o
 .debug_ranges  0x00000c80       0x18 build/sensorplatform/receiver/release/cpu/arm/cortexm/vectors.o
 .debug_ranges  0x00000c98       0x18 build/sensorplatform/receiver/release/cpu/arm/util.o
 .debug_ranges  0x00000cb0      0x200 build/sensorplatform/receiver/release/core/dwotg/dwotg.o
 .debug_ranges  0x00000eb0      0x158 build/sensorplatform/receiver/release/interface/usb/usb.o

.debug_macro    0x00000000     0x3e40
 .debug_macro   0x00000000       0x8a build/sensorplatform/receiver/release/sys/init.o
 .debug_macro   0x0000008a      0x880 build/sensorplatform/receiver/release/sys/init.o
 .debug_macro   0x0000090a       0x10 build/sensorplatform/receiver/release/sys/init.o
 .debug_macro   0x0000091a       0x10 build/sensorplatform/receiver/release/sys/init.o
 .debug_macro   0x0000092a       0xe2 build/sensorplatform/receiver/release/sys/init.o
 .debug_macro   0x00000a0c       0x2e build/sensorplatform/receiver/release/sys/init.o
 .debug_macro   0x00000a3a       0x28 build/sensorplatform/receiver/release/sys/init.o
 .debug_macro   0x00000a62      0x1c0 build/sensorplatform/receiver/release/sys/init.o
 .debug_macro   0x00000c22      0x1ba build/sensorplatform/receiver/release/sys/init.o
 .debug_macro   0x00000ddc       0x2e build/sensorplatform/receiver/release/sys/init.o
 .debug_macro   0x00000e0a       0x4c build/sensorplatform/receiver/release/sys/init.o
 .debug_macro   0x00000e56       0x10 build/sensorplatform/receiver/release/sys/init.o
 .debug_macro   0x00000e66       0x10 build/sensorplatform/receiver/release/sys/init.o
 .debug_macro   0x00000e76       0x10 build/sensorplatform/receiver/release/sys/init.o
 .debug_macro   0x00000e86       0x10 build/sensorplatform/receiver/release/sys/init.o
 .debug_macro   0x00000e96       0xa9 build/sensorplatform/receiver/release/sys/util.o
 .debug_macro   0x00000f3f       0xf4 build/sensorplatform/receiver/release/sys/util.o
 .debug_macro   0x00001033       0x8b build/sensorplatform/receiver/release/sys/time.o
 .debug_macro   0x000010be       0x22 build/sensorplatform/receiver/release/sys/time.o
 .debug_macro   0x000010e0       0xd1 build/sensorplatform/receiver/release/target/sensorplatform/receiver/driver/dma.o
 .debug_macro   0x000011b1       0x90 build/sensorplatform/receiver/release/target/sensorplatform/receiver/driver/dma.o
 .debug_macro   0x00001241       0x1c build/sensorplatform/receiver/release/target/sensorplatform/receiver/driver/dma.o
 .debug_macro   0x0000125d       0x10 build/sensorplatform/receiver/release/target/sensorplatform/receiver/driver/dma.o
 .debug_macro   0x0000126d       0xa8 build/sensorplatform/receiver/release/target/sensorplatform/receiver/driver/spi.o
 .debug_macro   0x00001315       0x28 build/sensorplatform/receiver/release/target/sensorplatform/receiver/driver/spi.o
 .debug_macro   0x0000133d       0x94 build/sensorplatform/receiver/release/target/sensorplatform/receiver/driver/random.o
 .debug_macro   0x000013d1       0xfb build/sensorplatform/receiver/release/target/sensorplatform/receiver/main.o
 .debug_macro   0x000014cc      0x4b4 build/sensorplatform/receiver/release/target/sensorplatform/receiver/main.o
 .debug_macro   0x00001980      0x133 build/sensorplatform/receiver/release/target/sensorplatform/receiver/irq.o
 .debug_macro   0x00001ab3       0x3a build/sensorplatform/receiver/release/target/sensorplatform/receiver/irq.o
 .debug_macro   0x00001aed       0x2d build/sensorplatform/receiver/release/target/sensorplatform/receiver/irq.o
 .debug_macro   0x00001b1a      0xa8b build/sensorplatform/receiver/release/target/sensorplatform/receiver/irq.o
 .debug_macro   0x000025a5       0xbe build/sensorplatform/receiver/release/target/sensorplatform/receiver/hub.o
 .debug_macro   0x00002663      0x13a build/sensorplatform/receiver/release/target/sensorplatform/receiver/radio.o
 .debug_macro   0x0000279d       0x66 build/sensorplatform/receiver/release/target/sensorplatform/receiver/radio.o
 .debug_macro   0x00002803      0x118 build/sensorplatform/receiver/release/target/sensorplatform/receiver/usb.o
 .debug_macro   0x0000291b       0x10 build/sensorplatform/receiver/release/target/sensorplatform/receiver/usb.o
 .debug_macro   0x0000292b       0xa6 build/sensorplatform/receiver/release/target/sensorplatform/common/driver/timer.o
 .debug_macro   0x000029d1      0x112 build/sensorplatform/receiver/release/soc/stm32/f2/rcc.o
 .debug_macro   0x00002ae3       0x10 build/sensorplatform/receiver/release/soc/stm32/f2/rcc.o
 .debug_macro   0x00002af3       0xcf build/sensorplatform/receiver/release/soc/stm32/f2/usb.o
 .debug_macro   0x00002bc2      0x11d build/sensorplatform/receiver/release/soc/stm32/init.o
 .debug_macro   0x00002cdf       0x9d build/sensorplatform/receiver/release/soc/stm32/pwr.o
 .debug_macro   0x00002d7c       0xa5 build/sensorplatform/receiver/release/soc/stm32/flash.o
 .debug_macro   0x00002e21       0x9d build/sensorplatform/receiver/release/soc/stm32/syscfg.o
 .debug_macro   0x00002ebe       0xb4 build/sensorplatform/receiver/release/soc/stm32/gpio.o
 .debug_macro   0x00002f72       0x5f build/sensorplatform/receiver/release/soc/stm32/gpio.o
 .debug_macro   0x00002fd1       0xbf build/sensorplatform/receiver/release/soc/stm32/exti.o
 .debug_macro   0x00003090       0xa9 build/sensorplatform/receiver/release/interface/gpio/gpio.o
 .debug_macro   0x00003139       0xe2 build/sensorplatform/receiver/release/cpu/arm/cortexm/cortexutil.o
 .debug_macro   0x0000321b       0xdc build/sensorplatform/receiver/release/cpu/arm/cortexm/irq.o
 .debug_macro   0x000032f7       0xf9 build/sensorplatform/receiver/release/cpu/arm/cortexm/vectors.o
 .debug_macro   0x000033f0      0x85c build/sensorplatform/receiver/release/cpu/arm/cortexm/vectors.o
 .debug_macro   0x00003c4c       0x1c build/sensorplatform/receiver/release/cpu/arm/cortexm/vectors.o
 .debug_macro   0x00003c68       0x8b build/sensorplatform/receiver/release/cpu/arm/util.o
 .debug_macro   0x00003cf3       0xb8 build/sensorplatform/receiver/release/core/dwotg/dwotg.o
 .debug_macro   0x00003dab       0x95 build/sensorplatform/receiver/release/interface/usb/usb.o