
Allocating common symbols
Common symbol       size              file

__gnu_lto_v1        0x1               build/sensorplatform/updater/release/sys/init.o

Discarded input sections

 .group         0x00000000        0x8 build/sensorplatform/updater/release/sys/init.o
 .group         0x00000000        0x8 build/sensorplatform/updater/release/sys/init.o
 .group         0x00000000        0x8 build/sensorplatform/updater/release/sys/init.o
 .group         0x00000000        0x8 build/sensorplatform/updater/release/sys/init.o
 .group         0x00000000        0x8 build/sensorplatform/updater/release/sys/init.o
 .group         0x00000000        0x8 build/sensorplatform/updater/release/sys/init.o
 .group         0x00000000        0x8 build/sensorplatform/updater/release/sys/init.o
 .group         0x00000000        0x8 build/sensorplatform/updater/release/sys/init.o
 .group         0x00000000        0x8 build/sensorplatform/updater/release/sys/init.o
 .group         0x00000000        0x8 build/sensorplatform/updater/release/sys/init.o
 .group         0x00000000        0x8 build/sensorplatform/updater/release/sys/init.o
 .group         0x00000000        0x8 build/sensorplatform/updater/release/sys/init.o
 .group         0x00000000        0x8 build/sensorplatform/updater/release/sys/init.o
 .text          0x00000000        0x0 build/sensorplatform/updater/release/sys/init.o
 .data          0x00000000        0x0 build/sensorplatform/updater/release/sys/init.o
 .bss           0x00000000        0x0 build/sensorplatform/updater/release/sys/init.o
 .gnu.lto_.jmpfuncs.38bb1344
                0x00000000       0x15 build/sensorplatform/updater/release/sys/init.o
 .gnu.lto_.inline.38bb1344
                0x00000000       0x2c build/sensorplatform/updater/release/sys/init.o
 .gnu.lto_.pureconst.38bb1344
                0x00000000       0x12 build/sensorplatform/updater/release/sys/init.o
 .gnu.lto_sys_init.38bb1344
                0x00000000      0x166 build/sensorplatform/updater/release/sys/init.o
 .gnu.lto_.symbol_nodes.38bb1344
                0x00000000       0x41 build/sensorplatform/updater/release/sys/init.o
 .gnu.lto_.refs.38bb1344
                0x00000000       0x16 build/sensorplatform/updater/release/sys/init.o
 .gnu.lto_.decls.38bb1344
                0x00000000      0x18e build/sensorplatform/updater/release/sys/init.o
 .gnu.lto_.symtab.38bb1344
                0x00000000       0x66 build/sensorplatform/updater/release/sys/init.o
 .gnu.lto_.opts
                0x00000000       0xe1 build/sensorplatform/updater/release/sys/init.o
 .text.sys_init
                0x00000000       0x20 build/sensorplatform/updater/release/sys/init.o
 .debug_info    0x00000000       0xf1 build/sensorplatform/updater/release/sys/init.o
 .debug_abbrev  0x00000000       0xaa build/sensorplatform/updater/release/sys/init.o
 .debug_loc     0x00000000       0x4b build/sensorplatform/updater/release/sys/init.o
 .debug_aranges
                0x00000000       0x20 build/sensorplatform/updater/release/sys/init.o
 .debug_ranges  0x00000000       0x10 build/sensorplatform/updater/release/sys/init.o
 .debug_macro   0x00000000       0x8b build/sensorplatform/updater/release/sys/init.o
 .debug_macro   0x00000000      0x844 build/sensorplatform/updater/release/sys/init.o
 .debug_macro   0x00000000       0x10 build/sensorplatform/updater/release/sys/init.o
 .debug_macro   0x00000000       0x10 build/sensorplatform/updater/release/sys/init.o
 .debug_macro   0x00000000       0x28 build/sensorplatform/updater/release/sys/init.o
 .debug_macro   0x00000000       0x22 build/sensorplatform/updater/release/sys/init.o
 .debug_macro   0x00000000      0x112 build/sensorplatform/updater/release/sys/init.o
 .debug_macro   0x00000000       0xee build/sensorplatform/updater/release/sys/init.o
 .debug_macro   0x00000000       0x3a build/sensorplatform/updater/release/sys/init.o
 .debug_macro   0x00000000       0x52 build/sensorplatform/updater/release/sys/init.o
 .debug_macro   0x00000000       0x10 build/sensorplatform/updater/release/sys/init.o
 .debug_macro   0x00000000       0x10 build/sensorplatform/updater/release/sys/init.o
 .debug_macro   0x00000000       0x10 build/sensorplatform/updater/release/sys/init.o
 .debug_macro   0x00000000       0x10 build/sensorplatform/updater/release/sys/init.o
 .debug_line    0x00000000      0x1a2 build/sensorplatform/updater/release/sys/init.o
 .debug_str     0x00000000     0x32d2 build/sensorplatform/updater/release/sys/init.o
 .comment       0x00000000       0x71 build/sensorplatform/updater/release/sys/init.o
 .ARM.attributes
                0x00000000       0x31 build/sensorplatform/updater/release/sys/init.o
 .debug_frame   0x00000000       0x2c build/sensorplatform/updater/release/sys/init.o
 COMMON         0x00000000        0x1 build/sensorplatform/updater/release/sys/init.o
 .group         0x00000000        0x8 build/sensorplatform/updater/release/sys/util.o
 .group         0x00000000        0x8 build/sensorplatform/updater/release/sys/util.o
 .group         0x00000000        0x8 build/sensorplatform/updater/release/sys/util.o
 .group         0x00000000        0x8 build/sensorplatform/updater/release/sys/util.o
 .group         0x00000000        0x8 build/sensorplatform/updater/release/sys/util.o
 .group         0x00000000        0x8 build/sensorplatform/updater/release/sys/util.o
 .group         0x00000000        0x8 build/sensorplatform/updater/release/sys/util.o
 .group         0x00000000        0x8 build/sensorplatform/updater/release/sys/util.o
 .group         0x00000000        0x8 build/sensorplatform/updater/release/sys/util.o
 .group         0x00000000        0x8 build/sensorplatform/updater/release/sys/util.o
 .group         0x00000000        0x8 build/sensorplatform/updater/release/sys/util.o
 .group         0x00000000        0x8 build/sensorplatform/updater/release/sys/util.o
 .group         0x00000000        0x8 build/sensorplatform/updater/release/sys/util.o
 .group         0x00000000        0x8 build/sensorplatform/updater/release/sys/util.o
 .text          0x00000000        0x0 build/sensorplatform/updater/release/sys/util.o
 .data          0x00000000        0x0 build/sensorplatform/updater/release/sys/util.o
 .bss           0x00000000        0x0 build/sensorplatform/updater/release/sys/util.o
 .gnu.lto_.jmpfuncs.38bb6e79
                0x00000000       0x4c build/sensorplatform/updater/release/sys/util.o
 .gnu.lto_.inline.38bb6e79
                0x00000000      0x13c build/sensorplatform/updater/release/sys/util.o
 .gnu.lto_.pureconst.38bb6e79
                0x00000000       0x3c build/sensorplatform/updater/release/sys/util.o
 .gnu.lto_idle.38bb6e79
                0x00000000       0x76 build/sensorplatform/updater/release/sys/util.o
 .gnu.lto_breakpoint.38bb6e79
                0x00000000       0x77 build/sensorplatform/updater/release/sys/util.o
 .gnu.lto___aeabi_ldiv0.38bb6e79
                0x00000000       0x80 build/sensorplatform/updater/release/sys/util.o
 .gnu.lto_enter_critical_section.38bb6e79
                0x00000000       0x77 build/sensorplatform/updater/release/sys/util.o
 .gnu.lto_hang.38bb6e79
                0x00000000       0xb2 build/sensorplatform/updater/release/sys/util.o
 .gnu.lto_leave_critical_section.38bb6e79
                0x00000000       0x77 build/sensorplatform/updater/release/sys/util.o
 .gnu.lto_clean_dcache.38bb6e79
                0x00000000       0x77 build/sensorplatform/updater/release/sys/util.o
 .gnu.lto_invalidate_dcache.38bb6e79
                0x00000000       0x77 build/sensorplatform/updater/release/sys/util.o
 .gnu.lto_invalidate_icache.38bb6e79
                0x00000000       0x77 build/sensorplatform/updater/release/sys/util.o
 .gnu.lto_enable_mmu.38bb6e79
                0x00000000       0x77 build/sensorplatform/updater/release/sys/util.o
 .gnu.lto_disable_mmu.38bb6e79
                0x00000000       0x7a build/sensorplatform/updater/release/sys/util.o
 .gnu.lto_execfirmware.38bb6e79
                0x00000000      0x130 build/sensorplatform/updater/release/sys/util.o
 .gnu.lto_swap32.38bb6e79
                0x00000000       0xf8 build/sensorplatform/updater/release/sys/util.o
 .gnu.lto_swap16.38bb6e79
                0x00000000       0xf8 build/sensorplatform/updater/release/sys/util.o
 .gnu.lto_reverse32.38bb6e79
                0x00000000      0x354 build/sensorplatform/updater/release/sys/util.o
 .gnu.lto_memset.38bb6e79
                0x00000000      0x44a build/sensorplatform/updater/release/sys/util.o
 .gnu.lto_memmove.38bb6e79
                0x00000000      0x64b build/sensorplatform/updater/release/sys/util.o
 .gnu.lto_memcmp.38bb6e79
                0x00000000      0x22a build/sensorplatform/updater/release/sys/util.o
 .gnu.lto_strlen.38bb6e79
                0x00000000      0x1c2 build/sensorplatform/updater/release/sys/util.o
 .gnu.lto_to_hex.38bb6e79
                0x00000000      0x1ff build/sensorplatform/updater/release/sys/util.o
 .gnu.lto_.symbol_nodes.38bb6e79
                0x00000000       0xcb build/sensorplatform/updater/release/sys/util.o
 .gnu.lto_.refs.38bb6e79
                0x00000000       0x24 build/sensorplatform/updater/release/sys/util.o
 .gnu.lto_.decls.38bb6e79
                0x00000000      0xb16 build/sensorplatform/updater/release/sys/util.o
 .gnu.lto_.symtab.38bb6e79
                0x00000000      0x2a7 build/sensorplatform/updater/release/sys/util.o
 .gnu.lto_.opts
                0x00000000       0xe1 build/sensorplatform/updater/release/sys/util.o
 .text.idle     0x00000000        0x2 build/sensorplatform/updater/release/sys/util.o
 .text.breakpoint
                0x00000000        0x2 build/sensorplatform/updater/release/sys/util.o
 .text.__aeabi_ldiv0
                0x00000000        0x6 build/sensorplatform/updater/release/sys/util.o
 .text.enter_critical_section
                0x00000000        0x2 build/sensorplatform/updater/release/sys/util.o
 .text.hang     0x00000000       0x10 build/sensorplatform/updater/release/sys/util.o
 .text.leave_critical_section
                0x00000000        0x2 build/sensorplatform/updater/release/sys/util.o
 .text.clean_dcache
                0x00000000        0x2 build/sensorplatform/updater/release/sys/util.o
 .text.invalidate_dcache
                0x00000000        0x2 build/sensorplatform/updater/release/sys/util.o
 .text.invalidate_icache
                0x00000000        0x2 build/sensorplatform/updater/release/sys/util.o
 .text.enable_mmu
                0x00000000        0x2 build/sensorplatform/updater/release/sys/util.o
 .text.disable_mmu
                0x00000000        0x2 build/sensorplatform/updater/release/sys/util.o
 .text.execfirmware
                0x00000000       0x22 build/sensorplatform/updater/release/sys/util.o
 .text.swap32   0x00000000        0x4 build/sensorplatform/updater/release/sys/util.o
 .text.swap16   0x00000000        0xc build/sensorplatform/updater/release/sys/util.o
 .text.reverse32
                0x00000000      0x128 build/sensorplatform/updater/release/sys/util.o
 .text.memset   0x00000000       0x60 build/sensorplatform/updater/release/sys/util.o
 .text.memmove  0x00000000       0x8c build/sensorplatform/updater/release/sys/util.o
 .text.memcmp   0x00000000       0x1a build/sensorplatform/updater/release/sys/util.o
 .text.strlen   0x00000000       0x12 build/sensorplatform/updater/release/sys/util.o
 .text.to_hex   0x00000000       0x20 build/sensorplatform/updater/release/sys/util.o
 .rodata.hextab
                0x00000000       0x10 build/sensorplatform/updater/release/sys/util.o
 .debug_info    0x00000000      0x5ad build/sensorplatform/updater/release/sys/util.o
 .debug_abbrev  0x00000000      0x1b3 build/sensorplatform/updater/release/sys/util.o
 .debug_loc     0x00000000      0x7a8 build/sensorplatform/updater/release/sys/util.o
 .debug_aranges
                0x00000000       0xb8 build/sensorplatform/updater/release/sys/util.o
 .debug_ranges  0x00000000       0xc0 build/sensorplatform/updater/release/sys/util.o
 .debug_macro   0x00000000       0xaa build/sensorplatform/updater/release/sys/util.o
 .debug_macro   0x00000000      0x844 build/sensorplatform/updater/release/sys/util.o
 .debug_macro   0x00000000       0x10 build/sensorplatform/updater/release/sys/util.o
 .debug_macro   0x00000000       0x10 build/sensorplatform/updater/release/sys/util.o
 .debug_macro   0x00000000       0x28 build/sensorplatform/updater/release/sys/util.o
 .debug_macro   0x00000000       0x22 build/sensorplatform/updater/release/sys/util.o
 .debug_macro   0x00000000      0x112 build/sensorplatform/updater/release/sys/util.o
 .debug_macro   0x00000000       0xee build/sensorplatform/updater/release/sys/util.o
 .debug_macro   0x00000000       0x3a build/sensorplatform/updater/release/sys/util.o
 .debug_macro   0x00000000       0x52 build/sensorplatform/updater/release/sys/util.o
 .debug_macro   0x00000000       0x10 build/sensorplatform/updater/release/sys/util.o
 .debug_macro   0x00000000       0x10 build/sensorplatform/updater/release/sys/util.o
 .debug_macro   0x00000000       0x10 build/sensorplatform/updater/release/sys/util.o
 .debug_macro   0x00000000       0x10 build/sensorplatform/updater/release/sys/util.o
 .debug_macro   0x00000000       0xf4 build/sensorplatform/updater/release/sys/util.o
 .debug_line    0x00000000      0x33e build/sensorplatform/updater/release/sys/util.o
 .debug_str     0x00000000     0x406b build/sensorplatform/updater/release/sys/util.o
 .comment       0x00000000       0x71 build/sensorplatform/updater/release/sys/util.o
 .ARM.attributes
                0x00000000       0x31 build/sensorplatform/updater/release/sys/util.o
 .debug_frame   0x00000000      0x1ac build/sensorplatform/updater/release/sys/util.o
 .group         0x00000000        0x8 build/sensorplatform/updater/release/sys/time.o
 .group         0x00000000        0x8 build/sensorplatform/updater/release/sys/time.o
 .group         0x00000000        0x8 build/sensorplatform/updater/release/sys/time.o
 .group         0x00000000        0x8 build/sensorplatform/updater/release/sys/time.o
 .group         0x00000000        0x8 build/sensorplatform/updater/release/sys/time.o
 .group         0x00000000        0x8 build/sensorplatform/updater/release/sys/time.o
 .group         0x00000000        0x8 build/sensorplatform/updater/release/sys/time.o
 .group         0x00000000        0x8 build/sensorplatform/updater/release/sys/time.o
 .group         0x00000000        0x8 build/sensorplatform/updater/release/sys/time.o
 .group         0x00000000        0x8 build/sensorplatform/updater/release/sys/time.o
 .group         0x00000000        0x8 build/sensorplatform/updater/release/sys/time.o
 .group         0x00000000        0x8 build/sensorplatform/updater/release/sys/time.o
 .group         0x00000000        0x8 build/sensorplatform/updater/release/sys/time.o
 .group         0x00000000        0x8 build/sensorplatform/updater/release/sys/time.o
 .text          0x00000000        0x0 build/sensorplatform/updater/release/sys/time.o
 .data          0x00000000        0x0 build/sensorplatform/updater/release/sys/time.o
 .bss           0x00000000        0x0 build/sensorplatform/updater/release/sys/time.o
 .gnu.lto_.jmpfuncs.38bb5d3c
                0x00000000       0x17 build/sensorplatform/updater/release/sys/time.o
 .gnu.lto_.inline.38bb5d3c
                0x00000000       0x36 build/sensorplatform/updater/release/sys/time.o
 .gnu.lto_.pureconst.38bb5d3c
                0x00000000       0x14 build/sensorplatform/updater/release/sys/time.o
 .gnu.lto_udelay.38bb5d3c
                0x00000000      0x165 build/sensorplatform/updater/release/sys/time.o
 .gnu.lto_read_usec_timer64.38bb5d3c
                0x00000000      0x230 build/sensorplatform/updater/release/sys/time.o
 .gnu.lto_.symbol_nodes.38bb5d3c
                0x00000000       0x46 build/sensorplatform/updater/release/sys/time.o
 .gnu.lto_.refs.38bb5d3c
                0x00000000       0x1a build/sensorplatform/updater/release/sys/time.o
 .gnu.lto_.decls.38bb5d3c
                0x00000000      0x299 build/sensorplatform/updater/release/sys/time.o
 .gnu.lto_.symtab.38bb5d3c
                0x00000000       0x56 build/sensorplatform/updater/release/sys/time.o
 .gnu.lto_.opts
                0x00000000       0xe1 build/sensorplatform/updater/release/sys/time.o
 .text.udelay   0x00000000       0x16 build/sensorplatform/updater/release/sys/time.o
 .text.read_usec_timer64
                0x00000000       0x28 build/sensorplatform/updater/release/sys/time.o
 .bss._ZL24sys_time_usec_timer_high
                0x00000000        0x4 build/sensorplatform/updater/release/sys/time.o
 .bss._ZL28sys_time_usec_timer_last_low
                0x00000000        0x4 build/sensorplatform/updater/release/sys/time.o
 .debug_info    0x00000000      0x163 build/sensorplatform/updater/release/sys/time.o
 .debug_abbrev  0x00000000       0xcf build/sensorplatform/updater/release/sys/time.o
 .debug_loc     0x00000000       0x7f build/sensorplatform/updater/release/sys/time.o
 .debug_aranges
                0x00000000       0x28 build/sensorplatform/updater/release/sys/time.o
 .debug_ranges  0x00000000       0x18 build/sensorplatform/updater/release/sys/time.o
 .debug_macro   0x00000000       0x8c build/sensorplatform/updater/release/sys/time.o
 .debug_macro   0x00000000      0x844 build/sensorplatform/updater/release/sys/time.o
 .debug_macro   0x00000000       0x10 build/sensorplatform/updater/release/sys/time.o
 .debug_macro   0x00000000       0x10 build/sensorplatform/updater/release/sys/time.o
 .debug_macro   0x00000000       0x28 build/sensorplatform/updater/release/sys/time.o
 .debug_macro   0x00000000       0x22 build/sensorplatform/updater/release/sys/time.o
 .debug_macro   0x00000000      0x112 build/sensorplatform/updater/release/sys/time.o
 .debug_macro   0x00000000       0xee build/sensorplatform/updater/release/sys/time.o
 .debug_macro   0x00000000       0x3a build/sensorplatform/updater/release/sys/time.o
 .debug_macro   0x00000000       0x52 build/sensorplatform/updater/release/sys/time.o
 .debug_macro   0x00000000       0x10 build/sensorplatform/updater/release/sys/time.o
 .debug_macro   0x00000000       0x10 build/sensorplatform/updater/release/sys/time.o
 .debug_macro   0x00000000       0x10 build/sensorplatform/updater/release/sys/time.o
 .debug_macro   0x00000000       0x10 build/sensorplatform/updater/release/sys/time.o
 .debug_macro   0x00000000       0x22 build/sensorplatform/updater/release/sys/time.o
 .debug_line    0x00000000      0x1a4 build/sensorplatform/updater/release/sys/time.o
 .debug_str     0x00000000     0x33ee build/sensorplatform/updater/release/sys/time.o
 .comment       0x00000000       0x71 build/sensorplatform/updater/release/sys/time.o
 .ARM.attributes
                0x00000000       0x31 build/sensorplatform/updater/release/sys/time.o
 .debug_frame   0x00000000       0x4c build/sensorplatform/updater/release/sys/time.o
 .group         0x00000000        0x8 build/sensorplatform/updater/release/sys/serialnum.o
 .group         0x00000000        0x8 build/sensorplatform/updater/release/sys/serialnum.o
 .group         0x00000000        0x8 build/sensorplatform/updater/release/sys/serialnum.o
 .group         0x00000000        0x8 build/sensorplatform/updater/release/sys/serialnum.o
 .group         0x00000000        0x8 build/sensorplatform/updater/release/sys/serialnum.o
 .group         0x00000000        0x8 build/sensorplatform/updater/release/sys/serialnum.o
 .group         0x00000000        0x8 build/sensorplatform/updater/release/sys/serialnum.o
 .group         0x00000000        0x8 build/sensorplatform/updater/release/sys/serialnum.o
 .group         0x00000000        0x8 build/sensorplatform/updater/release/sys/serialnum.o
 .group         0x00000000        0x8 build/sensorplatform/updater/release/sys/serialnum.o
 .group         0x00000000        0x8 build/sensorplatform/updater/release/sys/serialnum.o
 .group         0x00000000        0x8 build/sensorplatform/updater/release/sys/serialnum.o
 .group         0x00000000        0x8 build/sensorplatform/updater/release/sys/serialnum.o
 .text          0x00000000        0x0 build/sensorplatform/updater/release/sys/serialnum.o
 .data          0x00000000        0x0 build/sensorplatform/updater/release/sys/serialnum.o
 .bss           0x00000000        0x0 build/sensorplatform/updater/release/sys/serialnum.o
 .gnu.lto_.jmpfuncs.38bb514f
                0x00000000       0x15 build/sensorplatform/updater/release/sys/serialnum.o
 .gnu.lto_.inline.38bb514f
                0x00000000       0x26 build/sensorplatform/updater/release/sys/serialnum.o
 .gnu.lto_.pureconst.38bb514f
                0x00000000       0x14 build/sensorplatform/updater/release/sys/serialnum.o
 .gnu.lto_serialnum_chip.38bb514f
                0x00000000       0x89 build/sensorplatform/updater/release/sys/serialnum.o
 .gnu.lto_serialnum_board.38bb514f
                0x00000000       0x9f build/sensorplatform/updater/release/sys/serialnum.o
 .gnu.lto_.symbol_nodes.38bb514f
                0x00000000       0x2d build/sensorplatform/updater/release/sys/serialnum.o
 .gnu.lto_.refs.38bb514f
                0x00000000        0xf build/sensorplatform/updater/release/sys/serialnum.o
 .gnu.lto_.decls.38bb514f
                0x00000000      0x180 build/sensorplatform/updater/release/sys/serialnum.o
 .gnu.lto_.symtab.38bb514f
                0x00000000       0x3d build/sensorplatform/updater/release/sys/serialnum.o
 .gnu.lto_.opts
                0x00000000       0xe1 build/sensorplatform/updater/release/sys/serialnum.o
 .text.serialnum_chip
                0x00000000        0x6 build/sensorplatform/updater/release/sys/serialnum.o
 .text.serialnum_board
                0x00000000        0x8 build/sensorplatform/updater/release/sys/serialnum.o
 .debug_info    0x00000000       0xba build/sensorplatform/updater/release/sys/serialnum.o
 .debug_abbrev  0x00000000       0x77 build/sensorplatform/updater/release/sys/serialnum.o
 .debug_loc     0x00000000       0x20 build/sensorplatform/updater/release/sys/serialnum.o
 .debug_aranges
                0x00000000       0x28 build/sensorplatform/updater/release/sys/serialnum.o
 .debug_ranges  0x00000000       0x18 build/sensorplatform/updater/release/sys/serialnum.o
 .debug_macro   0x00000000       0x87 build/sensorplatform/updater/release/sys/serialnum.o
 .debug_macro   0x00000000      0x844 build/sensorplatform/updater/release/sys/serialnum.o
 .debug_macro   0x00000000       0x10 build/sensorplatform/updater/release/sys/serialnum.o
 .debug_macro   0x00000000       0x10 build/sensorplatform/updater/release/sys/serialnum.o
 .debug_macro   0x00000000       0x28 build/sensorplatform/updater/release/sys/serialnum.o
 .debug_macro   0x00000000       0x22 build/sensorplatform/updater/release/sys/serialnum.o
 .debug_macro   0x00000000      0x112 build/sensorplatform/updater/release/sys/serialnum.o
 .debug_macro   0x00000000       0xee build/sensorplatform/updater/release/sys/serialnum.o
 .debug_macro   0x00000000       0x3a build/sensorplatform/updater/release/sys/serialnum.o
 .debug_macro   0x00000000       0x52 build/sensorplatform/updater/release/sys/serialnum.o
 .debug_macro   0x00000000       0x10 build/sensorplatform/updater/release/sys/serialnum.o
 .debug_macro   0x00000000       0x10 build/sensorplatform/updater/release/sys/serialnum.o
 .debug_macro   0x00000000       0x10 build/sensorplatform/updater/release/sys/serialnum.o
 .debug_macro   0x00000000       0x10 build/sensorplatform/updater/release/sys/serialnum.o
 .debug_line    0x00000000      0x19e build/sensorplatform/updater/release/sys/serialnum.o
 .debug_str     0x00000000     0x32d5 build/sensorplatform/updater/release/sys/serialnum.o
 .comment       0x00000000       0x71 build/sensorplatform/updater/release/sys/serialnum.o
 .ARM.attributes
                0x00000000       0x31 build/sensorplatform/updater/release/sys/serialnum.o
 .debug_frame   0x00000000       0x3c build/sensorplatform/updater/release/sys/serialnum.o
 .group         0x00000000        0x8 build/sensorplatform/updater/release/target/sensorplatform/updater/main.o
 .group         0x00000000        0x8 build/sensorplatform/updater/release/target/sensorplatform/updater/main.o
 .group         0x00000000        0x8 build/sensorplatform/updater/release/target/sensorplatform/updater/main.o
 .group         0x00000000        0x8 build/sensorplatform/updater/release/target/sensorplatform/updater/main.o
 .group         0x00000000        0x8 build/sensorplatform/updater/release/target/sensorplatform/updater/main.o
 .group         0x00000000        0x8 build/sensorplatform/updater/release/target/sensorplatform/updater/main.o
 .group         0x00000000        0x8 build/sensorplatform/updater/release/target/sensorplatform/updater/main.o
 .group         0x00000000        0x8 build/sensorplatform/updater/release/target/sensorplatform/updater/main.o
 .group         0x00000000        0x8 build/sensorplatform/updater/release/target/sensorplatform/updater/main.o
 .group         0x00000000        0x8 build/sensorplatform/updater/release/target/sensorplatform/updater/main.o
 .group         0x00000000        0x8 build/sensorplatform/updater/release/target/sensorplatform/updater/main.o
 .group         0x00000000        0x8 build/sensorplatform/updater/release/target/sensorplatform/updater/main.o
 .group         0x00000000        0x8 build/sensorplatform/updater/release/target/sensorplatform/updater/main.o
 .group         0x00000000        0x8 build/sensorplatform/updater/release/target/sensorplatform/updater/main.o
 .group         0x00000000        0x8 build/sensorplatform/updater/release/target/sensorplatform/updater/main.o
 .group         0x00000000        0x8 build/sensorplatform/updater/release/target/sensorplatform/updater/main.o
 .group         0x00000000        0x8 build/sensorplatform/updater/release/target/sensorplatform/updater/main.o
 .group         0x00000000        0x8 build/sensorplatform/updater/release/target/sensorplatform/updater/main.o
 .group         0x00000000        0x8 build/sensorplatform/updater/release/target/sensorplatform/updater/main.o
 .group         0x00000000        0x8 build/sensorplatform/updater/release/target/sensorplatform/updater/main.o
 .text          0x00000000        0x0 build/sensorplatform/updater/release/target/sensorplatform/updater/main.o
 .data          0x00000000        0x0 build/sensorplatform/updater/release/target/sensorplatform/updater/main.o
 .bss           0x00000000        0x0 build/sensorplatform/updater/release/target/sensorplatform/updater/main.o
 .gnu.lto_.jmpfuncs.38bb78b2
                0x00000000       0x52 build/sensorplatform/updater/release/target/sensorplatform/updater/main.o
 .gnu.lto_.inline.38bb78b2
                0x00000000       0x9d build/sensorplatform/updater/release/target/sensorplatform/updater/main.o
 .gnu.lto_.pureconst.38bb78b2
                0x00000000       0x18 build/sensorplatform/updater/release/target/sensorplatform/updater/main.o
 .gnu.lto__ZL6rebootv.38bb78b2
                0x00000000       0xdd build/sensorplatform/updater/release/target/sensorplatform/updater/main.o
 .gnu.lto_spiRead.38bb78b2
                0x00000000      0x13d build/sensorplatform/updater/release/target/sensorplatform/updater/main.o
 .gnu.lto__ZL9sdSendCmdmm.38bb78b2
                0x00000000      0x35d build/sensorplatform/updater/release/target/sensorplatform/updater/main.o
 .gnu.lto__startup.38bb78b2
                0x00000000      0x954 build/sensorplatform/updater/release/target/sensorplatform/updater/main.o
 .gnu.lto_.symbol_nodes.38bb78b2
                0x00000000       0xc7 build/sensorplatform/updater/release/target/sensorplatform/updater/main.o
 .gnu.lto_.refs.38bb78b2
                0x00000000        0xf build/sensorplatform/updater/release/target/sensorplatform/updater/main.o
 .gnu.lto_.decls.38bb78b2
                0x00000000     0x322c build/sensorplatform/updater/release/target/sensorplatform/updater/main.o
 .gnu.lto_.symtab.38bb78b2
                0x00000000       0x18 build/sensorplatform/updater/release/target/sensorplatform/updater/main.o
 .gnu.lto_.opts
                0x00000000       0xe1 build/sensorplatform/updater/release/target/sensorplatform/updater/main.o
 .debug_macro   0x00000000      0x844 build/sensorplatform/updater/release/target/sensorplatform/updater/main.o
 .debug_macro   0x00000000       0x10 build/sensorplatform/updater/release/target/sensorplatform/updater/main.o
 .debug_macro   0x00000000       0x10 build/sensorplatform/updater/release/target/sensorplatform/updater/main.o
 .debug_macro   0x00000000       0x28 build/sensorplatform/updater/release/target/sensorplatform/updater/main.o
 .debug_macro   0x00000000       0x22 build/sensorplatform/updater/release/target/sensorplatform/updater/main.o
 .debug_macro   0x00000000      0x112 build/sensorplatform/updater/release/target/sensorplatform/updater/main.o
 .debug_macro   0x00000000       0xee build/sensorplatform/updater/release/target/sensorplatform/updater/main.o
 .debug_macro   0x00000000       0x3a build/sensorplatform/updater/release/target/sensorplatform/updater/main.o
 .debug_macro   0x00000000       0x52 build/sensorplatform/updater/release/target/sensorplatform/updater/main.o
 .debug_macro   0x00000000       0x10 build/sensorplatform/updater/release/target/sensorplatform/updater/main.o
 .debug_macro   0x00000000       0x10 build/sensorplatform/updater/release/target/sensorplatform/updater/main.o
 .debug_macro   0x00000000       0x10 build/sensorplatform/updater/release/target/sensorplatform/updater/main.o
 .debug_macro   0x00000000       0x10 build/sensorplatform/updater/release/target/sensorplatform/updater/main.o
 .debug_macro   0x00000000       0xf4 build/sensorplatform/updater/release/target/sensorplatform/updater/main.o

Memory Configuration

Name             Origin             Length             Attributes
SRAM             0x20000000         0x00001000         xrw
*default*        0x00000000         0xffffffff

Linker script and memory map


.stack          0x20000000      0x100
                0x20000000                _stack = .
                0x20000100                . = (. + 0x100)
 *fill*         0x20000000      0x100 
                0x20000100                _stack_end = .

.text           0x20000100      0x1a4
                0x20000100                _text = .
 *(.startup)
 .startup       0x20000100      0x124 build/sensorplatform/updater/release/target/sensorplatform/updater/main.o
                0x20000100                _startup
 *(.text)
 *(.text.*)
 .text._ZL6rebootv
                0x20000224       0x10 build/sensorplatform/updater/release/target/sensorplatform/updater/main.o
 .text.spiRead  0x20000234       0x14 build/sensorplatform/updater/release/target/sensorplatform/updater/main.o
 .text._ZL9sdSendCmdmm
                0x20000248       0x5c build/sensorplatform/updater/release/target/sensorplatform/updater/main.o
                0x200002a4                . = ALIGN (0x4)
 *(.rodata)
 *(.rodata.*)
                0x200002a4                . = ALIGN (0x4)
                0x200002a4                _text_end = .
                0x200002a4                _data = .
 *(.data)
 *(.data.*)
                0x200002a4                . = ALIGN (0x4)
                0x200002a4                _data_end = .

.glue_7         0x200002a4        0x0
 .glue_7        0x00000000        0x0 linker stubs

.glue_7t        0x200002a4        0x0
 .glue_7t       0x00000000        0x0 linker stubs

.vfp11_veneer   0x200002a4        0x0
 .vfp11_veneer  0x00000000        0x0 linker stubs

.v4_bx          0x200002a4        0x0
 .v4_bx         0x00000000        0x0 linker stubs

.iplt           0x200002a4        0x0
 .iplt          0x00000000        0x0 build/sensorplatform/updater/release/sys/init.o

.igot.plt       0x200002a4        0x0
 .igot.plt      0x00000000        0x0 build/sensorplatform/updater/release/sys/init.o

.rel.dyn        0x200002a4        0x0
 .rel.iplt      0x00000000        0x0 build/sensorplatform/updater/release/sys/init.o

.bss            0x200002a4        0x0
                0x200002a4                _bss = .
 *(.bss)
 *(.bss.*)
 *(COMMON)
 *(.dmabss)
 *(.dmabss.*)
                0x200002a4                . = ALIGN (0x4)
                0x200002a4                _bss_end = .

DISCARD
 *(.note.*)

.stab
 *(.stab)

.stabstr
 *(.stabstr)

.stab.excl
 *(.stab.excl)

.stab.exclstr
 *(.stab.exclstr)

.stab.index
 *(.stab.index)

.stab.indexstr
 *(.stab.indexstr)

.comment        0x00000000       0x70
 *(.comment)
 .comment       0x00000000       0x70 build/sensorplatform/updater/release/target/sensorplatform/updater/main.o
                                 0x71 (size before relaxing)

.ARM.attributes
                0x00000000       0x31
 .ARM.attributes
                0x00000000       0x31 build/sensorplatform/updater/release/target/sensorplatform/updater/main.o

.debug
 *(.debug)

.line
 *(.line)

.debug_srcinfo
 *(.debug_srcinfo)

.debug_sfnames
 *(.debug_sfnames)

.debug_aranges  0x00000000       0x38
 *(.debug_aranges)
 .debug_aranges
                0x00000000       0x38 build/sensorplatform/updater/release/target/sensorplatform/updater/main.o

.debug_pubnames
 *(.debug_pubnames)

.debug_info     0x00000000     0x197d
 *(.debug_info .gnu.linkonce.wi.*)
 .debug_info    0x00000000     0x197d build/sensorplatform/updater/release/target/sensorplatform/updater/main.o

.debug_abbrev   0x00000000      0x303
 *(.debug_abbrev)
 .debug_abbrev  0x00000000      0x303 build/sensorplatform/updater/release/target/sensorplatform/updater/main.o

.debug_line     0x00000000      0x332
 *(.debug_line)
 .debug_line    0x00000000      0x332 build/sensorplatform/updater/release/target/sensorplatform/updater/main.o

.debug_frame    0x00000000       0x60
 *(.debug_frame)
 .debug_frame   0x00000000       0x60 build/sensorplatform/updater/release/target/sensorplatform/updater/main.o

.debug_str      0x00000000     0x5aa7
 *(.debug_str)
 .debug_str     0x00000000     0x5aa7 build/sensorplatform/updater/release/target/sensorplatform/updater/main.o
                               0x5b79 (size before relaxing)

.debug_loc      0x00000000      0x2d7
 *(.debug_loc)
 .debug_loc     0x00000000      0x2d7 build/sensorplatform/updater/release/target/sensorplatform/updater/main.o

.debug_macinfo
 *(.debug_macinfo)

.debug_weaknames
 *(.debug_weaknames)

.debug_funcnames
 *(.debug_funcnames)

.debug_typenames
 *(.debug_typenames)

.debug_varnames
 *(.debug_varnames)
LOAD build/sensorplatform/updater/release/sys/init.o
LOAD build/sensorplatform/updater/release/sys/util.o
LOAD build/sensorplatform/updater/release/sys/time.o
LOAD build/sensorplatform/updater/release/sys/serialnum.o
LOAD build/sensorplatform/updater/release/target/sensorplatform/updater/main.o
OUTPUT(build/sensorplatform/updater/release/updater.elf elf32-littlearm)

.debug_ranges   0x00000000       0x70
 .debug_ranges  0x00000000       0x70 build/sensorplatform/updater/release/target/sensorplatform/updater/main.o

.debug_macro    0x00000000      0x3e8
 .debug_macro   0x00000000      0x105 build/sensorplatform/updater/release/target/sensorplatform/updater/main.o
 .debug_macro   0x00000105       0x10 build/sensorplatform/updater/release/target/sensorplatform/updater/main.o
 .debug_macro   0x00000115       0x10 build/sensorplatform/updater/release/target/sensorplatform/updater/main.o
 .debug_macro   0x00000125       0x3a build/sensorplatform/updater/release/target/sensorplatform/updater/main.o
 .debug_macro   0x0000015f       0x1f build/sensorplatform/updater/release/target/sensorplatform/updater/main.o
 .debug_macro   0x0000017e      0x242 build/sensorplatform/updater/release/target/sensorplatform/updater/main.o
 .debug_macro   0x000003c0       0x28 build/sensorplatform/updater/release/target/sensorplatform/updater/main.o
