
Allocating common symbols
Common symbol       size              file

__gnu_lto_v1        0x1               build/sensorplatform/multisensor/release/sys/init.o

Discarded input sections

 .group         0x00000000        0x8 build/sensorplatform/multisensor/release/sys/init.o
 .group         0x00000000        0x8 build/sensorplatform/multisensor/release/sys/init.o
 .group         0x00000000        0x8 build/sensorplatform/multisensor/release/sys/init.o
 .group         0x00000000        0x8 build/sensorplatform/multisensor/release/sys/init.o
 .group         0x00000000        0x8 build/sensorplatform/multisensor/release/sys/init.o
 .group         0x00000000        0x8 build/sensorplatform/multisensor/release/sys/init.o
 .group         0x00000000        0x8 build/sensorplatform/multisensor/release/sys/init.o
 .group         0x00000000        0x8 build/sensorplatform/multisensor/release/sys/init.o
 .group         0x00000000        0x8 build/sensorplatform/multisensor/release/sys/init.o
 .group         0x00000000        0x8 build/sensorplatform/multisensor/release/sys/init.o
 .group         0x00000000        0x8 build/sensorplatform/multisensor/release/sys/init.o
 .group         0x00000000        0x8 build/sensorplatform/multisensor/release/sys/init.o
 .group         0x00000000        0x8 build/sensorplatform/multisensor/release/sys/init.o
 .group         0x00000000        0x8 build/sensorplatform/multisensor/release/sys/init.o
 .text          0x00000000        0x0 build/sensorplatform/multisensor/release/sys/init.o
 .data          0x00000000        0x0 build/sensorplatform/multisensor/release/sys/init.o
 .bss           0x00000000        0x0 build/sensorplatform/multisensor/release/sys/init.o
 .gnu.lto_.jmpfuncs.38bb5d13
                0x00000000       0x15 build/sensorplatform/multisensor/release/sys/init.o
 .gnu.lto_.inline.38bb5d13
                0x00000000       0x2c build/sensorplatform/multisensor/release/sys/init.o
 .gnu.lto_.pureconst.38bb5d13
                0x00000000       0x12 build/sensorplatform/multisensor/release/sys/init.o
 .gnu.lto_sys_init.38bb5d13
                0x00000000      0x166 build/sensorplatform/multisensor/release/sys/init.o
 .gnu.lto_.symbol_nodes.38bb5d13
                0x00000000       0x41 build/sensorplatform/multisensor/release/sys/init.o
 .gnu.lto_.refs.38bb5d13
                0x00000000       0x16 build/sensorplatform/multisensor/release/sys/init.o
 .gnu.lto_.decls.38bb5d13
                0x00000000      0x18e build/sensorplatform/multisensor/release/sys/init.o
 .gnu.lto_.symtab.38bb5d13
                0x00000000       0x66 build/sensorplatform/multisensor/release/sys/init.o
 .gnu.lto_.opts
                0x00000000       0xe1 build/sensorplatform/multisensor/release/sys/init.o
 COMMON         0x00000000        0x1 build/sensorplatform/multisensor/release/sys/init.o
 .group         0x00000000        0x8 build/sensorplatform/multisensor/release/sys/util.o
 .group         0x00000000        0x8 build/sensorplatform/multisensor/release/sys/util.o
 .group         0x00000000        0x8 build/sensorplatform/multisensor/release/sys/util.o
 .group         0x00000000        0x8 build/sensorplatform/multisensor/release/sys/util.o
 .group         0x00000000        0x8 build/sensorplatform/multisensor/release/sys/util.o
 .group         0x00000000        0x8 build/sensorplatform/multisensor/release/sys/util.o
 .group         0x00000000        0x8 build/sensorplatform/multisensor/release/sys/util.o
 .group         0x00000000        0x8 build/sensorplatform/multisensor/release/sys/util.o
 .group         0x00000000        0x8 build/sensorplatform/multisensor/release/sys/util.o
 .group         0x00000000        0x8 build/sensorplatform/multisensor/release/sys/util.o
 .group         0x00000000        0x8 build/sensorplatform/multisensor/release/sys/util.o
 .group         0x00000000        0x8 build/sensorplatform/multisensor/release/sys/util.o
 .group         0x00000000        0x8 build/sensorplatform/multisensor/release/sys/util.o
 .group         0x00000000        0x8 build/sensorplatform/multisensor/release/sys/util.o
 .group         0x00000000        0x8 build/sensorplatform/multisensor/release/sys/util.o
 .text          0x00000000        0x0 build/sensorplatform/multisensor/release/sys/util.o
 .data          0x00000000        0x0 build/sensorplatform/multisensor/release/sys/util.o
 .bss           0x00000000        0x0 build/sensorplatform/multisensor/release/sys/util.o
 .gnu.lto_.jmpfuncs.38bb66cb
                0x00000000       0x4c build/sensorplatform/multisensor/release/sys/util.o
 .gnu.lto_.inline.38bb66cb
                0x00000000      0x13c build/sensorplatform/multisensor/release/sys/util.o
 .gnu.lto_.pureconst.38bb66cb
                0x00000000       0x3c build/sensorplatform/multisensor/release/sys/util.o
 .gnu.lto_idle.38bb66cb
                0x00000000       0x76 build/sensorplatform/multisensor/release/sys/util.o
 .gnu.lto_breakpoint.38bb66cb
[...]
Memory Configuration

Name             Origin             Length             Attributes
FLASH            0x08000000         0x00010000         xr
SRAM             0x20000000         0x00004000         xrw
*default*        0x00000000         0xffffffff

Linker script and memory map

                0x1ffff7ac                _ZN5STM325CPUIDE = 0x1ffff7ac
                0x00000200                _stack_size = 0x200

.text           0x08000000     0x6290
                0x08000000                _text = .
 *(.vectors)
 .vectors       0x08000000       0xc0 build/sensorplatform/multisensor/release/cpu/arm/cortexm/vectors.o
                0x08000000                _irqvectors
 *(.text)
 *(.text.*)
 .text.sys_init
                0x080000c0       0x20 build/sensorplatform/multisensor/release/sys/init.o
                0x080000c0                sys_init
 .text.__aeabi_ldiv0
                0x080000e0        0x6 build/sensorplatform/multisensor/release/sys/util.o
                0x080000e0                __aeabi_idiv0
                0x080000e0                __aeabi_ldiv0
 .text.hang     0x080000e6       0x10 build/sensorplatform/multisensor/release/sys/util.o
                0x080000e6                __cxa_pure_virtual
                0x080000e6                powerdown
                0x080000e6                hang
 .text.udelay   0x080000f6       0x16 build/sensorplatform/multisensor/release/sys/time.o
                0x080000f6                udelay
 .text._ZN5Timer5startEPV18STM32_TIM_REG_TYPEiii
                0x0800010c       0x2e build/sensorplatform/multisensor/release/target/sensorplatform/common/driver/timer.o
                0x0800010c                Timer::start(STM32_TIM_REG_TYPE volatile*, int, int, int)
 .text._ZN5Timer4stopEPV18STM32_TIM_REG_TYPEi
                0x0800013a       0x18 build/sensorplatform/multisensor/release/target/sensorplatform/common/driver/timer.o
                0x0800013a                Timer::stop(STM32_TIM_REG_TYPE volatile*, int)
 .text._ZN5Timer12updatePeriodEPV18STM32_TIM_REG_TYPEi
                0x08000152        0x8 build/sensorplatform/multisensor/release/target/sensorplatform/common/driver/timer.o
                0x08000152                Timer::updatePeriod(STM32_TIM_REG_TYPE volatile*, int)
 .text._ZN5Timer5resetEPV18STM32_TIM_REG_TYPE
                0x0800015a        0xe build/sensorplatform/multisensor/release/target/sensorplatform/common/driver/timer.o
                0x0800015a                Timer::reset(STM32_TIM_REG_TYPE volatile*)
 .text._ZN5Timer9enableIRQEPV18STM32_TIM_REG_TYPEb
                0x08000168       0x12 build/sensorplatform/multisensor/release/target/sensorplatform/common/driver/timer.o
                0x08000168                Timer::enableIRQ(STM32_TIM_REG_TYPE volatile*, bool)
 .text._ZN5Timer11scheduleIRQEPV18STM32_TIM_REG_TYPEi
                0x0800017a        0x6 build/sensorplatform/multisensor/release/target/sensorplatform/common/driver/timer.o
                0x0800017a                Timer::scheduleIRQ(STM32_TIM_REG_TYPE volatile*, int)
 .text._ZN5Timer14acknowledgeIRQEPV18STM32_TIM_REG_TYPE
                0x08000180        0x8 build/sensorplatform/multisensor/release/target/sensorplatform/common/driver/timer.o
                0x08000180                Timer::acknowledgeIRQ(STM32_TIM_REG_TYPE volatile*)
 .text.time_init
                0x08000188       0x20 build/sensorplatform/multisensor/release/target/sensorplatform/common/driver/timer.o
                0x08000188                time_init
 .text.read_usec_timer
                0x080001a8        0x8 build/sensorplatform/multisensor/release/target/sensorplatform/common/driver/timer.o
                0x080001a8                read_usec_timer
 .text._ZN5Clock4initEv
                0x080001b0       0x78 build/sensorplatform/multisensor/release/target/sensorplatform/multisensor/driver/clock.o
                0x080001b0                Clock::init()
 .text._ZN5Clock13disableWakeupEv
                0x08000228        0xc build/sensorplatform/multisensor/release/target/sensorplatform/multisensor/driver/clock.o
                0x08000228                Clock::disableWakeup()
 .text._ZN5Clock17setWakeupIntervalEt
                0x08000234       0x24 build/sensorplatform/multisensor/release/target/sensorplatform/multisensor/driver/clock.o
                0x08000234                Clock::setWakeupInterval(unsigned short)
 .text._ZN5Clock4trimEiii
                0x08000258       0x88 build/sensorplatform/multisensor/release/target/sensorplatform/multisensor/driver/clock.o
                0x08000258                Clock::trim(int, int, int)
 .text._ZN3DMAL10onWithLockEv
                0x080002e0       0x24 build/sensorplatform/multisensor/release/target/sensorplatform/multisensor/driver/dma.o
 .text._ZN3DMAL11offWithLockEv
                0x08000304       0x28 build/sensorplatform/multisensor/release/target/sensorplatform/multisensor/driver/dma.o
 .text._ZN3DMA4initEv
                0x0800032c        0x2 build/sensorplatform/multisensor/release/target/sensorplatform/multisensor/driver/dma.o
                0x0800032c                DMA::init()
 .text._ZN3DMA17setPeripheralAddrEPV25STM32_DMA_STREAM_REG_TYPEPVv
                0x0800032e       0x14 build/sensorplatform/multisensor/release/target/sensorplatform/multisensor/driver/dma.o
                0x0800032e                DMA::setPeripheralAddr(STM32_DMA_STREAM_REG_TYPE volatile*, void volatile*)
 *fill*         0x08000342        0x2 
 .text._ZN3DMA21startTransferFromPri0EPV25STM32_DMA_STREAM_REG_TYPENS_6ConfigEPvj
                0x08000344       0x30 build/sensorplatform/multisensor/release/target/sensorplatform/multisensor/driver/dma.o
                0x08000344                DMA::startTransferFromPri0(STM32_DMA_STREAM_REG_TYPE volatile*, DMA::Config, void*, unsigned int)
 .text._ZN3DMA21startTransferWithLockEPV25STM32_DMA_STREAM_REG_TYPENS_6ConfigEPvj
                0x08000374       0x1c build/sensorplatform/multisensor/release/target/sensorplatform/multisensor/driver/dma.o
                0x08000374                DMA::startTransferWithLock(STM32_DMA_STREAM_REG_TYPE volatile*, DMA::Config, void*, unsigned int)
 .text._ZN3DMA8checkIRQEii
                0x08000390       0x14 build/sensorplatform/multisensor/release/target/sensorplatform/multisensor/driver/dma.o
                0x08000390                DMA::checkIRQ(int, int)
 .text._ZN3DMA16clearIRQFromPri0Eii
                0x080003a4       0x48 build/sensorplatform/multisensor/release/target/sensorplatform/multisensor/driver/dma.o
                0x080003a4                DMA::clearIRQFromPri0(int, int)
 .text._ZN3DMA16clearIRQWithLockEii
                0x080003ec       0x30 build/sensorplatform/multisensor/release/target/sensorplatform/multisensor/driver/dma.o
                0x080003ec                DMA::clearIRQWithLock(int, int)
 .text._ZN3SPI4initEPV18STM32_SPI_REG_TYPE
                0x0800041c       0x18 build/sensorplatform/multisensor/release/target/sensorplatform/multisensor/driver/spi.o
                0x0800041c                SPI::init(STM32_SPI_REG_TYPE volatile*)
 .text._ZN3SPI12setFrequencyEPV18STM32_SPI_REG_TYPEh
                0x08000434       0x12 build/sensorplatform/multisensor/release/target/sensorplatform/multisensor/driver/spi.o
                0x08000434                SPI::setFrequency(STM32_SPI_REG_TYPE volatile*, unsigned char)
 .text._ZN3SPI8pushByteEPV18STM32_SPI_REG_TYPEh
                0x08000446        0xa build/sensorplatform/multisensor/release/target/sensorplatform/multisensor/driver/spi.o
                0x08000446                SPI::pushByte(STM32_SPI_REG_TYPE volatile*, unsigned char)
 .text._ZN3SPI8pullByteEPV18STM32_SPI_REG_TYPE
                0x08000450        0xc build/sensorplatform/multisensor/release/target/sensorplatform/multisensor/driver/spi.o
                0x08000450                SPI::pullByte(STM32_SPI_REG_TYPE volatile*)
 .text._ZN3SPI8xferByteEPV18STM32_SPI_REG_TYPEh
                0x0800045c       0x14 build/sensorplatform/multisensor/release/target/sensorplatform/multisensor/driver/spi.o
                0x0800045c                SPI::xferByte(STM32_SPI_REG_TYPE volatile*, unsigned char)
 .text._ZN3SPI8waitDoneEPV18STM32_SPI_REG_TYPE
                0x08000470        0xe build/sensorplatform/multisensor/release/target/sensorplatform/multisensor/driver/spi.o
                0x08000470                SPI::waitDone(STM32_SPI_REG_TYPE volatile*)
 *fill*         0x0800047e        0x2 
 .text._ZN6Random4initEv
                0x08000480       0x10 build/sensorplatform/multisensor/release/target/sensorplatform/multisensor/driver/random.o
                0x08000480                Random::init()
 .text._ZN6Random4seedEm
                0x08000490        0xc build/sensorplatform/multisensor/release/target/sensorplatform/multisensor/driver/random.o
                0x08000490                Random::seed(unsigned long)
 .text._ZN6Random8random2KEv
                0x0800049c       0x20 build/sensorplatform/multisensor/release/target/sensorplatform/multisensor/driver/random.o
                0x0800049c                Random::random2K()
 .text._ZN6Random6randomEv
                0x080004bc       0x1c build/sensorplatform/multisensor/release/target/sensorplatform/multisensor/driver/random.o
                0x080004bc                Random::random()
 .text.startup.main
                0x080004d8       0x38 build/sensorplatform/multisensor/release/target/sensorplatform/multisensor/main.o
                0x080004d8                main
 .text._Z5error9ErrorCode
                0x08000510       0x8c build/sensorplatform/multisensor/release/target/sensorplatform/multisensor/common.o
                0x08000510                error(ErrorCode)
 .text._ZN5Power12sleepSensorsEv
                0x0800059c       0x3e build/sensorplatform/multisensor/release/target/sensorplatform/multisensor/power.o
                0x0800059c                Power::sleepSensors()
 *fill*         0x080005da        0x2 
 .text._ZN5Power11wakeSensorsEv
                0x080005dc       0x5c build/sensorplatform/multisensor/release/target/sensorplatform/multisensor/power.o
                0x080005dc                Power::wakeSensors()
 .text._ZN5Power4initEv
                0x08000638       0x84 build/sensorplatform/multisensor/release/target/sensorplatform/multisensor/power.o
                0x08000638                Power::init()
 .text._ZN5Power9deepSleepEi
                0x080006bc       0x6c build/sensorplatform/multisensor/release/target/sensorplatform/multisensor/power.o
                0x080006bc                Power::deepSleep(int)
 .text._ZN5Power12dpcSleepTaskEv
                0x08000728       0x4c build/sensorplatform/multisensor/release/target/sensorplatform/multisensor/power.o
                0x08000728                Power::dpcSleepTask()
 .text._ZN3IRQ4initEv
                0x08000774       0xa6 build/sensorplatform/multisensor/release/target/sensorplatform/multisensor/irq.o
                0x08000774                IRQ::init()
 .text._ZN3IRQ18clearRadioTimerIRQEv
                0x0800081a        0xa build/sensorplatform/multisensor/release/target/sensorplatform/multisensor/irq.o
                0x0800081a                IRQ::clearRadioTimerIRQ()
 .text._ZN3IRQ14wakeSensorTaskEv
                0x08000824        0xa build/sensorplatform/multisensor/release/target/sensorplatform/multisensor/irq.o
                0x08000824                IRQ::wakeSensorTask()
 .text._ZN3IRQ15wakeStorageTaskEv
                0x0800082e        0xa build/sensorplatform/multisensor/release/target/sensorplatform/multisensor/irq.o
                0x0800082e                IRQ::wakeStorageTask()
 .text._ZN3IRQ10setPendingENS_9DPCNumberE
                0x08000838       0x18 build/sensorplatform/multisensor/release/target/sensorplatform/multisensor/irq.o
                0x08000838                IRQ::setPending(IRQ::DPCNumber)
 .text.dma1_stream4_7_dma2_stream3_5_irqhandler
                0x08000850       0x18 build/sensorplatform/multisensor/release/target/sensorplatform/multisensor/irq.o
                0x08000850                dma1_stream4_7_dma2_stream3_5_irqhandler
 .text.exti4_15_irqhandler
                0x08000868       0x38 build/sensorplatform/multisensor/release/target/sensorplatform/multisensor/irq.o
                0x08000868                exti4_15_irqhandler
 .text.tim7_irqhandler
                0x080008a0        0x8 build/sensorplatform/multisensor/release/target/sensorplatform/multisensor/irq.o
                0x080008a0                tim7_irqhandler
 .text.rtc_irqhandler
                0x080008a8       0x14 build/sensorplatform/multisensor/release/target/sensorplatform/multisensor/irq.o
                0x080008a8                rtc_irqhandler
 .text.i2c1_irqhandler
                0x080008bc       0x10 build/sensorplatform/multisensor/release/target/sensorplatform/multisensor/irq.o
                0x080008bc                i2c1_irqhandler
 .text.i2c2_irqhandler
                0x080008cc       0x10 build/sensorplatform/multisensor/release/target/sensorplatform/multisensor/irq.o
                0x080008cc                i2c2_irqhandler
 .text.PendSV_faulthandler
                0x080008dc       0x28 build/sensorplatform/multisensor/release/target/sensorplatform/multisensor/irq.o
                0x080008dc                PendSV_faulthandler
 .text.NonMaskableInt_faulthandler
                0x08000904        0x8 build/sensorplatform/multisensor/release/target/sensorplatform/multisensor/irq.o
                0x08000904                NonMaskableInt_faulthandler
 .text.hardFaultHandler
                0x0800090c        0x8 build/sensorplatform/multisensor/release/target/sensorplatform/multisensor/irq.o
                0x0800090c                hardFaultHandler
 .text.HardFault_faulthandler
                0x08000914       0x14 build/sensorplatform/multisensor/release/target/sensorplatform/multisensor/irq.o
                0x08000914                HardFault_faulthandler
 .text.MemoryManagement_faulthandler
                0x08000928        0x8 build/sensorplatform/multisensor/release/target/sensorplatform/multisensor/irq.o
                0x08000928                MemoryManagement_faulthandler
 .text.BusFault_faulthandler
                0x08000930        0x8 build/sensorplatform/multisensor/release/target/sensorplatform/multisensor/irq.o
                0x08000930                BusFault_faulthandler
 .text.UsageFault_faulthandler
                0x08000938        0x8 build/sensorplatform/multisensor/release/target/sensorplatform/multisensor/irq.o
                0x08000938                UsageFault_faulthandler
 .text._ZN5RadioL9nextBlockEv
                0x08000940       0x3c build/sensorplatform/multisensor/release/target/sensorplatform/multisensor/radio.o
 .text._ZN5RadioL19startPacketDownloadEPvj
                0x0800097c       0x60 build/sensorplatform/multisensor/release/target/sensorplatform/multisensor/radio.o
 .text._ZN5RadioL7sendCmdEh
                0x080009dc       0x30 build/sensorplatform/multisensor/release/target/sensorplatform/multisensor/radio.o
 .text._ZN5RadioL8writeRegEhh
                0x08000a0c       0x44 build/sensorplatform/multisensor/release/target/sensorplatform/multisensor/radio.o
 .text._ZN5RadioL21enterBeaconListenModeEv
                0x08000a50       0xf0 build/sensorplatform/multisensor/release/target/sensorplatform/multisensor/radio.o
 .text._ZN5RadioL13checkReceivedEv
                0x08000b40      0x150 build/sensorplatform/multisensor/release/target/sensorplatform/multisensor/radio.o
 .text._ZN5RadioL18handleDeferredWorkEv
                0x08000c90      0x120 build/sensorplatform/multisensor/release/target/sensorplatform/multisensor/radio.o
 .text._ZN5RadioL17startPacketUploadEPvj.constprop.4
                0x08000db0       0x3c build/sensorplatform/multisensor/release/target/sensorplatform/multisensor/radio.o
 .text._ZN5RadioL13prepareNextTxEv
                0x08000dec      0x16c build/sensorplatform/multisensor/release/target/sensorplatform/multisensor/radio.o
 .text._ZN5Radio9timerTickEv
                0x08000f58      0x328 build/sensorplatform/multisensor/release/target/sensorplatform/multisensor/radio.o
                0x08000f58                Radio::timerTick()
 .text._ZN5Radio19handleDMACompletionEv
                0x08001280      0x470 build/sensorplatform/multisensor/release/target/sensorplatform/multisensor/radio.o
                0x08001280                Radio::handleDMACompletion()
 .text._ZN5Radio9handleIRQEv
                0x080016f0       0x94 build/sensorplatform/multisensor/release/target/sensorplatform/multisensor/radio.o
                0x080016f0                Radio::handleIRQ()
 .text._ZN5Radio4initEv
                0x08001784       0x7c build/sensorplatform/multisensor/release/target/sensorplatform/multisensor/radio.o
                0x08001784                Radio::init()
 .text._ZN5Radio8shutdownEv
                0x08001800       0x78 build/sensorplatform/multisensor/release/target/sensorplatform/multisensor/radio.o
                0x08001800                Radio::shutdown()
 .text._ZN5Radio7startupEv
                0x08001878      0x154 build/sensorplatform/multisensor/release/target/sensorplatform/multisensor/radio.o
                0x08001878                Radio::startup()
 .text._ZN5Radio15getFreeTxBufferEi
                0x080019cc       0x3c build/sensorplatform/multisensor/release/target/sensorplatform/multisensor/radio.o
                0x080019cc                Radio::getFreeTxBuffer(int)
 .text._ZN5Radio13enqueuePacketEi
                0x08001a08       0x20 build/sensorplatform/multisensor/release/target/sensorplatform/multisensor/radio.o
                0x08001a08                Radio::enqueuePacket(int)
 .text._ZN5Radio21getNotificationBufferEv
                0x08001a28       0x18 build/sensorplatform/multisensor/release/target/sensorplatform/multisensor/radio.o
                0x08001a28                Radio::getNotificationBuffer()
 .text._ZN5RadioL22sendNodeIdNotificationEv
                0x08001a40       0x38 build/sensorplatform/multisensor/release/target/sensorplatform/multisensor/radio.o
 .text._ZN5Radio15getNextRxPacketEPhPi
                0x08001a78       0x48 build/sensorplatform/multisensor/release/target/sensorplatform/multisensor/radio.o
                0x08001a78                Radio::getNextRxPacket(unsigned char*, int*)
 .text._ZN5Radio15releaseRxPacketEv
                0x08001ac0       0x18 build/sensorplatform/multisensor/release/target/sensorplatform/multisensor/radio.o
                0x08001ac0                Radio::releaseRxPacket()
 .text._ZN5Radio17sharedSPITransferEN4GPIO3PinEhPKvPvh
                0x08001ad8      0x174 build/sensorplatform/multisensor/release/target/sensorplatform/multisensor/radio.o
                0x08001ad8                Radio::sharedSPITransfer(GPIO::Pin, unsigned char, void const*, void*, unsigned char)
 .text._ZN5Radio28startMeasurementTransmissionEv
                0x08001c4c       0x30 build/sensorplatform/multisensor/release/target/sensorplatform/multisensor/radio.o
                0x08001c4c                Radio::startMeasurementTransmission()
 .text._ZN5Radio12dpcFrameTaskEv
                0x08001c7c      0x12c build/sensorplatform/multisensor/release/target/sensorplatform/multisensor/radio.o
                0x08001c7c                Radio::dpcFrameTask()
 .text._ZN5Radio17dpcCommandHandlerEv
                0x08001da8       0x94 build/sensorplatform/multisensor/release/target/sensorplatform/multisensor/radio.o
                0x08001da8                Radio::dpcCommandHandler()
 .text._ZN8Commands12handlePacketEPN2RF6Packet7CommandE
                0x08001e3c      0x35c build/sensorplatform/multisensor/release/target/sensorplatform/multisensor/commands.o
                0x08001e3c                Commands::handlePacket(RF::Packet::Command*)
 .text._ZN13NodeInterface14NodeAltsetting15DataOutEndpoint11ctrlRequestEPN3USB3USBEPNS2_11SetupPacketEPPKv
                0x08002198        0x6 build/sensorplatform/multisensor/release/target/sensorplatform/multisensor/usb.o
                0x08002198                NodeInterface::NodeAltsetting::DataOutEndpoint::ctrlRequest(USB::USB*, USB::SetupPacket*, void const**)
 .text._ZN13NodeInterface14NodeAltsetting15DataOutEndpoint12xferCompleteEPN3USB3USBEi
                0x0800219e        0x2 build/sensorplatform/multisensor/release/target/sensorplatform/multisensor/usb.o
                0x0800219e                NodeInterface::NodeAltsetting::DataOutEndpoint::xferComplete(USB::USB*, int)
 .text._ZN13NodeInterface14NodeAltsetting15DataOutEndpoint13setupReceivedEPN3USB3USBEm
                0x080021a0        0x2 build/sensorplatform/multisensor/release/target/sensorplatform/multisensor/usb.o
                0x080021a0                NodeInterface::NodeAltsetting::DataOutEndpoint::setupReceived(USB::USB*, unsigned long)
 .text._ZN13NodeInterface14NodeAltsetting14DataInEndpoint11ctrlRequestEPN3USB3USBEPNS2_11SetupPacketEPPKv
                0x080021a2        0x6 build/sensorplatform/multisensor/release/target/sensorplatform/multisensor/usb.o
                0x080021a2                NodeInterface::NodeAltsetting::DataInEndpoint::ctrlRequest(USB::USB*, USB::SetupPacket*, void const**)
 .text._ZN13NodeInterface14NodeAltsetting14DataInEndpoint12xferCompleteEPN3USB3USBEi
                0x080021a8        0x2 build/sensorplatform/multisensor/release/target/sensorplatform/multisensor/usb.o
                0x080021a8                NodeInterface::NodeAltsetting::DataInEndpoint::xferComplete(USB::USB*, int)
 .text._ZN13NodeInterface14NodeAltsetting14DataInEndpoint13setupReceivedEPN3USB3USBEm
                0x080021aa        0x2 build/sensorplatform/multisensor/release/target/sensorplatform/multisensor/usb.o
                0x080021aa                NodeInterface::NodeAltsetting::DataInEndpoint::setupReceived(USB::USB*, unsigned long)
 .text._ZN13NodeInterface14NodeAltsetting11ctrlRequestEPN3USB3USBEPNS1_11SetupPacketEPPKv
                0x080021ac        0x6 build/sensorplatform/multisensor/release/target/sensorplatform/multisensor/usb.o
                0x080021ac                NodeInterface::NodeAltsetting::ctrlRequest(USB::USB*, USB::SetupPacket*, void const**)
 .text._ZN13NodeInterface14NodeAltsetting3setEPN3USB3USBE
                0x080021b2       0x24 build/sensorplatform/multisensor/release/target/sensorplatform/multisensor/usb.o
                0x080021b2                NodeInterface::NodeAltsetting::set(USB::USB*)
 .text._ZN13NodeInterface14NodeAltsetting5unsetEPN3USB3USBE
                0x080021d6       0x1c build/sensorplatform/multisensor/release/target/sensorplatform/multisensor/usb.o
                0x080021d6                NodeInterface::NodeAltsetting::unset(USB::USB*)
 .text._ZN17MainConfiguration8busResetEPN3USB3USBE
                0x080021f2        0x2 build/sensorplatform/multisensor/release/target/sensorplatform/multisensor/usb.o
                0x080021f2                MainConfiguration::busReset(USB::USB*)
 .text._ZN17MainConfiguration3setEPN3USB3USBE
                0x080021f4        0x2 build/sensorplatform/multisensor/release/target/sensorplatform/multisensor/usb.o
                0x080021f4                MainConfiguration::set(USB::USB*)
 .text._ZN17MainConfiguration5unsetEPN3USB3USBE
                0x080021f6        0x2 build/sensorplatform/multisensor/release/target/sensorplatform/multisensor/usb.o
                0x080021f6                MainConfiguration::unset(USB::USB*)
 .text._ZN8WCIDHook15ctrlRequestHookEPN3USB3USBEPNS0_11SetupPacketEPPKv
                0x080021f8       0x40 build/sensorplatform/multisensor/release/target/sensorplatform/multisensor/usb.o
                0x080021f8                WCIDHook::ctrlRequestHook(USB::USB*, USB::SetupPacket*, void const**)
 .text.startup._GLOBAL__sub_I__ZN17MainConfiguration10descriptorE
                0x08002238      0x1d8 build/sensorplatform/multisensor/release/target/sensorplatform/multisensor/usb.o
 .text._ZN2SDL13finishCommandEv
                0x08002410       0x3c build/sensorplatform/multisensor/release/target/sensorplatform/multisensor/sd.o
 .text._ZN2SDL6readR3Ev
                0x0800244c       0x20 build/sensorplatform/multisensor/release/target/sensorplatform/multisensor/sd.o
 .text._ZN2SDL9readBlockEPvi
                0x0800246c       0xa4 build/sensorplatform/multisensor/release/target/sensorplatform/multisensor/sd.o
 .text._ZN2SDL8waitIdleEv
                0x08002510       0x84 build/sensorplatform/multisensor/release/target/sensorplatform/multisensor/sd.o
 .text._ZN2SDL7sendCmdEhm
                0x08002594       0xb8 build/sensorplatform/multisensor/release/target/sensorplatform/multisensor/sd.o
 .text._ZN2SDL10writeBlockEPvih
                0x0800264c       0x94 build/sensorplatform/multisensor/release/target/sensorplatform/multisensor/sd.o
 .text._ZN2SD5resetEv
                0x080026e0      0x1e4 build/sensorplatform/multisensor/release/target/sensorplatform/multisensor/sd.o
                0x080026e0                SD::reset()
 .text._ZN2SD4readEmmPv
                0x080028c4       0xcc build/sensorplatform/multisensor/release/target/sensorplatform/multisensor/sd.o
                0x080028c4                SD::read(unsigned long, unsigned long, void*)
 .text._ZN2SD5writeEmmPv
                0x08002990      0x100 build/sensorplatform/multisensor/release/target/sensorplatform/multisensor/sd.o
                0x08002990                SD::write(unsigned long, unsigned long, void*)
 .text._ZN2SD10startWriteEmm
                0x08002a90       0x7c build/sensorplatform/multisensor/release/target/sensorplatform/multisensor/sd.o
                0x08002a90                SD::startWrite(unsigned long, unsigned long)
 .text._ZN2SD11writeSectorEPv
                0x08002b0c       0x18 build/sensorplatform/multisensor/release/target/sensorplatform/multisensor/sd.o
                0x08002b0c                SD::writeSector(void*)
 .text._ZN2SD8endWriteEv
                0x08002b24       0x3c build/sensorplatform/multisensor/release/target/sensorplatform/multisensor/sd.o
                0x08002b24                SD::endWrite()
 .text._ZN2SD14prepareUpgradeEm
                0x08002b60       0x4c build/sensorplatform/multisensor/release/target/sensorplatform/multisensor/sd.o
                0x08002b60                SD::prepareUpgrade(unsigned long)
 .text._ZN2SD4initEv
                0x08002bac       0x60 build/sensorplatform/multisensor/release/target/sensorplatform/multisensor/sd.o
                0x08002bac                SD::init()
 .text._ZN2SD8shutdownEb
                0x08002c0c       0x14 build/sensorplatform/multisensor/release/target/sensorplatform/multisensor/sd.o
                0x08002c0c                SD::shutdown(bool)
 .text._ZN2SD6wakeupEb
                0x08002c20        0x2 build/sensorplatform/multisensor/release/target/sensorplatform/multisensor/sd.o
                0x08002c20                SD::wakeup(bool)
 *fill*         0x08002c22        0x2 
 .text._ZN6I2CBus9setTimingEN5STM323I2C6TimingE
                0x08002c24       0x58 build/sensorplatform/multisensor/release/target/sensorplatform/multisensor/i2c.o
                0x08002c24                I2CBus::setTiming(STM32::I2C::Timing)
 .text._ZN6I2CBus10setTimeoutEN5STM323I2C7TimeoutE
                0x08002c7c       0x58 build/sensorplatform/multisensor/release/target/sensorplatform/multisensor/i2c.o
                0x08002c7c                I2CBus::setTimeout(STM32::I2C::Timeout)
 .text._ZN6I2CBus4initEv
                0x08002cd4       0x60 build/sensorplatform/multisensor/release/target/sensorplatform/multisensor/i2c.o
                0x08002cd4                I2CBus::init()
 .text._ZN6I2CBus7advanceEv
                0x08002d34      0x116 build/sensorplatform/multisensor/release/target/sensorplatform/multisensor/i2c.o
                0x08002d34                I2CBus::advance()
 .text._ZN6I2CBus18advanceIfNecessaryEv
                0x08002e4a       0x28 build/sensorplatform/multisensor/release/target/sensorplatform/multisensor/i2c.o
                0x08002e4a                I2CBus::advanceIfNecessary()
 *fill*         0x08002e72        0x2 
 .text._ZN6I2CBus5startEv
                0x08002e74       0x44 build/sensorplatform/multisensor/release/target/sensorplatform/multisensor/i2c.o
                0x08002e74                I2CBus::start()
 .text._ZN6I2CBus3txnEPKN3I2C11TransactionE
                0x08002eb8       0xdc build/sensorplatform/multisensor/release/target/sensorplatform/multisensor/i2c.o
                0x08002eb8                I2CBus::txn(I2C::Transaction const*)
 .text._ZN6I2CBus10irqHandlerEv
                0x08002f94      0x14c build/sensorplatform/multisensor/release/target/sensorplatform/multisensor/i2c.o
                0x08002f94                I2CBus::irqHandler()
 .text._ZN10SensorTask12scheduleTaskEPNS_13ScheduledTaskE
                0x080030e0       0x2c build/sensorplatform/multisensor/release/target/sensorplatform/multisensor/sensortask.o
                0x080030e0                SensorTask::scheduleTask(SensorTask::ScheduledTask*)
 .text._ZN10SensorTask16writeMeasurementEt
                0x0800310c       0x6c build/sensorplatform/multisensor/release/target/sensorplatform/multisensor/sensortask.o
                0x0800310c                SensorTask::writeMeasurement(unsigned short)
 .text._ZN10SensorTask13detectSensorsEv
                0x08003178       0x20 build/sensorplatform/multisensor/release/target/sensorplatform/multisensor/sensortask.o
                0x08003178                SensorTask::detectSensors()
 .text._ZN10SensorTask15writeSensorPageEiPv
                0x08003198       0x44 build/sensorplatform/multisensor/release/target/sensorplatform/multisensor/sensortask.o
                0x08003198                SensorTask::writeSensorPage(int, void*)
 .text._ZN10SensorTask16startMeasurementEi
                0x080031dc       0x28 build/sensorplatform/multisensor/release/target/sensorplatform/multisensor/sensortask.o
                0x080031dc                SensorTask::startMeasurement(int)
 .text._ZN10SensorTask15stopMeasurementEv
                0x08003204       0x28 build/sensorplatform/multisensor/release/target/sensorplatform/multisensor/sensortask.o
                0x08003204                SensorTask::stopMeasurement()
 .text.tim2_irqhandler
                0x0800322c       0x24 build/sensorplatform/multisensor/release/target/sensorplatform/multisensor/sensortask.o
                0x0800322c                tim2_irqhandler
 .text._ZN10SensorTask5yieldEv
                0x08003250       0x10 build/sensorplatform/multisensor/release/target/sensorplatform/multisensor/sensortask.o
                0x08003250                SensorTask::yield()
 .text._ZN10SensorTask10sleepUntilEi
                0x08003260       0x2e build/sensorplatform/multisensor/release/target/sensorplatform/multisensor/sensortask.o
                0x08003260                SensorTask::sleepUntil(int)
 *fill*         0x0800328e        0x2 
 .text._ZN10SensorTaskL3runEv
                0x08003290      0x240 build/sensorplatform/multisensor/release/target/sensorplatform/multisensor/sensortask.o
 .text._ZN10SensorTask4initEv
                0x080034d0       0x24 build/sensorplatform/multisensor/release/target/sensorplatform/multisensor/sensortask.o
                0x080034d0                SensorTask::init()
 .text._ZN11StorageTaskL9nextBlockEb
                0x080034f4       0x34 build/sensorplatform/multisensor/release/target/sensorplatform/multisensor/storagetask.o
 .text._ZN11StorageTaskL16loadSeriesHeaderEi
                0x08003528       0x64 build/sensorplatform/multisensor/release/target/sensorplatform/multisensor/storagetask.o
 .text._ZN11StorageTask10saveConfigEv
                0x0800358c       0x34 build/sensorplatform/multisensor/release/target/sensorplatform/multisensor/storagetask.o
                0x0800358c                StorageTask::saveConfig()
 .text._ZN11StorageTask16saveSeriesHeaderEv
                0x080035c0       0x34 build/sensorplatform/multisensor/release/target/sensorplatform/multisensor/storagetask.o
                0x080035c0                StorageTask::saveSeriesHeader()
 .text._ZN11StorageTask14startRecordingEv
                0x080035f4       0x28 build/sensorplatform/multisensor/release/target/sensorplatform/multisensor/storagetask.o
                0x080035f4                StorageTask::startRecording()
 .text._ZN11StorageTask11startUploadEv
                0x0800361c       0x20 build/sensorplatform/multisensor/release/target/sensorplatform/multisensor/storagetask.o
                0x0800361c                StorageTask::startUpload()
 .text._ZN11StorageTask10uploadDataEhPKv
                0x0800363c       0x38 build/sensorplatform/multisensor/release/target/sensorplatform/multisensor/storagetask.o
                0x0800363c                StorageTask::uploadData(unsigned char, void const*)
 .text._ZN11StorageTask11writeSectorEm
                0x08003674       0x30 build/sensorplatform/multisensor/release/target/sensorplatform/multisensor/storagetask.o
                0x08003674                StorageTask::writeSector(unsigned long)
 .text._ZN11StorageTask9endUploadEv
                0x080036a4       0x20 build/sensorplatform/multisensor/release/target/sensorplatform/multisensor/storagetask.o
                0x080036a4                StorageTask::endUpload()
 .text._ZN11StorageTask15upgradeFirmwareEmm
                0x080036c4       0x30 build/sensorplatform/multisensor/release/target/sensorplatform/multisensor/storagetask.o
                0x080036c4                StorageTask::upgradeFirmware(unsigned long, unsigned long)
 .text.dma1_stream2_3_dma2_stream1_2_irqhandler
                0x080036f4       0x24 build/sensorplatform/multisensor/release/target/sensorplatform/multisensor/storagetask.o
                0x080036f4                dma1_stream2_3_dma2_stream1_2_irqhandler
 .text._ZN11StorageTaskL3runEv
                0x08003718      0x2f4 build/sensorplatform/multisensor/release/target/sensorplatform/multisensor/storagetask.o
 .text._ZN11StorageTask4initEv
                0x08003a0c       0x20 build/sensorplatform/multisensor/release/target/sensorplatform/multisensor/storagetask.o
                0x08003a0c                StorageTask::init()
 .text._ZN6Sensor12verifyConfigEv
                0x08003a2c       0x34 build/sensorplatform/multisensor/release/target/sensorplatform/multisensor/sensor/sensor.o
                0x08003a2c                Sensor::verifyConfig()
 .text._ZN6Sensor4initEb
                0x08003a60       0x58 build/sensorplatform/multisensor/release/target/sensorplatform/multisensor/sensor/sensor.o
                0x08003a60                Sensor::init(bool)
 .text._ZN6Sensor9writePageEiP4Page
                0x08003ab8       0x48 build/sensorplatform/multisensor/release/target/sensorplatform/multisensor/sensor/sensor.o
                0x08003ab8                Sensor::writePage(int, Page*)
 .text._ZN6Sensor5startEi
                0x08003b00       0x40 build/sensorplatform/multisensor/release/target/sensorplatform/multisensor/sensor/sensor.o
                0x08003b00                Sensor::start(int)
 .text._ZN6Sensor4stopEv
                0x08003b40       0x14 build/sensorplatform/multisensor/release/target/sensorplatform/multisensor/sensor/sensor.o
                0x08003b40                Sensor::stop()
 .text._ZN6Sensor10rescheduleEPN10SensorTask13ScheduledTaskE
                0x08003b54       0x12 build/sensorplatform/multisensor/release/target/sensorplatform/multisensor/sensor/sensor.o
                0x08003b54                Sensor::reschedule(SensorTask::ScheduledTask*)
 *fill*         0x08003b66        0x2 
 .text._ZN6Timing12TimingSensor4initEP6Sensorb
                0x08003b68       0x2c build/sensorplatform/multisensor/release/target/sensorplatform/multisensor/sensor/timing.o
                0x08003b68                Timing::TimingSensor::init(Sensor*, bool)
 .text._ZN6Timing12TimingSensor6verifyEP6SensorPN12SeriesHeader10SensorInfoE
                0x08003b94       0x28 build/sensorplatform/multisensor/release/target/sensorplatform/multisensor/sensor/timing.o
                0x08003b94                Timing::TimingSensor::verify(Sensor*, SeriesHeader::SensorInfo*)
 .text._ZN6Timing12TimingSensor5startEP6Sensori
                0x08003bbc        0x2 build/sensorplatform/multisensor/release/target/sensorplatform/multisensor/sensor/timing.o
                0x08003bbc                Timing::TimingSensor::start(Sensor*, int)
 .text._ZN6Timing12TimingSensor4stopEP6Sensor
                0x08003bbe        0x2 build/sensorplatform/multisensor/release/target/sensorplatform/multisensor/sensor/timing.o
                0x08003bbe                Timing::TimingSensor::stop(Sensor*)
 .text._ZN6Timing12TimingSensor7captureEP6Sensor
                0x08003bc0       0x40 build/sensorplatform/multisensor/release/target/sensorplatform/multisensor/sensor/timing.o
                0x08003bc0                Timing::TimingSensor::capture(Sensor*)
 .text.startup._GLOBAL__sub_I__ZN6Timing16timingSensorTypeE
                0x08003c00       0x28 build/sensorplatform/multisensor/release/target/sensorplatform/multisensor/sensor/timing.o
 .text._ZN9Telemetry15TelemetrySensor4initEP6Sensorb
                0x08003c28       0x2c build/sensorplatform/multisensor/release/target/sensorplatform/multisensor/sensor/telemetry.o
                0x08003c28                Telemetry::TelemetrySensor::init(Sensor*, bool)
 .text._ZN9Telemetry15TelemetrySensor6verifyEP6SensorPN12SeriesHeader10SensorInfoE
                0x08003c54       0x24 build/sensorplatform/multisensor/release/target/sensorplatform/multisensor/sensor/telemetry.o
                0x08003c54                Telemetry::TelemetrySensor::verify(Sensor*, SeriesHeader::SensorInfo*)
 .text._ZN9Telemetry15TelemetrySensor5startEP6Sensori
                0x08003c78        0x2 build/sensorplatform/multisensor/release/target/sensorplatform/multisensor/sensor/telemetry.o
                0x08003c78                Telemetry::TelemetrySensor::start(Sensor*, int)
 .text._ZN9Telemetry15TelemetrySensor4stopEP6Sensor
                0x08003c7a        0x2 build/sensorplatform/multisensor/release/target/sensorplatform/multisensor/sensor/telemetry.o
                0x08003c7a                Telemetry::TelemetrySensor::stop(Sensor*)
 .text._ZN9Telemetry15TelemetrySensor7captureEP6Sensor
                0x08003c7c       0x34 build/sensorplatform/multisensor/release/target/sensorplatform/multisensor/sensor/telemetry.o
                0x08003c7c                Telemetry::TelemetrySensor::capture(Sensor*)
 .text.startup._GLOBAL__sub_I__ZN9Telemetry19telemetrySensorTypeE
                0x08003cb0       0x28 build/sensorplatform/multisensor/release/target/sensorplatform/multisensor/sensor/telemetry.o
 .text._ZN3IMU11AccelSensor6verifyEP6SensorPN12SeriesHeader10SensorInfoE
                0x08003cd8       0x24 build/sensorplatform/multisensor/release/target/sensorplatform/multisensor/sensor/imu.o
                0x08003cd8                IMU::AccelSensor::verify(Sensor*, SeriesHeader::SensorInfo*)
 .text._ZN3IMU10GyroSensor6verifyEP6SensorPN12SeriesHeader10SensorInfoE
                0x08003cfc       0x24 build/sensorplatform/multisensor/release/target/sensorplatform/multisensor/sensor/imu.o
                0x08003cfc                IMU::GyroSensor::verify(Sensor*, SeriesHeader::SensorInfo*)
 .text._ZN3IMU10GyroSensor4stopEP6Sensor
                0x08003d20        0x2 build/sensorplatform/multisensor/release/target/sensorplatform/multisensor/sensor/imu.o
                0x08003d20                IMU::GyroSensor::stop(Sensor*)
 .text._ZN3IMU9MagSensor6verifyEP6SensorPN12SeriesHeader10SensorInfoE
                0x08003d22       0x24 build/sensorplatform/multisensor/release/target/sensorplatform/multisensor/sensor/imu.o
                0x08003d22                IMU::MagSensor::verify(Sensor*, SeriesHeader::SensorInfo*)
 .text._ZN3IMU10TempSensor6verifyEP6SensorPN12SeriesHeader10SensorInfoE
                0x08003d46        0x6 build/sensorplatform/multisensor/release/target/sensorplatform/multisensor/sensor/imu.o
                0x08003d46                IMU::TempSensor::verify(Sensor*, SeriesHeader::SensorInfo*)
 .text._ZN3IMU10TempSensor5startEP6Sensori
                0x08003d4c        0x2 build/sensorplatform/multisensor/release/target/sensorplatform/multisensor/sensor/imu.o
                0x08003d4c                IMU::TempSensor::start(Sensor*, int)
 .text._ZN3IMU10TempSensor4stopEP6Sensor
                0x08003d4e        0x2 build/sensorplatform/multisensor/release/target/sensorplatform/multisensor/sensor/imu.o
                0x08003d4e                IMU::TempSensor::stop(Sensor*)
 .text._ZN3IMUL7readRegEh
                0x08003d50       0x26 build/sensorplatform/multisensor/release/target/sensorplatform/multisensor/sensor/imu.o
 .text._ZN3IMUL8writeRegEhh
                0x08003d76       0x1a build/sensorplatform/multisensor/release/target/sensorplatform/multisensor/sensor/imu.o
 .text._ZN3IMU11AccelSensor4stopEP6Sensor
                0x08003d90       0x14 build/sensorplatform/multisensor/release/target/sensorplatform/multisensor/sensor/imu.o
                0x08003d90                IMU::AccelSensor::stop(Sensor*)
 .text._ZN3IMU10GyroSensor5startEP6Sensori
                0x08003da4       0x50 build/sensorplatform/multisensor/release/target/sensorplatform/multisensor/sensor/imu.o
                0x08003da4                IMU::GyroSensor::start(Sensor*, int)
 .text._ZN3IMU9MagSensor4stopEP6Sensor
                0x08003df4       0x14 build/sensorplatform/multisensor/release/target/sensorplatform/multisensor/sensor/imu.o
                0x08003df4                IMU::MagSensor::stop(Sensor*)
 .text._ZN3IMUL8readFastEPvi
                0x08003e08       0x14 build/sensorplatform/multisensor/release/target/sensorplatform/multisensor/sensor/imu.o
 .text._ZN3IMUL7i2cReadEh
                0x08003e1c       0x50 build/sensorplatform/multisensor/release/target/sensorplatform/multisensor/sensor/imu.o
 .text._ZN3IMUL8i2cWriteEhh
                0x08003e6c       0x38 build/sensorplatform/multisensor/release/target/sensorplatform/multisensor/sensor/imu.o
 .text._ZN3IMU11AccelSensor7captureEP6Sensor
                0x08003ea4       0x50 build/sensorplatform/multisensor/release/target/sensorplatform/multisensor/sensor/imu.o
                0x08003ea4                IMU::AccelSensor::capture(Sensor*)
 .text._ZN3IMU10GyroSensor7captureEP6Sensor
                0x08003ef4       0x54 build/sensorplatform/multisensor/release/target/sensorplatform/multisensor/sensor/imu.o
                0x08003ef4                IMU::GyroSensor::capture(Sensor*)
 .text._ZN3IMU9MagSensor7captureEP6Sensor
                0x08003f48       0x60 build/sensorplatform/multisensor/release/target/sensorplatform/multisensor/sensor/imu.o
                0x08003f48                IMU::MagSensor::capture(Sensor*)
 .text._ZN3IMU10TempSensor7captureEP6Sensor
                0x08003fa8       0x30 build/sensorplatform/multisensor/release/target/sensorplatform/multisensor/sensor/imu.o
                0x08003fa8                IMU::TempSensor::capture(Sensor*)
 .text._ZN3IMU10TempSensor4initEP6Sensorb
                0x08003fd8       0x38 build/sensorplatform/multisensor/release/target/sensorplatform/multisensor/sensor/imu.o
                0x08003fd8                IMU::TempSensor::init(Sensor*, bool)
 .text._ZN3IMU11AccelSensor4initEP6Sensorb
                0x08004010       0x50 build/sensorplatform/multisensor/release/target/sensorplatform/multisensor/sensor/imu.o
                0x08004010                IMU::AccelSensor::init(Sensor*, bool)
 .text._ZN3IMU10GyroSensor4initEP6Sensorb
                0x08004060       0x48 build/sensorplatform/multisensor/release/target/sensorplatform/multisensor/sensor/imu.o
                0x08004060                IMU::GyroSensor::init(Sensor*, bool)
 .text._ZN3IMU11AccelSensor5startEP6Sensori
                0x080040a8       0x54 build/sensorplatform/multisensor/release/target/sensorplatform/multisensor/sensor/imu.o
                0x080040a8                IMU::AccelSensor::start(Sensor*, int)
 .text._ZN3IMU9MagSensor4initEP6Sensorb
                0x080040fc       0xbc build/sensorplatform/multisensor/release/target/sensorplatform/multisensor/sensor/imu.o
                0x080040fc                IMU::MagSensor::init(Sensor*, bool)
 .text._ZN3IMU9MagSensor5startEP6Sensori
                0x080041b8       0xc0 build/sensorplatform/multisensor/release/target/sensorplatform/multisensor/sensor/imu.o
                0x080041b8                IMU::MagSensor::start(Sensor*, int)
 .text._ZN3IMU9powerDownEv
                0x08004278       0x64 build/sensorplatform/multisensor/release/target/sensorplatform/multisensor/sensor/imu.o
                0x08004278                IMU::powerDown()
 .text.startup._GLOBAL__sub_I__ZN3IMU15accelSensorTypeE
                0x080042dc       0xa8 build/sensorplatform/multisensor/release/target/sensorplatform/multisensor/sensor/imu.o
 .text._ZN4Baro14PressureSensor6verifyEP6SensorPN12SeriesHeader10SensorInfoE
                0x08004384       0x12 build/sensorplatform/multisensor/release/target/sensorplatform/multisensor/sensor/baro.o
                0x08004384                Baro::PressureSensor::verify(Sensor*, SeriesHeader::SensorInfo*)
 *fill*         0x08004396        0x2 
 .text._ZN4Baro14PressureSensor4stopEP6Sensor
                0x08004398       0x20 build/sensorplatform/multisensor/release/target/sensorplatform/multisensor/sensor/baro.o
                0x08004398                Baro::PressureSensor::stop(Sensor*)
 .text._ZN4Baro14PressureSensor7captureEP6Sensor
                0x080043b8       0x54 build/sensorplatform/multisensor/release/target/sensorplatform/multisensor/sensor/baro.o
                0x080043b8                Baro::PressureSensor::capture(Sensor*)
 .text._ZN4Baro14PressureSensor4initEP6Sensorb
                0x0800440c       0x78 build/sensorplatform/multisensor/release/target/sensorplatform/multisensor/sensor/baro.o
                0x0800440c                Baro::PressureSensor::init(Sensor*, bool)
 .text._ZN4Baro14PressureSensor5startEP6Sensori
                0x08004484       0x50 build/sensorplatform/multisensor/release/target/sensorplatform/multisensor/sensor/baro.o
                0x08004484                Baro::PressureSensor::start(Sensor*, int)
 .text.startup._GLOBAL__sub_I__ZN4Baro18pressureSensorTypeE
                0x080044d4       0x28 build/sensorplatform/multisensor/release/target/sensorplatform/multisensor/sensor/baro.o
 .text._ZN5Hygro14HumiditySensor6verifyEP6SensorPN12SeriesHeader10SensorInfoE
                0x080044fc       0x2c build/sensorplatform/multisensor/release/target/sensorplatform/multisensor/sensor/hygro.o
                0x080044fc                Hygro::HumiditySensor::verify(Sensor*, SeriesHeader::SensorInfo*)
 .text.startup._GLOBAL__sub_I__ZN5Hygro18humiditySensorTypeE
                0x08004528       0x28 build/sensorplatform/multisensor/release/target/sensorplatform/multisensor/sensor/hygro.o
 .text._ZN5Hygro14HumiditySensor4initEP6Sensorb
                0x08004550       0x90 build/sensorplatform/multisensor/release/target/sensorplatform/multisensor/sensor/hygro.o
                0x08004550                Hygro::HumiditySensor::init(Sensor*, bool)
 .text._ZN5HygroL7sendCmdEh
                0x080045e0       0x38 build/sensorplatform/multisensor/release/target/sensorplatform/multisensor/sensor/hygro.o
 .text._ZN5Hygro14HumiditySensor5startEP6Sensori
                0x08004618       0x90 build/sensorplatform/multisensor/release/target/sensorplatform/multisensor/sensor/hygro.o
                0x08004618                Hygro::HumiditySensor::start(Sensor*, int)
 .text._ZN5HygroL13collectResultEv
                0x080046a8       0x38 build/sensorplatform/multisensor/release/target/sensorplatform/multisensor/sensor/hygro.o
 .text._ZN5Hygro14HumiditySensor4stopEP6Sensor
                0x080046e0       0x24 build/sensorplatform/multisensor/release/target/sensorplatform/multisensor/sensor/hygro.o
                0x080046e0                Hygro::HumiditySensor::stop(Sensor*)
 .text._ZN5Hygro14HumiditySensor7captureEP6Sensor
                0x08004704       0x5c build/sensorplatform/multisensor/release/target/sensorplatform/multisensor/sensor/hygro.o
                0x08004704                Hygro::HumiditySensor::capture(Sensor*)
 .text._ZN5Light15IntensitySensor6verifyEP6SensorPN12SeriesHeader10SensorInfoE
                0x08004760       0x38 build/sensorplatform/multisensor/release/target/sensorplatform/multisensor/sensor/light.o
                0x08004760                Light::IntensitySensor::verify(Sensor*, SeriesHeader::SensorInfo*)
 .text._ZN5Light15IntensitySensor4stopEP6Sensor
                0x08004798       0x20 build/sensorplatform/multisensor/release/target/sensorplatform/multisensor/sensor/light.o
                0x08004798                Light::IntensitySensor::stop(Sensor*)
 .text._ZN5Light15IntensitySensor7captureEP6Sensor
                0x080047b8       0x60 build/sensorplatform/multisensor/release/target/sensorplatform/multisensor/sensor/light.o
                0x080047b8                Light::IntensitySensor::capture(Sensor*)
 .text._ZN5Light15IntensitySensor4initEP6Sensorb
                0x08004818       0x5c build/sensorplatform/multisensor/release/target/sensorplatform/multisensor/sensor/light.o
                0x08004818                Light::IntensitySensor::init(Sensor*, bool)
 .text._ZN5Light15IntensitySensor5startEP6Sensori
                0x08004874       0x9c build/sensorplatform/multisensor/release/target/sensorplatform/multisensor/sensor/light.o
                0x08004874                Light::IntensitySensor::start(Sensor*, int)
 .text.startup._GLOBAL__sub_I__ZN5Light19intensitySensorTypeE
                0x08004910       0x28 build/sensorplatform/multisensor/release/target/sensorplatform/multisensor/sensor/light.o
 .text._ZN5STM323RCC10initClocksEv
                0x08004938       0x4c build/sensorplatform/multisensor/release/soc/stm32/f0/rcc.o
                0x08004938                STM32::RCC::initClocks()
 .text._ZN5STM323RCC4initEv
                0x08004984       0x34 build/sensorplatform/multisensor/release/soc/stm32/f0/rcc.o
                0x08004984                STM32::RCC::init()
 .text.clockgate_enable
                0x080049b8       0x38 build/sensorplatform/multisensor/release/soc/stm32/f0/rcc.o
                0x080049b8                clockgate_enable
 .text.clockgate_enable_getold
                0x080049f0       0x40 build/sensorplatform/multisensor/release/soc/stm32/f0/rcc.o
                0x080049f0                clockgate_enable_getold
 .text.resetline_assert
                0x08004a30        0xa build/sensorplatform/multisensor/release/soc/stm32/f0/rcc.o
                0x08004a30                resetline_assert
 *fill*         0x08004a3a        0x2 
 .text._ZN5STM323USB11drvGetStallEN3USB14EndpointNumberE
                0x08004a3c       0x20 build/sensorplatform/multisensor/release/soc/stm32/f0/usb.o
                0x08004a3c                STM32::USB::drvGetStall(USB::EndpointNumber)
 .text._ZN5STM323USB8setStallEN3USB14EndpointNumberEb
                0x08004a5c       0x70 build/sensorplatform/multisensor/release/soc/stm32/f0/usb.o
                0x08004a5c                STM32::USB::setStall(USB::EndpointNumber, bool)
 .text._ZN5STM323USB11configureEpEN3USB14EndpointNumberENS1_12EndpointTypeEi
                0x08004acc       0x70 build/sensorplatform/multisensor/release/soc/stm32/f0/usb.o
                0x08004acc                STM32::USB::configureEp(USB::EndpointNumber, USB::EndpointType, int)
 .text._ZN5STM323USB13unconfigureEpEN3USB14EndpointNumberE
                0x08004b3c       0x18 build/sensorplatform/multisensor/release/soc/stm32/f0/usb.o
                0x08004b3c                STM32::USB::unconfigureEp(USB::EndpointNumber)
 .text._ZN5STM323USB18getMaxTransferSizeEN3USB14EndpointNumberE
                0x08004b54        0x8 build/sensorplatform/multisensor/release/soc/stm32/f0/usb.o
                0x08004b54                STM32::USB::getMaxTransferSize(USB::EndpointNumber)
 .text._ZN5STM323USB8drvStartEv
                0x08004b5c       0x8c build/sensorplatform/multisensor/release/soc/stm32/f0/usb.o
                0x08004b5c                STM32::USB::drvStart()
 .text._ZN5STM323USB7drvStopEv
                0x08004be8       0x2c build/sensorplatform/multisensor/release/soc/stm32/f0/usb.o
                0x08004be8                STM32::USB::drvStop()
 .text._ZN5STM323USB9copyToPMAEPvPKvi
                0x08004c14       0x24 build/sensorplatform/multisensor/release/soc/stm32/f0/usb.o
                0x08004c14                STM32::USB::copyToPMA(void*, void const*, int)
 .text._ZN5STM323USB13drvEp0StartTxEPKvi
                0x08004c38       0x54 build/sensorplatform/multisensor/release/soc/stm32/f0/usb.o
                0x08004c38                STM32::USB::drvEp0StartTx(void const*, int)
 .text._ZN5STM323USB11copyFromPMAEPvPKvi
                0x08004c8c       0x24 build/sensorplatform/multisensor/release/soc/stm32/f0/usb.o
                0x08004c8c                STM32::USB::copyFromPMA(void*, void const*, int)
 .text._ZN5STM323USB9setRxSizeEN3USB14EndpointNumberEi
                0x08004cb0       0x44 build/sensorplatform/multisensor/release/soc/stm32/f0/usb.o
                0x08004cb0                STM32::USB::setRxSize(USB::EndpointNumber, int)
 .text._ZN5STM323USB13drvEp0StartRxEbi
                0x08004cf4       0x40 build/sensorplatform/multisensor/release/soc/stm32/f0/usb.o
                0x08004cf4                STM32::USB::drvEp0StartRx(bool, int)
 .text._ZN5STM323USB7startRxEN3USB14EndpointNumberEPvi
                0x08004d34       0x44 build/sensorplatform/multisensor/release/soc/stm32/f0/usb.o
                0x08004d34                STM32::USB::startRx(USB::EndpointNumber, void*, int)
 .text._ZN5STM323USB10setAddressEh
                0x08004d78       0x18 build/sensorplatform/multisensor/release/soc/stm32/f0/usb.o
                0x08004d78                STM32::USB::setAddress(unsigned char)
 .text._ZN5STM323USB13drvSetAddressEh
                0x08004d90       0x12 build/sensorplatform/multisensor/release/soc/stm32/f0/usb.o
                0x08004d90                STM32::USB::drvSetAddress(unsigned char)
 *fill*         0x08004da2        0x2 
 .text._ZN5STM323USB8pushDataEN3USB14EndpointNumberE
                0x08004da4       0x54 build/sensorplatform/multisensor/release/soc/stm32/f0/usb.o
                0x08004da4                STM32::USB::pushData(USB::EndpointNumber)
 .text._ZN5STM323USB7startTxEN3USB14EndpointNumberEPKvi
                0x08004df8       0x44 build/sensorplatform/multisensor/release/soc/stm32/f0/usb.o
                0x08004df8                STM32::USB::startTx(USB::EndpointNumber, void const*, int)
 .text._ZN5STM323USB17handleIrqInternalEv
                0x08004e3c      0x1cc build/sensorplatform/multisensor/release/soc/stm32/f0/usb.o
                0x08004e3c                STM32::USB::handleIrqInternal()
 .text._ZN5STM323USB9handleIrqEv
                0x08005008       0x20 build/sensorplatform/multisensor/release/soc/stm32/f0/usb.o
                0x08005008                STM32::USB::handleIrq()
 .text.usb_irqhandler
                0x08005028        0x8 build/sensorplatform/multisensor/release/soc/stm32/f0/usb.o
                0x08005028                usb_irqhandler
 .text._Z11init_stage2v
                0x08005030       0x58 build/sensorplatform/multisensor/release/soc/stm32/init.o
                0x08005030                init_stage2()
 .text.init     0x08005088       0x18 build/sensorplatform/multisensor/release/soc/stm32/init.o
                0x08005088                init
 .text._ZN5STM323PWR4initEv
                0x080050a0       0x20 build/sensorplatform/multisensor/release/soc/stm32/pwr.o
                0x080050a0                STM32::PWR::init()
 .text._ZN5STM325FLASH4initEv
                0x080050c0        0xc build/sensorplatform/multisensor/release/soc/stm32/flash.o
                0x080050c0                STM32::FLASH::init()
 .text._ZN5STM326SYSCFG4initEv
                0x080050cc       0x1c build/sensorplatform/multisensor/release/soc/stm32/syscfg.o
                0x080050cc                STM32::SYSCFG::init()
 .text._ZNK5STM324GPIO13PinController12getLevelFastEj
                0x080050e8       0x1a build/sensorplatform/multisensor/release/soc/stm32/gpio.o
                0x080050e8                STM32::GPIO::PinController::getLevelFast(unsigned int) const
 .text._ZNK5STM324GPIO13PinController12setLevelFastEjb
                0x08005102       0x1a build/sensorplatform/multisensor/release/soc/stm32/gpio.o
                0x08005102                STM32::GPIO::PinController::setLevelFast(unsigned int, bool) const
 .text._ZNK5STM324GPIO13PinController8getLevelEj
                0x0800511c       0x32 build/sensorplatform/multisensor/release/soc/stm32/gpio.o
                0x0800511c                STM32::GPIO::PinController::getLevel(unsigned int) const
 .text._ZNK5STM324GPIO13PinController8setLevelEjb
                0x0800514e       0x34 build/sensorplatform/multisensor/release/soc/stm32/gpio.o
                0x0800514e                STM32::GPIO::PinController::setLevel(unsigned int, bool) const
 .text._ZN5STM32L13gpio_set_bitsEPVmjmj
                0x08005182       0x44 build/sensorplatform/multisensor/release/soc/stm32/gpio.o
 .text._ZNK5STM324GPIO13PinController7setModeEjN4GPIO4modeE
                0x080051c6        0xe build/sensorplatform/multisensor/release/soc/stm32/gpio.o
                0x080051c6                STM32::GPIO::PinController::setMode(unsigned int, GPIO::mode) const
 .text._ZNK5STM324GPIO13PinController7setTypeEjN4GPIO4typeE
                0x080051d4       0x10 build/sensorplatform/multisensor/release/soc/stm32/gpio.o
                0x080051d4                STM32::GPIO::PinController::setType(unsigned int, GPIO::type) const
 .text._ZNK5STM324GPIO13PinController7setPullEjN4GPIO4pullE
                0x080051e4       0x10 build/sensorplatform/multisensor/release/soc/stm32/gpio.o
                0x080051e4                STM32::GPIO::PinController::setPull(unsigned int, GPIO::pull) const
 .text._ZNK5STM324GPIO13PinController10enableFastEjb
                0x080051f4       0x10 build/sensorplatform/multisensor/release/soc/stm32/gpio.o
                0x080051f4                STM32::GPIO::PinController::enableFast(unsigned int, bool) const
 .text._ZN5STM324GPIO4initEv
                0x08005204       0x8c build/sensorplatform/multisensor/release/soc/stm32/gpio.o
                0x08005204                STM32::GPIO::init()
 .text._ZNK5STM324GPIO13PinController10setSpecialEjNS0_7SpecialE
                0x08005290       0x1c build/sensorplatform/multisensor/release/soc/stm32/gpio.o
                0x08005290                STM32::GPIO::PinController::setSpecial(unsigned int, STM32::GPIO::Special) const
 .text._ZNK5STM324GPIO13PinController10setSpecialEji
                0x080052ac        0xc build/sensorplatform/multisensor/release/soc/stm32/gpio.o
                0x080052ac                STM32::GPIO::PinController::setSpecial(unsigned int, int) const
 .text._ZN5STM324EXTI9configureENS0_6SourceENS0_6ConfigE
                0x080052b8       0x54 build/sensorplatform/multisensor/release/soc/stm32/exti.o
                0x080052b8                STM32::EXTI::configure(STM32::EXTI::Source, STM32::EXTI::Config)
 .text._ZN5STM324EXTI9configureEN4GPIO3PinENS0_6ConfigE
                0x0800530c       0x50 build/sensorplatform/multisensor/release/soc/stm32/exti.o
                0x0800530c                STM32::EXTI::configure(GPIO::Pin, STM32::EXTI::Config)
 .text._ZN5STM324EXTI9enableIRQENS0_6SourceEb
                0x0800535c       0x1c build/sensorplatform/multisensor/release/soc/stm32/exti.o
                0x0800535c                STM32::EXTI::enableIRQ(STM32::EXTI::Source, bool)
 .text._ZN5STM324EXTI9enableIRQEN4GPIO3PinEb
                0x08005378        0xc build/sensorplatform/multisensor/release/soc/stm32/exti.o
                0x08005378                STM32::EXTI::enableIRQ(GPIO::Pin, bool)
 .text._ZN5STM324EXTI10getPendingENS0_6SourceE
                0x08005384       0x14 build/sensorplatform/multisensor/release/soc/stm32/exti.o
                0x08005384                STM32::EXTI::getPending(STM32::EXTI::Source)
 .text._ZN5STM324EXTI10getPendingEN4GPIO3PinE
                0x08005398        0xc build/sensorplatform/multisensor/release/soc/stm32/exti.o
                0x08005398                STM32::EXTI::getPending(GPIO::Pin)
 .text._ZN5STM324EXTI12clearPendingENS0_6SourceE
                0x080053a4       0x10 build/sensorplatform/multisensor/release/soc/stm32/exti.o
                0x080053a4                STM32::EXTI::clearPending(STM32::EXTI::Source)
 .text._ZN5STM324EXTI12clearPendingEN4GPIO3PinE
                0x080053b4       0x14 build/sensorplatform/multisensor/release/soc/stm32/exti.o
                0x080053b4                STM32::EXTI::clearPending(GPIO::Pin)
 .text.crc32    0x080053c8       0x34 build/sensorplatform/multisensor/release/soc/stm32/crc32.o
                0x080053c8                crc32
 .text._ZN4GPIO8getLevelENS_3PinE
                0x080053fc       0x10 build/sensorplatform/multisensor/release/interface/gpio/gpio.o
                0x080053fc                GPIO::getLevel(GPIO::Pin)
 .text._ZN4GPIO8setLevelENS_3PinEb
                0x0800540c       0x14 build/sensorplatform/multisensor/release/interface/gpio/gpio.o
                0x0800540c                GPIO::setLevel(GPIO::Pin, bool)
 .text._ZN4GPIO9configureENS_3PinENS_4modeEb
                0x08005420       0x20 build/sensorplatform/multisensor/release/interface/gpio/gpio.o
                0x08005420                GPIO::configure(GPIO::Pin, GPIO::mode, bool)
 .text._ZN4GPIO7setPullENS_3PinENS_4pullE
                0x08005440       0x14 build/sensorplatform/multisensor/release/interface/gpio/gpio.o
                0x08005440                GPIO::setPull(GPIO::Pin, GPIO::pull)
 .text._ZN4GPIO10enableFastENS_3PinEb
                0x08005454       0x14 build/sensorplatform/multisensor/release/interface/gpio/gpio.o
                0x08005454                GPIO::enableFast(GPIO::Pin, bool)
 .text._ZN4GPIO12getLevelFastENS_3PinE
                0x08005468       0x10 build/sensorplatform/multisensor/release/interface/gpio/gpio.o
                0x08005468                GPIO::getLevelFast(GPIO::Pin)
 .text._ZN4GPIO12setLevelFastENS_3PinEb
                0x08005478       0x14 build/sensorplatform/multisensor/release/interface/gpio/gpio.o
                0x08005478                GPIO::setLevelFast(GPIO::Pin, bool)
 .text.__aeabi_lmul
                0x0800548c       0x30 build/sensorplatform/multisensor/release/cpu/arm/cortexm/util_asm.o
                0x0800548c                __aeabi_lmul
 .text.__aeabi_uidivmod
                0x080054bc       0x40 build/sensorplatform/multisensor/release/cpu/arm/cortexm/util_asm.o
                0x080054c4                __aeabi_uidivmod
                0x080054c4                __aeabi_uidiv
 .text.__aeabi_idiv
                0x080054fc       0x1e build/sensorplatform/multisensor/release/cpu/arm/cortexm/util_asm.o
                0x080054fc                __aeabi_idiv
 .text.__gnu_thumb1_case_uqi
                0x0800551a       0x12 build/sensorplatform/multisensor/release/cpu/arm/cortexm/util_asm.o
                0x0800551a                __gnu_thumb1_case_uqi
 .text.__gnu_thumb1_case_uhi
                0x0800552c       0x14 build/sensorplatform/multisensor/release/cpu/arm/cortexm/util_asm.o
                0x0800552c                __gnu_thumb1_case_uhi
 .text.idle     0x08005540        0x4 build/sensorplatform/multisensor/release/cpu/arm/cortexm/cortexutil.o
                0x08005540                idle
 .text.breakpoint
                0x08005544        0x4 build/sensorplatform/multisensor/release/cpu/arm/cortexm/cortexutil.o
                0x08005544                breakpoint
 .text.reset    0x08005548       0x18 build/sensorplatform/multisensor/release/cpu/arm/cortexm/cortexutil.o
                0x08005548                reset
 .text.enter_critical_section
                0x08005560        0x4 build/sensorplatform/multisensor/release/cpu/arm/cortexm/cortexutil.o
                0x08005560                enter_critical_section
 .text.leave_critical_section
                0x08005564        0x4 build/sensorplatform/multisensor/release/cpu/arm/cortexm/cortexutil.o
                0x08005564                leave_critical_section
 .text.get_critsec_state
                0x08005568        0x6 build/sensorplatform/multisensor/release/cpu/arm/cortexm/cortexutil.o
                0x08005568                get_critsec_state
 *fill*         0x0800556e        0x2 
 .text.irq_enable
                0x08005570       0x20 build/sensorplatform/multisensor/release/cpu/arm/cortexm/irq.o
                0x08005570                irq_enable
 .text.irq_clear_pending
                0x08005590       0x18 build/sensorplatform/multisensor/release/cpu/arm/cortexm/irq.o
                0x08005590                irq_clear_pending
 .text.irq_set_pending
                0x080055a8       0x10 build/sensorplatform/multisensor/release/cpu/arm/cortexm/irq.o
                0x080055a8                irq_set_pending
 .text.irq_set_priority
                0x080055b8       0x68 build/sensorplatform/multisensor/release/cpu/arm/cortexm/irq.o
                0x080055b8                irq_set_priority
 .text.fault_handler
                0x08005620        0x6 build/sensorplatform/multisensor/release/cpu/arm/cortexm/vectors.o
                0x08005620                unknown5_faulthandler
                0x08005620                fault_handler
                0x08005620                unknown1_faulthandler
                0x08005620                unknown2_faulthandler
                0x08005620                unknown3_faulthandler
                0x08005620                SysTick_faulthandler
                0x08005620                SVCall_faulthandler
                0x08005620                DebugMonitor_faulthandler
                0x08005620                unknown4_faulthandler
 .text.unhandled_irq_handler
                0x08005626        0x8 build/sensorplatform/multisensor/release/cpu/arm/cortexm/vectors.o
                0x08005626                exti2_3_irqhandler
                0x08005626                flash_irqhandler
                0x08005626                usart3_8_irqhandler
                0x08005626                tim17_irqhandler
                0x08005626                dma1_stream1_irqhandler
                0x08005626                wwdg_irqhandler
                0x08005626                exti0_1_irqhandler
                0x08005626                spi1_irqhandler
                0x08005626                tsc_irqhandler
                0x08005626                tim1_cc_irqhandler
                0x08005626                usart2_irqhandler
                0x08005626                tim14_irqhandler
                0x08005626                tim6_dac_irqhandler
                0x08005626                pvd_vddio2_irqhandler
                0x08005626                rcc_cr2_irqhandler
                0x08005626                tim3_irqhandler
                0x08005626                tim16_irqhandler
                0x08005626                cec_can_irqhandler
                0x08005626                tim1_brk_up_trg_com_irqhandler
                0x08005626                usart1_irqhandler
                0x08005626                adc_comp_irqhandler
                0x08005626                spi2_irqhandler
                0x08005626                unhandled_irq_handler
                0x08005626                tim15_irqhandler
 .text.memset   0x0800562e       0x10 build/sensorplatform/multisensor/release/cpu/arm/util.o
                0x0800562e                memset
 .text.memmove  0x0800563e       0x6a build/sensorplatform/multisensor/release/cpu/arm/util.o
                0x0800563e                memcpy
                0x0800563e                memmove
 .text._ZN3USB3USB11unconfigureEv
                0x080056a8       0x50 build/sensorplatform/multisensor/release/interface/usb/usb.o
                0x080056a8                USB::USB::unconfigure()
 .text._ZN3USB3USB12findEndpointENS_14EndpointNumberEPiS2_
                0x080056f8       0x64 build/sensorplatform/multisensor/release/interface/usb/usb.o
                0x080056f8                USB::USB::findEndpoint(USB::EndpointNumber, int*, int*)
 .text._ZN3USB3USB18handleXferCompleteENS_14EndpointNumberEi
                0x0800575c       0x50 build/sensorplatform/multisensor/release/interface/usb/usb.o
                0x0800575c                USB::USB::handleXferComplete(USB::EndpointNumber, int)
 .text._ZN3USB3USB10ep0StartRxEbiPFbPS0_NS_14EndpointNumberEiE
                0x080057ac        0xc build/sensorplatform/multisensor/release/interface/usb/usb.o
                0x080057ac                USB::USB::ep0StartRx(bool, int, bool (*)(USB::USB*, USB::EndpointNumber, int))
 .text._ZN3USB3USB14handleBusResetEi
                0x080057b8       0x50 build/sensorplatform/multisensor/release/interface/usb/usb.o
                0x080057b8                USB::USB::handleBusReset(int)
 .text._ZN3USB3USB10ep0StartTxEPKviPFbPS0_NS_14EndpointNumberEiE
                0x08005808       0x2c build/sensorplatform/multisensor/release/interface/usb/usb.o
                0x08005808                USB::USB::ep0StartTx(void const*, int, bool (*)(USB::USB*, USB::EndpointNumber, int))
 .text._ZN3USB3USB17ep0FullTxCallbackENS_14EndpointNumberEi
                0x08005834       0x64 build/sensorplatform/multisensor/release/interface/usb/usb.o
                0x08005834                USB::USB::ep0FullTxCallback(USB::EndpointNumber, int)
 .text._ZN3USB3USB17ep0FullTxCallbackEPS0_NS_14EndpointNumberEi
                0x08005898        0x8 build/sensorplatform/multisensor/release/interface/usb/usb.o
                0x08005898                USB::USB::ep0FullTxCallback(USB::USB*, USB::EndpointNumber, int)
 .text._ZN3USB3USB14handleEp0SetupEPNS_11SetupPacketE
                0x080058a0      0x3c0 build/sensorplatform/multisensor/release/interface/usb/usb.o
                0x080058a0                USB::USB::handleEp0Setup(USB::SetupPacket*)
 .text._ZN3USB3USB19handleSetupReceivedENS_14EndpointNumberEm
                0x08005c60       0x4e build/sensorplatform/multisensor/release/interface/usb/usb.o
                0x08005c60                USB::USB::handleSetupReceived(USB::EndpointNumber, unsigned long)
 *fill*         0x08005cae        0x2 
 .text._ZN3USB3USB18ep0ShortTxCallbackENS_14EndpointNumberEi
                0x08005cb0       0x2c build/sensorplatform/multisensor/release/interface/usb/usb.o
                0x08005cb0                USB::USB::ep0ShortTxCallback(USB::EndpointNumber, int)
 .text._ZN3USB3USB18ep0ShortTxCallbackEPS0_NS_14EndpointNumberEi
                0x08005cdc        0x8 build/sensorplatform/multisensor/release/interface/usb/usb.o
                0x08005cdc                USB::USB::ep0ShortTxCallback(USB::USB*, USB::EndpointNumber, int)
 .text._ZN3USB3USB14ep0AckCallbackENS_14EndpointNumberEi
                0x08005ce4       0x32 build/sensorplatform/multisensor/release/interface/usb/usb.o
                0x08005ce4                USB::USB::ep0AckCallback(USB::EndpointNumber, int)
 .text._ZN3USB3USB14ep0AckCallbackEPS0_NS_14EndpointNumberEi
                0x08005d16        0x8 build/sensorplatform/multisensor/release/interface/usb/usb.o
                0x08005d16                USB::USB::ep0AckCallback(USB::USB*, USB::EndpointNumber, int)
 *fill*         0x08005d1e        0x2 
 .text._ZN3I2C3Bus8readRegsEiiPvi
                0x08005d20       0x5c build/sensorplatform/multisensor/release/interface/i2c/i2c.o
                0x08005d20                I2C::Bus::readRegs(int, int, void*, int)
 .text._ZN3I2C3Bus9writeRegsEiiPKvi
                0x08005d7c       0x5c build/sensorplatform/multisensor/release/interface/i2c/i2c.o
                0x08005d7c                I2C::Bus::writeRegs(int, int, void const*, int)
                0x08005dd8                . = ALIGN (0x4)
                0x08005dd8                _init_array = .
 *(.init_array)
 .init_array    0x08005dd8        0x4 build/sensorplatform/multisensor/release/target/sensorplatform/multisensor/usb.o
 .init_array    0x08005ddc        0x4 build/sensorplatform/multisensor/release/target/sensorplatform/multisensor/sensor/timing.o
 .init_array    0x08005de0        0x4 build/sensorplatform/multisensor/release/target/sensorplatform/multisensor/sensor/telemetry.o
 .init_array    0x08005de4        0x4 build/sensorplatform/multisensor/release/target/sensorplatform/multisensor/sensor/imu.o
 .init_array    0x08005de8        0x4 build/sensorplatform/multisensor/release/target/sensorplatform/multisensor/sensor/baro.o
 .init_array    0x08005dec        0x4 build/sensorplatform/multisensor/release/target/sensorplatform/multisensor/sensor/hygro.o
 .init_array    0x08005df0        0x4 build/sensorplatform/multisensor/release/target/sensorplatform/multisensor/sensor/light.o
 *(.init_array.*)
                0x08005df4                _init_array_end = .
                0x08005df4                . = ALIGN (0x4)
 *(.rodata)
 .rodata        0x08005df4       0x20 build/sensorplatform/multisensor/release/target/sensorplatform/multisensor/sensor/imu.o
 *(.rodata.*)
 .rodata.hextab
                0x08005e14       0x10 build/sensorplatform/multisensor/release/sys/util.o
                0x08005e14                hextab
 .rodata._ZN3IRQL10dpcHandlerE
                0x08005e24        0xc build/sensorplatform/multisensor/release/target/sensorplatform/multisensor/irq.o
 .rodata._ZN5RadioL8dmaRxCfgE
                0x08005e30        0x4 build/sensorplatform/multisensor/release/target/sensorplatform/multisensor/radio.o
 .rodata._ZN5RadioL10dummyTxCfgE
                0x08005e34        0x4 build/sensorplatform/multisensor/release/target/sensorplatform/multisensor/radio.o
 .rodata._ZN2RFL15BEACON_RF_SETUPE
                0x08005e38        0x1 build/sensorplatform/multisensor/release/target/sensorplatform/multisensor/radio.o
 .rodata._ZN5RadioL15dataRateMappingE
                0x08005e39        0x4 build/sensorplatform/multisensor/release/target/sensorplatform/multisensor/radio.o
 *fill*         0x08005e3d        0x3 
 .rodata._ZN5RadioL8dmaTxCfgE
                0x08005e40        0x4 build/sensorplatform/multisensor/release/target/sensorplatform/multisensor/radio.o
 *fill*         0x08005e44        0x4 
 .rodata._ZTVN13NodeInterface14NodeAltsetting15DataOutEndpointE
                0x08005e48       0x18 build/sensorplatform/multisensor/release/target/sensorplatform/multisensor/usb.o
                0x08005e48                vtable for NodeInterface::NodeAltsetting::DataOutEndpoint
 .rodata._ZTVN13NodeInterface14NodeAltsetting14DataInEndpointE
                0x08005e60       0x18 build/sensorplatform/multisensor/release/target/sensorplatform/multisensor/usb.o
                0x08005e60                vtable for NodeInterface::NodeAltsetting::DataInEndpoint
 .rodata._ZTVN13NodeInterface14NodeAltsettingE
                0x08005e78       0x18 build/sensorplatform/multisensor/release/target/sensorplatform/multisensor/usb.o
                0x08005e78                vtable for NodeInterface::NodeAltsetting
 .rodata._ZTV17MainConfiguration
                0x08005e90       0x18 build/sensorplatform/multisensor/release/target/sensorplatform/multisensor/usb.o
                0x08005e90                vtable for MainConfiguration
 .rodata._ZL11usbStrDescs
                0x08005ea8       0x10 build/sensorplatform/multisensor/release/target/sensorplatform/multisensor/usb.o
 .rodata._ZN3USBL16STR_PRODUCT_NODEE
                0x08005eb8       0x38 build/sensorplatform/multisensor/release/target/sensorplatform/multisensor/usb.o
 .rodata._ZL10usbConfigs
                0x08005ef0        0x4 build/sensorplatform/multisensor/release/target/sensorplatform/multisensor/usb.o
 .rodata._ZL10usbBOSDesc
                0x08005ef4       0x21 build/sensorplatform/multisensor/release/target/sensorplatform/multisensor/usb.o
 .rodata._ZL10usbDevDesc
                0x08005f15       0x12 build/sensorplatform/multisensor/release/target/sensorplatform/multisensor/usb.o
 .rodata._ZN17MainConfiguration10descriptorE
                0x08005f27       0x20 build/sensorplatform/multisensor/release/target/sensorplatform/multisensor/usb.o
                0x08005f27                MainConfiguration::descriptor
 .rodata._ZL7wcidSet
                0x08005f47       0x1e build/sensorplatform/multisensor/release/target/sensorplatform/multisensor/usb.o
 .rodata._ZN3USBL10STR_VENDORE
                0x08005f65       0x24 build/sensorplatform/multisensor/release/target/sensorplatform/multisensor/usb.o
 .rodata._ZN3USBL12STR_LANGUAGEE
                0x08005f89        0x6 build/sensorplatform/multisensor/release/target/sensorplatform/multisensor/usb.o
 *fill*         0x08005f8f        0x1 
 .rodata._ZN2SDL9pollTxCfgE
                0x08005f90        0x4 build/sensorplatform/multisensor/release/target/sensorplatform/multisensor/sd.o
 .rodata._ZN2SDL10dummyTxCfgE
                0x08005f94        0x4 build/sensorplatform/multisensor/release/target/sensorplatform/multisensor/sd.o
 .rodata._ZN2SDL8dmaTxCfgE
                0x08005f98        0x4 build/sensorplatform/multisensor/release/target/sensorplatform/multisensor/sd.o
 .rodata._ZN2SDL8dmaRxCfgE
                0x08005f9c        0x4 build/sensorplatform/multisensor/release/target/sensorplatform/multisensor/sd.o
 .rodata._ZTV6I2CBus
                0x08005fa0       0x10 build/sensorplatform/multisensor/release/target/sensorplatform/multisensor/i2c.o
                0x08005fa0                vtable for I2CBus
 .rodata._ZL13i2c_resetline
                0x08005fb0        0x2 build/sensorplatform/multisensor/release/target/sensorplatform/multisensor/i2c.o
 *fill*         0x08005fb2        0x2 
 .rodata._ZN10SensorTaskL7sensorsE
                0x08005fb4      0x100 build/sensorplatform/multisensor/release/target/sensorplatform/multisensor/sensortask.o
 .rodata._ZN6Timing16timingSensorTypeE
                0x080060b4       0x28 build/sensorplatform/multisensor/release/target/sensorplatform/multisensor/sensor/timing.o
                0x080060b4                Timing::timingSensorType
 .rodata._ZN9Telemetry19telemetrySensorTypeE
                0x080060dc       0x28 build/sensorplatform/multisensor/release/target/sensorplatform/multisensor/sensor/telemetry.o
                0x080060dc                Telemetry::telemetrySensorType
 .rodata._ZN3IMU13magSensorTypeE
                0x08006104       0x28 build/sensorplatform/multisensor/release/target/sensorplatform/multisensor/sensor/imu.o
                0x08006104                IMU::magSensorType
 .rodata._ZN3IMU14gyroSensorTypeE
                0x0800612c       0x28 build/sensorplatform/multisensor/release/target/sensorplatform/multisensor/sensor/imu.o
                0x0800612c                IMU::gyroSensorType
 .rodata._ZN3IMU15accelSensorTypeE
                0x08006154       0x28 build/sensorplatform/multisensor/release/target/sensorplatform/multisensor/sensor/imu.o
                0x08006154                IMU::accelSensorType
 .rodata._ZN3IMU14tempSensorTypeE
                0x0800617c       0x28 build/sensorplatform/multisensor/release/target/sensorplatform/multisensor/sensor/imu.o
                0x0800617c                IMU::tempSensorType
 .rodata._ZN4Baro18pressureSensorTypeE
                0x080061a4       0x28 build/sensorplatform/multisensor/release/target/sensorplatform/multisensor/sensor/baro.o
                0x080061a4                Baro::pressureSensorType
 .rodata._ZN5Hygro18humiditySensorTypeE
                0x080061cc       0x28 build/sensorplatform/multisensor/release/target/sensorplatform/multisensor/sensor/hygro.o
                0x080061cc                Hygro::humiditySensorType
 .rodata._ZN5Light19intensitySensorTypeE
                0x080061f4       0x28 build/sensorplatform/multisensor/release/target/sensorplatform/multisensor/sensor/light.o
                0x080061f4                Light::intensitySensorType
 *fill*         0x0800621c        0x4 
 .rodata._ZTVN5STM323USBE
                0x08006220       0x38 build/sensorplatform/multisensor/release/soc/stm32/f0/usb.o
                0x08006220                vtable for STM32::USB
 .rodata._ZN5STM324GPIO10ControllerE
                0x08006258        0x4 build/sensorplatform/multisensor/release/soc/stm32/gpio.o
                0x08006258                STM32::GPIO::Controller
 *fill*         0x0800625c        0x4 
 .rodata._ZTVN5STM324GPIO13PinControllerE
                0x08006260       0x30 build/sensorplatform/multisensor/release/soc/stm32/gpio.o
                0x08006260                vtable for STM32::GPIO::PinController
                0x08006290                . = ALIGN (0x4)
 *(.dmarodata)
 *(.dmarodata.*)
                0x08006290                . = ALIGN (0x4)
                0x08006290                _text_end = .
                0x08006290                _data_src = _text_end

.glue_7         0x08006290        0x0
 .glue_7        0x00000000        0x0 linker stubs

.glue_7t        0x08006290        0x0
 .glue_7t       0x00000000        0x0 linker stubs

.vfp11_veneer   0x08006290        0x0
 .vfp11_veneer  0x00000000        0x0 linker stubs

.v4_bx          0x08006290        0x0
 .v4_bx         0x00000000        0x0 linker stubs

.iplt           0x08006290        0x0
 .iplt          0x00000000        0x0 build/sensorplatform/multisensor/release/sys/init.o

.rel.dyn        0x08006290        0x0
 .rel.iplt      0x00000000        0x0 build/sensorplatform/multisensor/release/sys/init.o

.stack          0x20000000      0x600
                0x20000000                _stack = .
                0x20000200                . = (. + _stack_size)
 *fill*         0x20000000      0x200 
                0x20000200                . = ALIGN (0x4)
                0x20000200                _stack_end = .
 *(.stack)
 .stack         0x20000200      0x200 build/sensorplatform/multisensor/release/target/sensorplatform/multisensor/sensortask.o
 .stack         0x20000400      0x200 build/sensorplatform/multisensor/release/target/sensorplatform/multisensor/storagetask.o
 *(.stack.*)
                0x20000600                _stacks_end = .

.data           0x20000600       0x6c load address 0x08006290
                0x20000600                _data = .
 *(.data)
 *(.data.*)
 .data._ZN5RadioL7dummyTxE
                0x20000600        0x1 build/sensorplatform/multisensor/release/target/sensorplatform/multisensor/radio.o
 .data._ZN5RadioL8radioCfgE
                0x20000601        0x1 build/sensorplatform/multisensor/release/target/sensorplatform/multisensor/radio.o
 *fill*         0x20000602        0x2 
 .data._ZN5Radio14noDataResponseE
                0x20000604       0x20 build/sensorplatform/multisensor/release/target/sensorplatform/multisensor/radio.o
                0x20000604                Radio::noDataResponse
 .data._ZN2SDL7dummyTxE
                0x20000624        0x1 build/sensorplatform/multisensor/release/target/sensorplatform/multisensor/sd.o
 *fill*         0x20000625        0x3 
 .data._ZN6I2CBus4I2C1E
                0x20000628       0x1c build/sensorplatform/multisensor/release/target/sensorplatform/multisensor/i2c.o
                0x20000628                I2CBus::I2C1
 .data._ZN6I2CBus4I2C2E
                0x20000644       0x1c build/sensorplatform/multisensor/release/target/sensorplatform/multisensor/i2c.o
                0x20000644                I2CBus::I2C2
 .data._ZN10SensorTask12taskStackPtrE
                0x20000660        0x4 build/sensorplatform/multisensor/release/target/sensorplatform/multisensor/sensortask.o
                0x20000660                SensorTask::taskStackPtr
 .data._ZN11StorageTask12taskStackPtrE
                0x20000664        0x4 build/sensorplatform/multisensor/release/target/sensorplatform/multisensor/storagetask.o
                0x20000664                StorageTask::taskStackPtr
 .data._ZN11StorageTask5stateE
                0x20000668        0x1 build/sensorplatform/multisensor/release/target/sensorplatform/multisensor/storagetask.o
                0x20000668                StorageTask::state
                0x2000066c                . = ALIGN (0x4)
 *fill*         0x20000669        0x3 
 *(.dmadata)
 *(.dmadata.*)
                0x2000066c                . = ALIGN (0x4)
                0x2000066c                _data_end = .

.igot.plt       0x2000066c        0x0 load address 0x080062fc
 .igot.plt      0x00000000        0x0 build/sensorplatform/multisensor/release/sys/init.o

.bss            0x20000670     0x3950 load address 0x08006300
                0x20000670                _bss = .
 *(.bss)
 *(.bss.*)
 .bss._ZN3DMAL5usersE
                0x20000670        0x1 build/sensorplatform/multisensor/release/target/sensorplatform/multisensor/driver/dma.o
 *fill*         0x20000671        0x3 
 .bss._ZN6RandomL5stateE
                0x20000674        0x4 build/sensorplatform/multisensor/release/target/sensorplatform/multisensor/driver/random.o
 .bss.mainBufValid
                0x20000678       0x18 build/sensorplatform/multisensor/release/target/sensorplatform/multisensor/common.o
                0x20000678                mainBufValid
 .bss.mainBuf   0x20000690     0x2ca0 build/sensorplatform/multisensor/release/target/sensorplatform/multisensor/common.o
                0x20000690                mainBuf
 .bss.mainBufSeq
                0x20003330       0x60 build/sensorplatform/multisensor/release/target/sensorplatform/multisensor/common.o
                0x20003330                mainBufSeq
 .bss.config    0x20003390      0x1f8 build/sensorplatform/multisensor/release/target/sensorplatform/multisensor/common.o
                0x20003390                config
 .bss._ZN3IRQL10dpcPendingE
                0x20003588        0x3 build/sensorplatform/multisensor/release/target/sensorplatform/multisensor/irq.o
 .bss._ZN5Radio12urgencyLevelE
                0x2000358b        0x1 build/sensorplatform/multisensor/release/target/sensorplatform/multisensor/radio.o
                0x2000358b                Radio::urgencyLevel
 .bss._ZN5Radio16globalTimeOffsetE
                0x2000358c        0x4 build/sensorplatform/multisensor/release/target/sensorplatform/multisensor/radio.o
                0x2000358c                Radio::globalTimeOffset
 .bss._ZN5RadioL14maxJitterUsecsE
                0x20003590        0x4 build/sensorplatform/multisensor/release/target/sensorplatform/multisensor/radio.o
 .bss._ZN5RadioL13txSubmitCountE
                0x20003594        0x1 build/sensorplatform/multisensor/release/target/sensorplatform/multisensor/radio.o
 *fill*         0x20003595        0x3 
 .bss._ZN5RadioL11spiDeadlineE
                0x20003598        0x4 build/sensorplatform/multisensor/release/target/sensorplatform/multisensor/radio.o
 .bss._ZN5RadioL14lastFrameTxBufE
                0x2000359c       0x1c build/sensorplatform/multisensor/release/target/sensorplatform/multisensor/radio.o
 .bss._ZN5RadioL8spiTxCfgE
                0x200035b8        0x4 build/sensorplatform/multisensor/release/target/sensorplatform/multisensor/radio.o
 .bss._ZN5RadioL11currentPageE
                0x200035bc        0x1 build/sensorplatform/multisensor/release/target/sensorplatform/multisensor/radio.o
 *fill*         0x200035bd        0x3 
 .bss._ZN5RadioL10guardUsecsE
                0x200035c0        0x4 build/sensorplatform/multisensor/release/target/sensorplatform/multisensor/radio.o
 .bss._ZN5RadioL19downloadImmediatelyE
                0x200035c4        0x1 build/sensorplatform/multisensor/release/target/sensorplatform/multisensor/radio.o
 .bss._ZN5RadioL10nextTxSlotE
                0x200035c5        0x1 build/sensorplatform/multisensor/release/target/sensorplatform/multisensor/radio.o
 .bss._ZN5Radio19failedAssocAttemptsE
                0x200035c6        0x1 build/sensorplatform/multisensor/release/target/sensorplatform/multisensor/radio.o
                0x200035c6                Radio::failedAssocAttempts
 .bss._ZN5RadioL6spiLenE
                0x200035c7        0x1 build/sensorplatform/multisensor/release/target/sensorplatform/multisensor/radio.o
 .bss._ZN5RadioL22previousFrameStartTimeE
                0x200035c8        0x4 build/sensorplatform/multisensor/release/target/sensorplatform/multisensor/radio.o
 .bss._ZN5RadioL10frameUsecsE
                0x200035cc        0x4 build/sensorplatform/multisensor/release/target/sensorplatform/multisensor/radio.o
 .bss._ZN5RadioL9txBufInfoE
                0x200035d0       0x20 build/sensorplatform/multisensor/release/target/sensorplatform/multisensor/radio.o
 .bss._ZN5Radio16lastIdentAttemptE
                0x200035f0        0x4 build/sensorplatform/multisensor/release/target/sensorplatform/multisensor/radio.o
                0x200035f0                Radio::lastIdentAttempt
 .bss._ZN5RadioL9rxReadPtrE
                0x200035f4        0x1 build/sensorplatform/multisensor/release/target/sensorplatform/multisensor/radio.o
 *fill*         0x200035f5        0x3 
 .bss._ZN5RadioL14pendingIRQTimeE
                0x200035f8        0x4 build/sensorplatform/multisensor/release/target/sensorplatform/multisensor/radio.o
 .bss._ZN5RadioL12currentStateE
                0x200035fc        0x1 build/sensorplatform/multisensor/release/target/sensorplatform/multisensor/radio.o
 *fill*         0x200035fd        0x3 
 .bss._ZN5RadioL11offsetUsecsE
                0x20003600        0x4 build/sensorplatform/multisensor/release/target/sensorplatform/multisensor/radio.o
 .bss._ZN5RadioL8cmdUsecsE
                0x20003604        0x4 build/sensorplatform/multisensor/release/target/sensorplatform/multisensor/radio.o
 .bss._ZN5RadioL12currentBlockE
                0x20003608        0x1 build/sensorplatform/multisensor/release/target/sensorplatform/multisensor/radio.o
 *fill*         0x20003609        0x3 
 .bss._ZN5RadioL8spiRxCfgE
                0x2000360c        0x4 build/sensorplatform/multisensor/release/target/sensorplatform/multisensor/radio.o
 .bss._ZN5RadioL22pendingIRQTimeAccurateE
                0x20003610        0x1 build/sensorplatform/multisensor/release/target/sensorplatform/multisensor/radio.o
 *fill*         0x20003611        0x3 
 .bss._ZN5RadioL13nodeIdTimeoutE
                0x20003614        0x4 build/sensorplatform/multisensor/release/target/sensorplatform/multisensor/radio.o
 .bss._ZN5RadioL9operatingE
                0x20003618        0x1 build/sensorplatform/multisensor/release/target/sensorplatform/multisensor/radio.o
 *fill*         0x20003619        0x3 
 .bss._ZN5RadioL6txDataE
                0x2000361c      0x400 build/sensorplatform/multisensor/release/target/sensorplatform/multisensor/radio.o
 .bss._ZN5RadioL9sofPacketE
                0x20003a1c       0x20 build/sensorplatform/multisensor/release/target/sensorplatform/multisensor/radio.o
 .bss._ZN5RadioL10guardDriftE
                0x20003a3c        0x1 build/sensorplatform/multisensor/release/target/sensorplatform/multisensor/radio.o
 .bss._ZN5RadioL7dummyRxE
                0x20003a3d        0x1 build/sensorplatform/multisensor/release/target/sensorplatform/multisensor/radio.o
 .bss._ZN5RadioL6spiPinE
                0x20003a3e        0x1 build/sensorplatform/multisensor/release/target/sensorplatform/multisensor/radio.o
 *fill*         0x20003a3f        0x1 
 .bss._ZN5RadioL6rxDataE
                0x20003a40       0x40 build/sensorplatform/multisensor/release/target/sensorplatform/multisensor/radio.o
 .bss._ZN5RadioL21capturedTxSubmitCountE
                0x20003a80        0x1 build/sensorplatform/multisensor/release/target/sensorplatform/multisensor/radio.o
 .bss._ZN5RadioL16spiOldClockStateE
                0x20003a81        0x1 build/sensorplatform/multisensor/release/target/sensorplatform/multisensor/radio.o
 .bss._ZN5RadioL13nodeIdChangedE
                0x20003a82        0x1 build/sensorplatform/multisensor/release/target/sensorplatform/multisensor/radio.o
 .bss._ZN5RadioL30previousFrameStartTimeAccurateE
                0x20003a83        0x1 build/sensorplatform/multisensor/release/target/sensorplatform/multisensor/radio.o
 .bss._ZN5RadioL12spiPrescalerE
                0x20003a84        0x1 build/sensorplatform/multisensor/release/target/sensorplatform/multisensor/radio.o
 .bss._ZN5RadioL16frameTaskRunningE
                0x20003a85        0x1 build/sensorplatform/multisensor/release/target/sensorplatform/multisensor/radio.o
 *fill*         0x20003a86        0x2 
 .bss._ZN5RadioL8spiTxBufE
                0x20003a88        0x4 build/sensorplatform/multisensor/release/target/sensorplatform/multisensor/radio.o
 .bss._ZN5Radio14seriesCompleteE
                0x20003a8c        0x1 build/sensorplatform/multisensor/release/target/sensorplatform/multisensor/radio.o
                0x20003a8c                Radio::seriesComplete
 .bss._ZN5Radio9measuringE
                0x20003a8d        0x1 build/sensorplatform/multisensor/release/target/sensorplatform/multisensor/radio.o
                0x20003a8d                Radio::measuring
 .bss._ZN5RadioL9dmaActiveE
                0x20003a8e        0x1 build/sensorplatform/multisensor/release/target/sensorplatform/multisensor/radio.o
 .bss._ZN5RadioL6nodeIdE
                0x20003a8f        0x1 build/sensorplatform/multisensor/release/target/sensorplatform/multisensor/radio.o
 .bss._ZN5RadioL9slotUsecsE
                0x20003a90        0x4 build/sensorplatform/multisensor/release/target/sensorplatform/multisensor/radio.o
 .bss._ZN5RadioL17txBufBeingWrittenE
                0x20003a94        0x1 build/sensorplatform/multisensor/release/target/sensorplatform/multisensor/radio.o
 .bss._ZN5RadioL15spiRequiredTimeE
                0x20003a95        0x1 build/sensorplatform/multisensor/release/target/sensorplatform/multisensor/radio.o
 *fill*         0x20003a96        0x2 
 .bss._ZN5RadioL12beaconPacketE